<?xml version="1.0" encoding="ISO-8859-1" ?>
<link_info>
   <banner>TI ARM Linker PC v20.2.5.LTS</banner>
   <copyright>Copyright (c) 1996-2018 Texas Instruments Incorporated</copyright>
   <link_time>0x6155aa2d</link_time>
   <link_errors>0x0</link_errors>
   <output_file>gpiointerrupt_CC3220S_LAUNCHXL_nortos_ccs.out</output_file>
   <entry_point>
      <name>resetISR</name>
      <address>0x2000e94d</address>
   </entry_point>
   <input_file_list>
      <input_file id="fl-2">
         <path>.\</path>
         <kind>object</kind>
         <file>gpiointerrupt.obj</file>
         <name>gpiointerrupt.obj</name>
      </input_file>
      <input_file id="fl-3">
         <path>.\syscfg\</path>
         <kind>object</kind>
         <file>ti_drivers_config.obj</file>
         <name>ti_drivers_config.obj</name>
      </input_file>
      <input_file id="fl-4">
         <path>.\</path>
         <kind>object</kind>
         <file>main_nortos.obj</file>
         <name>main_nortos.obj</name>
      </input_file>
      <input_file id="fl-d">
         <kind>object</kind>
         <file>&lt;internal&gt;</file>
         <name>&lt;internal&gt;</name>
      </input_file>
      <input_file id="fl-e">
         <path>C:\ti\simplelink_cc32xx_sdk_5_20_00_06\source\ti\drivers\lib\ccs\m4\</path>
         <kind>archive</kind>
         <file>drivers_cc32xx.a</file>
         <name>Timer.oem4</name>
      </input_file>
      <input_file id="fl-f">
         <path>C:\ti\simplelink_cc32xx_sdk_5_20_00_06\source\ti\drivers\lib\ccs\m4\</path>
         <kind>archive</kind>
         <file>drivers_cc32xx.a</file>
         <name>GPIOCC32XX.oem4</name>
      </input_file>
      <input_file id="fl-10">
         <path>C:\ti\simplelink_cc32xx_sdk_5_20_00_06\source\ti\drivers\lib\ccs\m4\</path>
         <kind>archive</kind>
         <file>drivers_cc32xx.a</file>
         <name>PowerCC32XX.oem4</name>
      </input_file>
      <input_file id="fl-11">
         <path>C:\ti\simplelink_cc32xx_sdk_5_20_00_06\source\ti\drivers\lib\ccs\m4\</path>
         <kind>archive</kind>
         <file>drivers_cc32xx.a</file>
         <name>PowerCC32XX_asm.oem4</name>
      </input_file>
      <input_file id="fl-12">
         <path>C:\ti\simplelink_cc32xx_sdk_5_20_00_06\source\ti\drivers\lib\ccs\m4\</path>
         <kind>archive</kind>
         <file>drivers_cc32xx.a</file>
         <name>TimerCC32XX.oem4</name>
      </input_file>
      <input_file id="fl-13">
         <path>C:\ti\simplelink_cc32xx_sdk_5_20_00_06\source\ti\drivers\lib\ccs\m4\</path>
         <kind>archive</kind>
         <file>drivers_cc32xx.a</file>
         <name>List.oem4</name>
      </input_file>
      <input_file id="fl-14">
         <path>C:\ti\simplelink_cc32xx_sdk_5_20_00_06\kernel\nortos\lib\ccs\m4\</path>
         <kind>archive</kind>
         <file>nortos_cc32xx.a</file>
         <name>NoRTOS.oem4</name>
      </input_file>
      <input_file id="fl-15">
         <path>C:\ti\simplelink_cc32xx_sdk_5_20_00_06\kernel\nortos\lib\ccs\m4\</path>
         <kind>archive</kind>
         <file>nortos_cc32xx.a</file>
         <name>SemaphoreP_nortos.oem4</name>
      </input_file>
      <input_file id="fl-16">
         <path>C:\ti\simplelink_cc32xx_sdk_5_20_00_06\kernel\nortos\lib\ccs\m4\</path>
         <kind>archive</kind>
         <file>nortos_cc32xx.a</file>
         <name>ClockPSysTick_nortos.oem4</name>
      </input_file>
      <input_file id="fl-17">
         <path>C:\ti\simplelink_cc32xx_sdk_5_20_00_06\kernel\nortos\lib\ccs\m4\</path>
         <kind>archive</kind>
         <file>nortos_cc32xx.a</file>
         <name>HwiPCC32XX_nortos.oem4</name>
      </input_file>
      <input_file id="fl-18">
         <path>C:\ti\simplelink_cc32xx_sdk_5_20_00_06\kernel\nortos\lib\ccs\m4\</path>
         <kind>archive</kind>
         <file>nortos_cc32xx.a</file>
         <name>PowerCC32XX_nortos.oem4</name>
      </input_file>
      <input_file id="fl-19">
         <path>C:\ti\simplelink_cc32xx_sdk_5_20_00_06\kernel\nortos\lib\ccs\m4\</path>
         <kind>archive</kind>
         <file>nortos_cc32xx.a</file>
         <name>startup_cc32xx_ccs.oem4</name>
      </input_file>
      <input_file id="fl-1a">
         <path>C:\ti\simplelink_cc32xx_sdk_5_20_00_06\kernel\nortos\lib\ccs\m4\</path>
         <kind>archive</kind>
         <file>nortos_cc32xx.a</file>
         <name>SwiP_nortos.oem4</name>
      </input_file>
      <input_file id="fl-1b">
         <path>C:\ti\simplelink_cc32xx_sdk_5_20_00_06\kernel\nortos\lib\ccs\m4\</path>
         <kind>archive</kind>
         <file>nortos_cc32xx.a</file>
         <name>QueueP_nortos.oem4</name>
      </input_file>
      <input_file id="fl-1c">
         <path>C:\ti\simplelink_cc32xx_sdk_5_20_00_06\source\ti\devices\cc32xx\driverlib\ccs\Release\</path>
         <kind>archive</kind>
         <file>driverlib.a</file>
         <name>cpu.obj</name>
      </input_file>
      <input_file id="fl-1d">
         <path>C:\ti\simplelink_cc32xx_sdk_5_20_00_06\source\ti\devices\cc32xx\driverlib\ccs\Release\</path>
         <kind>archive</kind>
         <file>driverlib.a</file>
         <name>interrupt.obj</name>
      </input_file>
      <input_file id="fl-1e">
         <path>C:\ti\simplelink_cc32xx_sdk_5_20_00_06\source\ti\devices\cc32xx\driverlib\ccs\Release\</path>
         <kind>archive</kind>
         <file>driverlib.a</file>
         <name>pin.obj</name>
      </input_file>
      <input_file id="fl-1f">
         <path>C:\ti\simplelink_cc32xx_sdk_5_20_00_06\source\ti\devices\cc32xx\driverlib\ccs\Release\</path>
         <kind>archive</kind>
         <file>driverlib.a</file>
         <name>prcm.obj</name>
      </input_file>
      <input_file id="fl-20">
         <path>C:\ti\simplelink_cc32xx_sdk_5_20_00_06\source\ti\devices\cc32xx\driverlib\ccs\Release\</path>
         <kind>archive</kind>
         <file>driverlib.a</file>
         <name>timer.obj</name>
      </input_file>
      <input_file id="fl-21">
         <path>C:\ti\simplelink_cc32xx_sdk_5_20_00_06\source\ti\devices\cc32xx\driverlib\ccs\Release\</path>
         <kind>archive</kind>
         <file>driverlib.a</file>
         <name>utils.obj</name>
      </input_file>
      <input_file id="fl-22">
         <path>C:\ti\simplelink_cc32xx_sdk_5_20_00_06\source\ti\devices\cc32xx\driverlib\ccs\Release\</path>
         <kind>archive</kind>
         <file>driverlib.a</file>
         <name>flash.obj</name>
      </input_file>
      <input_file id="fl-d8">
         <path>C:\ti\ccs1040\ccs\tools\compiler\ti-cgt-arm_20.2.5.LTS\lib\</path>
         <kind>archive</kind>
         <file>rtsv7M4_T_le_eabi.lib</file>
         <name>ll_mul_t2.asm.obj</name>
      </input_file>
      <input_file id="fl-d9">
         <path>C:\ti\ccs1040\ccs\tools\compiler\ti-cgt-arm_20.2.5.LTS\lib\</path>
         <kind>archive</kind>
         <file>rtsv7M4_T_le_eabi.lib</file>
         <name>memcpy_t2.asm.obj</name>
      </input_file>
      <input_file id="fl-da">
         <path>C:\ti\ccs1040\ccs\tools\compiler\ti-cgt-arm_20.2.5.LTS\lib\</path>
         <kind>archive</kind>
         <file>rtsv7M4_T_le_eabi.lib</file>
         <name>ull_div_t2.asm.obj</name>
      </input_file>
      <input_file id="fl-db">
         <path>C:\ti\ccs1040\ccs\tools\compiler\ti-cgt-arm_20.2.5.LTS\lib\</path>
         <kind>archive</kind>
         <file>rtsv7M4_T_le_eabi.lib</file>
         <name>copy_zero_init.c.obj</name>
      </input_file>
      <input_file id="fl-dc">
         <path>C:\ti\ccs1040\ccs\tools\compiler\ti-cgt-arm_20.2.5.LTS\lib\</path>
         <kind>archive</kind>
         <file>rtsv7M4_T_le_eabi.lib</file>
         <name>copy_decompress_none.c.obj</name>
      </input_file>
      <input_file id="fl-dd">
         <path>C:\ti\ccs1040\ccs\tools\compiler\ti-cgt-arm_20.2.5.LTS\lib\</path>
         <kind>archive</kind>
         <file>rtsv7M4_T_le_eabi.lib</file>
         <name>copy_decompress_lzss.c.obj</name>
      </input_file>
      <input_file id="fl-de">
         <path>C:\ti\ccs1040\ccs\tools\compiler\ti-cgt-arm_20.2.5.LTS\lib\</path>
         <kind>archive</kind>
         <file>rtsv7M4_T_le_eabi.lib</file>
         <name>memory.c.obj</name>
      </input_file>
      <input_file id="fl-df">
         <path>C:\ti\ccs1040\ccs\tools\compiler\ti-cgt-arm_20.2.5.LTS\lib\</path>
         <kind>archive</kind>
         <file>rtsv7M4_T_le_eabi.lib</file>
         <name>boot_cortex_m.c.obj</name>
      </input_file>
      <input_file id="fl-e0">
         <path>C:\ti\ccs1040\ccs\tools\compiler\ti-cgt-arm_20.2.5.LTS\lib\</path>
         <kind>archive</kind>
         <file>rtsv7M4_T_le_eabi.lib</file>
         <name>div0.asm.obj</name>
      </input_file>
      <input_file id="fl-e1">
         <path>C:\ti\ccs1040\ccs\tools\compiler\ti-cgt-arm_20.2.5.LTS\lib\</path>
         <kind>archive</kind>
         <file>rtsv7M4_T_le_eabi.lib</file>
         <name>memset_t2.asm.obj</name>
      </input_file>
      <input_file id="fl-e2">
         <path>C:\ti\ccs1040\ccs\tools\compiler\ti-cgt-arm_20.2.5.LTS\lib\</path>
         <kind>archive</kind>
         <file>rtsv7M4_T_le_eabi.lib</file>
         <name>autoinit.c.obj</name>
      </input_file>
      <input_file id="fl-e3">
         <path>C:\ti\ccs1040\ccs\tools\compiler\ti-cgt-arm_20.2.5.LTS\lib\</path>
         <kind>archive</kind>
         <file>rtsv7M4_T_le_eabi.lib</file>
         <name>pre_init.c.obj</name>
      </input_file>
      <input_file id="fl-e4">
         <path>C:\ti\ccs1040\ccs\tools\compiler\ti-cgt-arm_20.2.5.LTS\lib\</path>
         <kind>archive</kind>
         <file>rtsv7M4_T_le_eabi.lib</file>
         <name>cpy_tbl.c.obj</name>
      </input_file>
      <input_file id="fl-e5">
         <path>C:\ti\ccs1040\ccs\tools\compiler\ti-cgt-arm_20.2.5.LTS\lib\</path>
         <kind>archive</kind>
         <file>rtsv7M4_T_le_eabi.lib</file>
         <name>exit.c.obj</name>
      </input_file>
      <input_file id="fl-e6">
         <path>C:\ti\ccs1040\ccs\tools\compiler\ti-cgt-arm_20.2.5.LTS\lib\</path>
         <kind>archive</kind>
         <file>rtsv7M4_T_le_eabi.lib</file>
         <name>_lock.c.obj</name>
      </input_file>
      <input_file id="fl-e7">
         <path>C:\ti\ccs1040\ccs\tools\compiler\ti-cgt-arm_20.2.5.LTS\lib\</path>
         <kind>archive</kind>
         <file>rtsv7M4_T_le_eabi.lib</file>
         <name>args_main.c.obj</name>
      </input_file>
   </input_file_list>
   <object_component_list>
      <object_component id="oc-1c2">
         <name>.text:PRCMCC3200MCUInit</name>
         <load_address>0x2000c040</load_address>
         <run_address>0x2000c040</run_address>
         <size>0x42c</size>
         <input_file_ref idref="fl-1f"/>
      </object_component>
      <object_component id="oc-1dc">
         <name>.text:GPIO_setConfig</name>
         <load_address>0x2000c46c</load_address>
         <run_address>0x2000c46c</run_address>
         <size>0x1e4</size>
         <input_file_ref idref="fl-f"/>
      </object_component>
      <object_component id="oc-340">
         <name>.text:PowerCC32XX_sleepPolicy</name>
         <load_address>0x2000c650</load_address>
         <run_address>0x2000c650</run_address>
         <size>0x19c</size>
         <input_file_ref idref="fl-18"/>
      </object_component>
      <object_component id="oc-59f">
         <name>.text:parkPins</name>
         <load_address>0x2000c7ec</load_address>
         <run_address>0x2000c7ec</run_address>
         <size>0x148</size>
         <input_file_ref idref="fl-10"/>
      </object_component>
      <object_component id="oc-47d">
         <name>.text:Power_sleep</name>
         <load_address>0x2000c934</load_address>
         <run_address>0x2000c934</run_address>
         <size>0x138</size>
         <input_file_ref idref="fl-10"/>
      </object_component>
      <object_component id="oc-2eb">
         <name>.text:Timer_open</name>
         <load_address>0x2000ca6c</load_address>
         <run_address>0x2000ca6c</run_address>
         <size>0x138</size>
         <input_file_ref idref="fl-12"/>
      </object_component>
      <object_component id="oc-4e3">
         <name>.text:aligned_alloc</name>
         <load_address>0x2000cba4</load_address>
         <run_address>0x2000cba4</run_address>
         <size>0x100</size>
         <input_file_ref idref="fl-de"/>
      </object_component>
      <object_component id="oc-35e">
         <name>.text:free</name>
         <load_address>0x2000cca4</load_address>
         <run_address>0x2000cca4</run_address>
         <size>0xe4</size>
         <input_file_ref idref="fl-de"/>
      </object_component>
      <object_component id="oc-1d6">
         <name>.text:GPIO_init</name>
         <load_address>0x2000cd88</load_address>
         <run_address>0x2000cd88</run_address>
         <size>0xc4</size>
         <input_file_ref idref="fl-f"/>
      </object_component>
      <object_component id="oc-56b">
         <name>.text:morseCodeMessage</name>
         <load_address>0x2000ce4c</load_address>
         <run_address>0x2000ce4c</run_address>
         <size>0xc0</size>
         <input_file_ref idref="fl-2"/>
      </object_component>
      <object_component id="oc-5bc">
         <name>.text:restoreParkedPins</name>
         <load_address>0x2000cf0c</load_address>
         <run_address>0x2000cf0c</run_address>
         <size>0xc0</size>
         <input_file_ref idref="fl-10"/>
      </object_component>
      <object_component id="oc-b5">
         <name>.text:IntEnable</name>
         <load_address>0x2000cfcc</load_address>
         <run_address>0x2000cfcc</run_address>
         <size>0xa8</size>
         <input_file_ref idref="fl-1d"/>
      </object_component>
      <object_component id="oc-259">
         <name>.text:PowerCC32XX_configureWakeup</name>
         <load_address>0x2000d074</load_address>
         <run_address>0x2000d074</run_address>
         <size>0xa8</size>
         <input_file_ref idref="fl-10"/>
      </object_component>
      <object_component id="oc-27f">
         <name>.text:SemaphoreP_pend</name>
         <load_address>0x2000d11c</load_address>
         <run_address>0x2000d11c</run_address>
         <size>0xa0</size>
         <input_file_ref idref="fl-15"/>
      </object_component>
      <object_component id="oc-3b">
         <name>.text</name>
         <load_address>0x2000d1bc</load_address>
         <run_address>0x2000d1bc</run_address>
         <size>0x9c</size>
         <input_file_ref idref="fl-d9"/>
      </object_component>
      <object_component id="oc-29b">
         <name>.text:powerNotifyFxn</name>
         <load_address>0x2000d258</load_address>
         <run_address>0x2000d258</run_address>
         <size>0x98</size>
         <input_file_ref idref="fl-f"/>
      </object_component>
      <object_component id="oc-478">
         <name>.text</name>
         <load_address>0x2000d2f0</load_address>
         <run_address>0x2000d2f0</run_address>
         <size>0x96</size>
         <input_file_ref idref="fl-da"/>
      </object_component>
      <object_component id="oc-1ce">
         <name>.text:Board_initHook</name>
         <load_address>0x2000d386</load_address>
         <run_address>0x2000d386</run_address>
         <size>0x2</size>
         <input_file_ref idref="fl-3"/>
      </object_component>
      <object_component id="oc-5b0">
         <name>.text:restoreNVICRegs</name>
         <load_address>0x2000d388</load_address>
         <run_address>0x2000d388</run_address>
         <size>0x90</size>
         <input_file_ref idref="fl-10"/>
      </object_component>
      <object_component id="oc-3bf">
         <name>.text:HwiP_construct</name>
         <load_address>0x2000d418</load_address>
         <run_address>0x2000d418</run_address>
         <size>0x8c</size>
         <input_file_ref idref="fl-17"/>
      </object_component>
      <object_component id="oc-42a">
         <name>.text:MorseCode_Loop</name>
         <load_address>0x2000d4a4</load_address>
         <run_address>0x2000d4a4</run_address>
         <size>0x8c</size>
         <input_file_ref idref="fl-2"/>
      </object_component>
      <object_component id="oc-680">
         <name>.text:IntPendSet</name>
         <load_address>0x2000d530</load_address>
         <run_address>0x2000d530</run_address>
         <size>0x88</size>
         <input_file_ref idref="fl-1d"/>
      </object_component>
      <object_component id="oc-2a5">
         <name>.text:PinConfigSet</name>
         <load_address>0x2000d5b8</load_address>
         <run_address>0x2000d5b8</run_address>
         <size>0x88</size>
         <input_file_ref idref="fl-1e"/>
      </object_component>
      <object_component id="oc-1c8">
         <name>.text:Power_init</name>
         <load_address>0x2000d640</load_address>
         <run_address>0x2000d640</run_address>
         <size>0x84</size>
         <input_file_ref idref="fl-10"/>
      </object_component>
      <object_component id="oc-5a5">
         <name>.text:saveNVICRegs</name>
         <load_address>0x2000d6c4</load_address>
         <run_address>0x2000d6c4</run_address>
         <size>0x84</size>
         <input_file_ref idref="fl-10"/>
      </object_component>
      <object_component id="oc-2ab">
         <name>.text:Power_setDependency</name>
         <load_address>0x2000d748</load_address>
         <run_address>0x2000d748</run_address>
         <size>0x80</size>
         <input_file_ref idref="fl-10"/>
      </object_component>
      <object_component id="oc-2cf">
         <name>.text:GPIO_hwiIntFxn</name>
         <load_address>0x2000d7c8</load_address>
         <run_address>0x2000d7c8</run_address>
         <size>0x78</size>
         <input_file_ref idref="fl-f"/>
      </object_component>
      <object_component id="oc-5ec">
         <name>.text:split</name>
         <load_address>0x2000d840</load_address>
         <run_address>0x2000d840</run_address>
         <size>0x70</size>
         <input_file_ref idref="fl-de"/>
      </object_component>
      <object_component id="oc-14">
         <name>.text:decompress:lzss:__TI_decompress_lzss</name>
         <load_address>0x2000d8b0</load_address>
         <run_address>0x2000d8b0</run_address>
         <size>0x68</size>
         <input_file_ref idref="fl-dd"/>
      </object_component>
      <object_component id="oc-3ad">
         <name>.text:PowerCC32XX_setParkState</name>
         <load_address>0x2000d918</load_address>
         <run_address>0x2000d918</run_address>
         <size>0x64</size>
         <input_file_ref idref="fl-10"/>
      </object_component>
      <object_component id="oc-227">
         <name>.text:PRCMSysResetCauseGet</name>
         <load_address>0x2000d97c</load_address>
         <run_address>0x2000d97c</run_address>
         <size>0x60</size>
         <input_file_ref idref="fl-1f"/>
      </object_component>
      <object_component id="oc-1e2">
         <name>.text:GPIO_setCallback</name>
         <load_address>0x2000d9dc</load_address>
         <run_address>0x2000d9dc</run_address>
         <size>0x5c</size>
         <input_file_ref idref="fl-f"/>
      </object_component>
      <object_component id="oc-640">
         <name>.text:sysTickInit</name>
         <load_address>0x2000da38</load_address>
         <run_address>0x2000da38</run_address>
         <size>0x5c</size>
         <input_file_ref idref="fl-16"/>
      </object_component>
      <object_component id="oc-627">
         <name>.text:GPIO_write</name>
         <load_address>0x2000da94</load_address>
         <run_address>0x2000da94</run_address>
         <size>0x58</size>
         <input_file_ref idref="fl-f"/>
      </object_component>
      <object_component id="oc-240">
         <name>.text:PRCMPeripheralReset</name>
         <load_address>0x2000daec</load_address>
         <run_address>0x2000daec</run_address>
         <size>0x58</size>
         <input_file_ref idref="fl-1f"/>
      </object_component>
      <object_component id="oc-616">
         <name>.text:Power_releaseDependency</name>
         <load_address>0x2000db44</load_address>
         <run_address>0x2000db44</run_address>
         <size>0x58</size>
         <input_file_ref idref="fl-10"/>
      </object_component>
      <object_component id="oc-15f">
         <name>.text:mainThread</name>
         <load_address>0x2000db9c</load_address>
         <run_address>0x2000db9c</run_address>
         <size>0x54</size>
         <input_file_ref idref="fl-2"/>
      </object_component>
      <object_component id="oc-65d">
         <name>.text:PowerCC32XX_resumeLPDS</name>
         <load_address>0x2000dbf0</load_address>
         <run_address>0x2000dbf0</run_address>
         <size>0x52</size>
         <input_file_ref idref="fl-11"/>
      </object_component>
      <object_component id="oc-406">
         <name>.text:initHw</name>
         <load_address>0x2000dc42</load_address>
         <run_address>0x2000dc42</run_address>
         <size>0x52</size>
         <input_file_ref idref="fl-12"/>
      </object_component>
      <object_component id="oc-79">
         <name>.text:ClockP_sysTickHandler</name>
         <load_address>0x2000dc94</load_address>
         <run_address>0x2000dc94</run_address>
         <size>0x50</size>
         <input_file_ref idref="fl-16"/>
      </object_component>
      <object_component id="oc-4a5">
         <name>.text:SemaphoreP_construct</name>
         <load_address>0x2000dce4</load_address>
         <run_address>0x2000dce4</run_address>
         <size>0x50</size>
         <input_file_ref idref="fl-15"/>
      </object_component>
      <object_component id="oc-3e8">
         <name>.text:TimerCC32XX_allocateTimerResource</name>
         <load_address>0x2000dd34</load_address>
         <run_address>0x2000dd34</run_address>
         <size>0x50</size>
         <input_file_ref idref="fl-12"/>
      </object_component>
      <object_component id="oc-1ee">
         <name>.text:initTimer</name>
         <load_address>0x2000dd84</load_address>
         <run_address>0x2000dd84</run_address>
         <size>0x50</size>
         <input_file_ref idref="fl-2"/>
      </object_component>
      <object_component id="oc-1e8">
         <name>.text:GPIO_enableInt</name>
         <load_address>0x2000ddd4</load_address>
         <run_address>0x2000ddd4</run_address>
         <size>0x4c</size>
         <input_file_ref idref="fl-f"/>
      </object_component>
      <object_component id="oc-654">
         <name>.text:PowerCC32XX_parkPin</name>
         <load_address>0x2000de20</load_address>
         <run_address>0x2000de20</run_address>
         <size>0x4c</size>
         <input_file_ref idref="fl-10"/>
      </object_component>
      <object_component id="oc-5b6">
         <name>.text:restorePeriphClocks</name>
         <load_address>0x2000de6c</load_address>
         <run_address>0x2000de6c</run_address>
         <size>0x4c</size>
         <input_file_ref idref="fl-10"/>
      </object_component>
      <object_component id="oc-678">
         <name>.text:FlashDisable</name>
         <load_address>0x2000deb8</load_address>
         <run_address>0x2000deb8</run_address>
         <size>0x48</size>
         <input_file_ref idref="fl-22"/>
      </object_component>
      <object_component id="oc-5c2">
         <name>.text:PRCMLPDSEnter</name>
         <load_address>0x2000df00</load_address>
         <run_address>0x2000df00</run_address>
         <size>0x48</size>
         <input_file_ref idref="fl-1f"/>
      </object_component>
      <object_component id="oc-23a">
         <name>.text:PRCMPeripheralClkEnable</name>
         <load_address>0x2000df48</load_address>
         <run_address>0x2000df48</run_address>
         <size>0x48</size>
         <input_file_ref idref="fl-1f"/>
      </object_component>
      <object_component id="oc-698">
         <name>.text:Power_releaseConstraint</name>
         <load_address>0x2000df90</load_address>
         <run_address>0x2000df90</run_address>
         <size>0x48</size>
         <input_file_ref idref="fl-10"/>
      </object_component>
      <object_component id="oc-400">
         <name>.text:getPrescaler</name>
         <load_address>0x2000dfd8</load_address>
         <run_address>0x2000dfd8</run_address>
         <size>0x46</size>
         <input_file_ref idref="fl-12"/>
      </object_component>
      <object_component id="oc-33a">
         <name>.text:PowerCC32XX_initPolicy</name>
         <load_address>0x2000e01e</load_address>
         <run_address>0x2000e01e</run_address>
         <size>0x2</size>
         <input_file_ref idref="fl-18"/>
      </object_component>
      <object_component id="oc-4cd">
         <name>.text:ClockP_stop</name>
         <load_address>0x2000e020</load_address>
         <run_address>0x2000e020</run_address>
         <size>0x44</size>
         <input_file_ref idref="fl-16"/>
      </object_component>
      <object_component id="oc-662">
         <name>.text:PRCMLPDSRestoreInfoSet</name>
         <load_address>0x2000e064</load_address>
         <run_address>0x2000e064</run_address>
         <size>0x44</size>
         <input_file_ref idref="fl-1f"/>
      </object_component>
      <object_component id="oc-5ab">
         <name>.text:PowerCC32XX_enterLPDS</name>
         <load_address>0x2000e0a8</load_address>
         <run_address>0x2000e0a8</run_address>
         <size>0x44</size>
         <input_file_ref idref="fl-11"/>
      </object_component>
      <object_component id="oc-28b">
         <name>.text:SemaphoreP_post</name>
         <load_address>0x2000e0ec</load_address>
         <run_address>0x2000e0ec</run_address>
         <size>0x44</size>
         <input_file_ref idref="fl-15"/>
      </object_component>
      <object_component id="oc-48e">
         <name>.text:SwiP_restore</name>
         <load_address>0x2000e130</load_address>
         <run_address>0x2000e130</run_address>
         <size>0x44</size>
         <input_file_ref idref="fl-1a"/>
      </object_component>
      <object_component id="oc-2f1">
         <name>.text:Timer_start</name>
         <load_address>0x2000e174</load_address>
         <run_address>0x2000e174</run_address>
         <size>0x44</size>
         <input_file_ref idref="fl-e"/>
      </object_component>
      <object_component id="oc-172">
         <name>.text:__TI_auto_init_nobinit_nopinit:__TI_auto_init_nobinit_nopinit</name>
         <load_address>0x2000e1b8</load_address>
         <run_address>0x2000e1b8</run_address>
         <size>0x44</size>
         <input_file_ref idref="fl-e2"/>
      </object_component>
      <object_component id="oc-252">
         <name>.text:PinModeSet</name>
         <load_address>0x2000e1fc</load_address>
         <run_address>0x2000e1fc</run_address>
         <size>0x40</size>
         <input_file_ref idref="fl-1e"/>
      </object_component>
      <object_component id="oc-423">
         <name>.text:TimerSupport_timerEnable</name>
         <load_address>0x2000e23c</load_address>
         <run_address>0x2000e23c</run_address>
         <size>0x40</size>
         <input_file_ref idref="fl-12"/>
      </object_component>
      <object_component id="oc-3fa">
         <name>.text:Timer_close</name>
         <load_address>0x2000e27c</load_address>
         <run_address>0x2000e27c</run_address>
         <size>0x40</size>
         <input_file_ref idref="fl-12"/>
      </object_component>
      <object_component id="oc-37d">
         <name>.text:ClockP_destruct</name>
         <load_address>0x2000e2bc</load_address>
         <run_address>0x2000e2bc</run_address>
         <size>0x3c</size>
         <input_file_ref idref="fl-16"/>
      </object_component>
      <object_component id="oc-55e">
         <name>.text:Power_setConstraint</name>
         <load_address>0x2000e2f8</load_address>
         <run_address>0x2000e2f8</run_address>
         <size>0x3c</size>
         <input_file_ref idref="fl-10"/>
      </object_component>
      <object_component id="oc-472">
         <name>.text:getCountsRTC</name>
         <load_address>0x2000e334</load_address>
         <run_address>0x2000e334</run_address>
         <size>0x3a</size>
         <input_file_ref idref="fl-18"/>
      </object_component>
      <object_component id="oc-51d">
         <name>.text:SemaphoreP_destruct</name>
         <load_address>0x2000e36e</load_address>
         <run_address>0x2000e36e</run_address>
         <size>0x2</size>
         <input_file_ref idref="fl-15"/>
      </object_component>
      <object_component id="oc-5c8">
         <name>.text:PRCMLPDSEnterKeepDebugIf</name>
         <load_address>0x2000e370</load_address>
         <run_address>0x2000e370</run_address>
         <size>0x38</size>
         <input_file_ref idref="fl-1f"/>
      </object_component>
      <object_component id="oc-db">
         <name>.text:addToList</name>
         <load_address>0x2000e3a8</load_address>
         <run_address>0x2000e3a8</run_address>
         <size>0x38</size>
         <input_file_ref idref="fl-16"/>
      </object_component>
      <object_component id="oc-59">
         <name>.text:initVectors</name>
         <load_address>0x2000e3e0</load_address>
         <run_address>0x2000e3e0</run_address>
         <size>0x38</size>
         <input_file_ref idref="fl-19"/>
      </object_component>
      <object_component id="oc-599">
         <name>.text:notify</name>
         <load_address>0x2000e418</load_address>
         <run_address>0x2000e418</run_address>
         <size>0x38</size>
         <input_file_ref idref="fl-10"/>
      </object_component>
      <object_component id="oc-53d">
         <name>.text:TimerControlStall</name>
         <load_address>0x2000e450</load_address>
         <run_address>0x2000e450</run_address>
         <size>0x36</size>
         <input_file_ref idref="fl-20"/>
      </object_component>
      <object_component id="oc-505">
         <name>.text:Timer_stop</name>
         <load_address>0x2000e486</load_address>
         <run_address>0x2000e486</run_address>
         <size>0x36</size>
         <input_file_ref idref="fl-e"/>
      </object_component>
      <object_component id="oc-460">
         <name>.text:ClockP_getTicksUntilInterrupt</name>
         <load_address>0x2000e4bc</load_address>
         <run_address>0x2000e4bc</run_address>
         <size>0x34</size>
         <input_file_ref idref="fl-16"/>
      </object_component>
      <object_component id="oc-58a">
         <name>.text:ClockP_startup</name>
         <load_address>0x2000e4f0</load_address>
         <run_address>0x2000e4f0</run_address>
         <size>0x34</size>
         <input_file_ref idref="fl-16"/>
      </object_component>
      <object_component id="oc-24c">
         <name>.text:PinModeGet</name>
         <load_address>0x2000e524</load_address>
         <run_address>0x2000e524</run_address>
         <size>0x34</size>
         <input_file_ref idref="fl-1e"/>
      </object_component>
      <object_component id="oc-523">
         <name>.text:TimerCC32XX_freeTimerResource</name>
         <load_address>0x2000e558</load_address>
         <run_address>0x2000e558</run_address>
         <size>0x34</size>
         <input_file_ref idref="fl-12"/>
      </object_component>
      <object_component id="oc-41b">
         <name>.text:TimerCC32XX_hwiIntFunction</name>
         <load_address>0x2000e58c</load_address>
         <run_address>0x2000e58c</run_address>
         <size>0x34</size>
         <input_file_ref idref="fl-12"/>
      </object_component>
      <object_component id="oc-4f9">
         <name>.text:getPowerMgrId</name>
         <load_address>0x2000e5c0</load_address>
         <run_address>0x2000e5c0</run_address>
         <size>0x34</size>
         <input_file_ref idref="fl-12"/>
      </object_component>
      <object_component id="oc-36b">
         <name>.text:ClockP_start</name>
         <load_address>0x2000e5f4</load_address>
         <run_address>0x2000e5f4</run_address>
         <size>0x30</size>
         <input_file_ref idref="fl-16"/>
      </object_component>
      <object_component id="oc-671">
         <name>.text:PowerCC32XX_restoreParkedPin</name>
         <load_address>0x2000e624</load_address>
         <run_address>0x2000e624</run_address>
         <size>0x30</size>
         <input_file_ref idref="fl-10"/>
      </object_component>
      <object_component id="oc-2b7">
         <name>.text:HwiP_create</name>
         <load_address>0x2000e654</load_address>
         <run_address>0x2000e654</run_address>
         <size>0x2a</size>
         <input_file_ref idref="fl-17"/>
      </object_component>
      <object_component id="oc-537">
         <name>.text:TimerLoadSet</name>
         <load_address>0x2000e67e</load_address>
         <run_address>0x2000e67e</run_address>
         <size>0x2a</size>
         <input_file_ref idref="fl-20"/>
      </object_component>
      <object_component id="oc-531">
         <name>.text:TimerPrescaleSet</name>
         <load_address>0x2000e6a8</load_address>
         <run_address>0x2000e6a8</run_address>
         <size>0x2a</size>
         <input_file_ref idref="fl-20"/>
      </object_component>
      <object_component id="oc-2df">
         <name>.text:Timer_init</name>
         <load_address>0x2000e6d2</load_address>
         <run_address>0x2000e6d2</run_address>
         <size>0x2</size>
         <input_file_ref idref="fl-e"/>
      </object_component>
      <object_component id="oc-246">
         <name>.text:PRCMPeripheralClkDisable</name>
         <load_address>0x2000e6d4</load_address>
         <run_address>0x2000e6d4</run_address>
         <size>0x28</size>
         <input_file_ref idref="fl-1f"/>
      </object_component>
      <object_component id="oc-285">
         <name>.text:Power_registerNotify</name>
         <load_address>0x2000e6fc</load_address>
         <run_address>0x2000e6fc</run_address>
         <size>0x28</size>
         <input_file_ref idref="fl-10"/>
      </object_component>
      <object_component id="oc-4c5">
         <name>.text:free_list_insert</name>
         <load_address>0x2000e724</load_address>
         <run_address>0x2000e724</run_address>
         <size>0x28</size>
         <input_file_ref idref="fl-de"/>
      </object_component>
      <object_component id="oc-38d">
         <name>.text:List_put</name>
         <load_address>0x2000e74c</load_address>
         <run_address>0x2000e74c</run_address>
         <size>0x26</size>
         <input_file_ref idref="fl-13"/>
      </object_component>
      <object_component id="oc-606">
         <name>.text:List_remove</name>
         <load_address>0x2000e772</load_address>
         <run_address>0x2000e772</run_address>
         <size>0x26</size>
         <input_file_ref idref="fl-13"/>
      </object_component>
      <object_component id="oc-4ed">
         <name>.text:HwiP_dispatch</name>
         <load_address>0x2000e798</load_address>
         <run_address>0x2000e798</run_address>
         <size>0x24</size>
         <input_file_ref idref="fl-17"/>
      </object_component>
      <object_component id="oc-5ff">
         <name>.text:TimerSupport_timerDisable</name>
         <load_address>0x2000e7bc</load_address>
         <run_address>0x2000e7bc</run_address>
         <size>0x24</size>
         <input_file_ref idref="fl-12"/>
      </object_component>
      <object_component id="oc-c5">
         <name>.text:_c_int00_noargs:_c_int00_noargs</name>
         <load_address>0x2000e7e0</load_address>
         <run_address>0x2000e7e0</run_address>
         <size>0x24</size>
         <input_file_ref idref="fl-df"/>
      </object_component>
      <object_component id="oc-60e">
         <name>.text:HwiP_destruct</name>
         <load_address>0x2000e804</load_address>
         <run_address>0x2000e804</run_address>
         <size>0x20</size>
         <input_file_ref idref="fl-17"/>
      </object_component>
      <object_component id="oc-50b">
         <name>.text:Power_unregisterNotify</name>
         <load_address>0x2000e824</load_address>
         <run_address>0x2000e824</run_address>
         <size>0x20</size>
         <input_file_ref idref="fl-10"/>
      </object_component>
      <object_component id="oc-1f4">
         <name>.text:gpioButtonFxn</name>
         <load_address>0x2000e844</load_address>
         <run_address>0x2000e844</run_address>
         <size>0x20</size>
         <input_file_ref idref="fl-2"/>
      </object_component>
      <object_component id="oc-3ee">
         <name>.text:SemaphoreP_constructBinary</name>
         <load_address>0x2000e864</load_address>
         <run_address>0x2000e864</run_address>
         <size>0x1e</size>
         <input_file_ref idref="fl-15"/>
      </object_component>
      <object_component id="oc-52b">
         <name>.text:TimerDisable</name>
         <load_address>0x2000e882</load_address>
         <run_address>0x2000e882</run_address>
         <size>0x1e</size>
         <input_file_ref idref="fl-20"/>
      </object_component>
      <object_component id="oc-564">
         <name>.text:TimerEnable</name>
         <load_address>0x2000e8a0</load_address>
         <run_address>0x2000e8a0</run_address>
         <size>0x1e</size>
         <input_file_ref idref="fl-20"/>
      </object_component>
      <object_component id="oc-302">
         <name>.text:_nop</name>
         <load_address>0x2000e8be</load_address>
         <run_address>0x2000e8be</run_address>
         <size>0x2</size>
         <input_file_ref idref="fl-e6"/>
      </object_component>
      <object_component id="oc-64e">
         <name>.text:PinToPadGet</name>
         <load_address>0x2000e8c0</load_address>
         <run_address>0x2000e8c0</run_address>
         <size>0x1c</size>
         <input_file_ref idref="fl-1e"/>
      </object_component>
      <object_component id="oc-454">
         <name>.text:SwiP_disable</name>
         <load_address>0x2000e8dc</load_address>
         <run_address>0x2000e8dc</run_address>
         <size>0x1c</size>
         <input_file_ref idref="fl-1a"/>
      </object_component>
      <object_component id="oc-47">
         <name>.text:decompress:ZI:__TI_zero_init_nomemset:__TI_zero_init_nomemset</name>
         <load_address>0x2000e8f8</load_address>
         <run_address>0x2000e8f8</run_address>
         <size>0x1c</size>
         <input_file_ref idref="fl-db"/>
      </object_component>
      <object_component id="oc-4bf">
         <name>.text:free_list_remove</name>
         <load_address>0x2000e914</load_address>
         <run_address>0x2000e914</run_address>
         <size>0x1c</size>
         <input_file_ref idref="fl-de"/>
      </object_component>
      <object_component id="oc-267">
         <name>.text:SemaphoreP_createBinary</name>
         <load_address>0x2000e930</load_address>
         <run_address>0x2000e930</run_address>
         <size>0x1a</size>
         <input_file_ref idref="fl-15"/>
      </object_component>
      <object_component id="oc-73">
         <name>.text:busFaultHandler</name>
         <load_address>0x2000e94a</load_address>
         <run_address>0x2000e94a</run_address>
         <size>0x2</size>
         <input_file_ref idref="fl-19"/>
      </object_component>
      <object_component id="oc-21">
         <name>.text:resetISR</name>
         <load_address>0x2000e94c</load_address>
         <run_address>0x2000e94c</run_address>
         <size>0x1a</size>
         <input_file_ref idref="fl-19"/>
      </object_component>
      <object_component id="oc-383">
         <name>.text:clkFxn</name>
         <load_address>0x2000e966</load_address>
         <run_address>0x2000e966</run_address>
         <size>0x2</size>
         <input_file_ref idref="fl-15"/>
      </object_component>
      <object_component id="oc-466">
         <name>.text:Power_getTransitionLatency</name>
         <load_address>0x2000e968</load_address>
         <run_address>0x2000e968</run_address>
         <size>0x18</size>
         <input_file_ref idref="fl-10"/>
      </object_component>
      <object_component id="oc-5db">
         <name>.text:Power_idleFunc</name>
         <load_address>0x2000e980</load_address>
         <run_address>0x2000e980</run_address>
         <size>0x18</size>
         <input_file_ref idref="fl-10"/>
      </object_component>
      <object_component id="oc-692">
         <name>.text:TimerIntDisable</name>
         <load_address>0x2000e998</load_address>
         <run_address>0x2000e998</run_address>
         <size>0x18</size>
         <input_file_ref idref="fl-20"/>
      </object_component>
      <object_component id="oc-558">
         <name>.text:TimerIntEnable</name>
         <load_address>0x2000e9b0</load_address>
         <run_address>0x2000e9b0</run_address>
         <size>0x18</size>
         <input_file_ref idref="fl-20"/>
      </object_component>
      <object_component id="oc-483">
         <name>.text</name>
         <load_address>0x2000e9c8</load_address>
         <run_address>0x2000e9c8</run_address>
         <size>0x18</size>
         <input_file_ref idref="fl-d8"/>
      </object_component>
      <object_component id="oc-234">
         <name>.text:PRCMHIBRegRead</name>
         <load_address>0x2000e9e0</load_address>
         <run_address>0x2000e9e0</run_address>
         <size>0x16</size>
         <input_file_ref idref="fl-1f"/>
      </object_component>
      <object_component id="oc-22e">
         <name>.text:PRCMHIBRegWrite</name>
         <load_address>0x2000e9f6</load_address>
         <run_address>0x2000e9f6</run_address>
         <size>0x16</size>
         <input_file_ref idref="fl-1f"/>
      </object_component>
      <object_component id="oc-353">
         <name>.text:SemaphoreP_create</name>
         <load_address>0x2000ea0c</load_address>
         <run_address>0x2000ea0c</run_address>
         <size>0x16</size>
         <input_file_ref idref="fl-15"/>
      </object_component>
      <object_component id="oc-a3">
         <name>.text:CPUcpsid</name>
         <load_address>0x2000ea22</load_address>
         <run_address>0x2000ea22</run_address>
         <size>0x14</size>
         <input_file_ref idref="fl-1c"/>
      </object_component>
      <object_component id="oc-6d">
         <name>.text:defaultHandler</name>
         <load_address>0x2000ea36</load_address>
         <run_address>0x2000ea36</run_address>
         <size>0x2</size>
         <input_file_ref idref="fl-19"/>
      </object_component>
      <object_component id="oc-394">
         <name>.text:HwiP_inISR</name>
         <load_address>0x2000ea38</load_address>
         <run_address>0x2000ea38</run_address>
         <size>0x14</size>
         <input_file_ref idref="fl-17"/>
      </object_component>
      <object_component id="oc-af">
         <name>.text:IntVTableBaseSet</name>
         <load_address>0x2000ea4c</load_address>
         <run_address>0x2000ea4c</run_address>
         <size>0x14</size>
         <input_file_ref idref="fl-1d"/>
      </object_component>
      <object_component id="oc-39a">
         <name>.text:Power_disablePolicy</name>
         <load_address>0x2000ea60</load_address>
         <run_address>0x2000ea60</run_address>
         <size>0x14</size>
         <input_file_ref idref="fl-10"/>
      </object_component>
      <object_component id="oc-66a">
         <name>.text:Power_getDependencyCount</name>
         <load_address>0x2000ea74</load_address>
         <run_address>0x2000ea74</run_address>
         <size>0x14</size>
         <input_file_ref idref="fl-10"/>
      </object_component>
      <object_component id="oc-2b1">
         <name>.text:HwiP_Params_init</name>
         <load_address>0x2000ea88</load_address>
         <run_address>0x2000ea88</run_address>
         <size>0x12</size>
         <input_file_ref idref="fl-17"/>
      </object_component>
      <object_component id="oc-54f">
         <name>.text:TimerIntClear</name>
         <load_address>0x2000ea9a</load_address>
         <run_address>0x2000ea9a</run_address>
         <size>0x12</size>
         <input_file_ref idref="fl-20"/>
      </object_component>
      <object_component id="oc-11a">
         <name>.text:main</name>
         <load_address>0x2000eaac</load_address>
         <run_address>0x2000eaac</run_address>
         <size>0x12</size>
         <input_file_ref idref="fl-4"/>
      </object_component>
      <object_component id="oc-153">
         <name>.text:Board_init</name>
         <load_address>0x2000eabe</load_address>
         <run_address>0x2000eabe</run_address>
         <size>0x10</size>
         <input_file_ref idref="fl-3"/>
      </object_component>
      <object_component id="oc-365">
         <name>.text:ClockP_add</name>
         <load_address>0x2000eace</load_address>
         <run_address>0x2000eace</run_address>
         <size>0x10</size>
         <input_file_ref idref="fl-16"/>
      </object_component>
      <object_component id="oc-67">
         <name>.text:faultISR</name>
         <load_address>0x2000eade</load_address>
         <run_address>0x2000eade</run_address>
         <size>0x2</size>
         <input_file_ref idref="fl-19"/>
      </object_component>
      <object_component id="oc-3f4">
         <name>.text:ClockP_getCpuFreq</name>
         <load_address>0x2000eae0</load_address>
         <run_address>0x2000eae0</run_address>
         <size>0x10</size>
         <input_file_ref idref="fl-16"/>
      </object_component>
      <object_component id="oc-46c">
         <name>.text:ClockP_getSystemTicks</name>
         <load_address>0x2000eaf0</load_address>
         <run_address>0x2000eaf0</run_address>
         <size>0x10</size>
         <input_file_ref idref="fl-16"/>
      </object_component>
      <object_component id="oc-488">
         <name>.text:ClockP_setTicks</name>
         <load_address>0x2000eb00</load_address>
         <run_address>0x2000eb00</run_address>
         <size>0x10</size>
         <input_file_ref idref="fl-16"/>
      </object_component>
      <object_component id="oc-517">
         <name>.text:HwiP_delete</name>
         <load_address>0x2000eb10</load_address>
         <run_address>0x2000eb10</run_address>
         <size>0x10</size>
         <input_file_ref idref="fl-17"/>
      </object_component>
      <object_component id="oc-273">
         <name>.text:HwiP_restore</name>
         <load_address>0x2000eb20</load_address>
         <run_address>0x2000eb20</run_address>
         <size>0x10</size>
         <input_file_ref idref="fl-17"/>
      </object_component>
      <object_component id="oc-371">
         <name>.text:Power_enablePolicy</name>
         <load_address>0x2000eb30</load_address>
         <run_address>0x2000eb30</run_address>
         <size>0x10</size>
         <input_file_ref idref="fl-10"/>
      </object_component>
      <object_component id="oc-34d">
         <name>.text:SemaphoreP_Params_init</name>
         <load_address>0x2000eb40</load_address>
         <run_address>0x2000eb40</run_address>
         <size>0x10</size>
         <input_file_ref idref="fl-15"/>
      </object_component>
      <object_component id="oc-2e5">
         <name>.text:Timer_Params_init</name>
         <load_address>0x2000eb50</load_address>
         <run_address>0x2000eb50</run_address>
         <size>0x10</size>
         <input_file_ref idref="fl-e"/>
      </object_component>
      <object_component id="oc-511">
         <name>.text:HwiP_clearInterrupt</name>
         <load_address>0x2000eb60</load_address>
         <run_address>0x2000eb60</run_address>
         <size>0xe</size>
         <input_file_ref idref="fl-17"/>
      </object_component>
      <object_component id="oc-26d">
         <name>.text:HwiP_disable</name>
         <load_address>0x2000eb6e</load_address>
         <run_address>0x2000eb6e</run_address>
         <size>0xe</size>
         <input_file_ref idref="fl-17"/>
      </object_component>
      <object_component id="oc-159">
         <name>.text:HwiP_enable</name>
         <load_address>0x2000eb7c</load_address>
         <run_address>0x2000eb7c</run_address>
         <size>0xe</size>
         <input_file_ref idref="fl-17"/>
      </object_component>
      <object_component id="oc-1a">
         <name>.text:decompress:none:__TI_decompress_none</name>
         <load_address>0x2000eb8a</load_address>
         <run_address>0x2000eb8a</run_address>
         <size>0xe</size>
         <input_file_ref idref="fl-dc"/>
      </object_component>
      <object_component id="oc-45a">
         <name>.text:Power_getConstraintMask</name>
         <load_address>0x2000eb98</load_address>
         <run_address>0x2000eb98</run_address>
         <size>0xc</size>
         <input_file_ref idref="fl-10"/>
      </object_component>
      <object_component id="oc-415">
         <name>.text:postNotifyFxn</name>
         <load_address>0x2000eba4</load_address>
         <run_address>0x2000eba4</run_address>
         <size>0xc</size>
         <input_file_ref idref="fl-12"/>
      </object_component>
      <object_component id="oc-2f7">
         <name>.text:timerCallback</name>
         <load_address>0x2000ebb0</load_address>
         <run_address>0x2000ebb0</run_address>
         <size>0xc</size>
         <input_file_ref idref="fl-2"/>
      </object_component>
      <object_component id="oc-377">
         <name>.text:ClockP_isActive</name>
         <load_address>0x2000ebbc</load_address>
         <run_address>0x2000ebbc</run_address>
         <size>0xa</size>
         <input_file_ref idref="fl-16"/>
      </object_component>
      <object_component id="oc-53">
         <name>.text:IntMasterDisable</name>
         <load_address>0x2000ebc6</load_address>
         <run_address>0x2000ebc6</run_address>
         <size>0xa</size>
         <input_file_ref idref="fl-1d"/>
      </object_component>
      <object_component id="oc-3b9">
         <name>.text:malloc</name>
         <load_address>0x2000ebd0</load_address>
         <run_address>0x2000ebd0</run_address>
         <size>0x8</size>
         <input_file_ref idref="fl-de"/>
      </object_component>
      <object_component id="oc-22d">
         <name>.text:UtilsDelay</name>
         <load_address>0x2000ebd8</load_address>
         <run_address>0x2000ebd8</run_address>
         <size>0x6</size>
         <input_file_ref idref="fl-21"/>
      </object_component>
      <object_component id="oc-5d1">
         <name>.text:HwiP_post</name>
         <load_address>0x2000ebde</load_address>
         <run_address>0x2000ebde</run_address>
         <size>0x4</size>
         <input_file_ref idref="fl-17"/>
      </object_component>
      <object_component id="oc-279">
         <name>.text:SemaphoreP_delete</name>
         <load_address>0x2000ebe2</load_address>
         <run_address>0x2000ebe2</run_address>
         <size>0x4</size>
         <input_file_ref idref="fl-15"/>
      </object_component>
      <object_component id="oc-114">
         <name>.text:_system_pre_init</name>
         <load_address>0x2000ebe6</load_address>
         <run_address>0x2000ebe6</run_address>
         <size>0x4</size>
         <input_file_ref idref="fl-e3"/>
      </object_component>
      <object_component id="oc-166">
         <name>.text:abort:abort</name>
         <load_address>0x2000ebea</load_address>
         <run_address>0x2000ebea</run_address>
         <size>0x4</size>
         <input_file_ref idref="fl-e5"/>
      </object_component>
      <object_component id="oc-61">
         <name>.text:nmiISR</name>
         <load_address>0x2000ebee</load_address>
         <run_address>0x2000ebee</run_address>
         <size>0x2</size>
         <input_file_ref idref="fl-19"/>
      </object_component>
      <object_component id="oc-593">
         <name>.text</name>
         <load_address>0x2000ebf0</load_address>
         <run_address>0x2000ebf0</run_address>
         <size>0x2</size>
         <input_file_ref idref="fl-e0"/>
      </object_component>
      <object_component id="oc-32b">
         <name>.const:g_ulPinToPadMap</name>
         <load_address>0x2000f1e0</load_address>
         <run_address>0x2000f1e0</run_address>
         <size>0x100</size>
         <input_file_ref idref="fl-1e"/>
      </object_component>
      <object_component id="oc-324">
         <name>.const:PRCM_PeriphRegsList</name>
         <load_address>0x2000f2e0</load_address>
         <run_address>0x2000f2e0</run_address>
         <size>0xa8</size>
         <input_file_ref idref="fl-1f"/>
      </object_component>
      <object_component id="oc-262">
         <name>.const:PowerCC32XX_config</name>
         <load_address>0x2000f388</load_address>
         <run_address>0x2000f388</run_address>
         <size>0x44</size>
         <input_file_ref idref="fl-3"/>
      </object_component>
      <object_component id="oc-2bd">
         <name>.const:.string:pinTable</name>
         <load_address>0x2000f3cc</load_address>
         <run_address>0x2000f3cc</run_address>
         <size>0x21</size>
         <input_file_ref idref="fl-f"/>
      </object_component>
      <object_component id="oc-10e">
         <name>.const:g_pulEnRegs</name>
         <load_address>0x2000f3f0</load_address>
         <run_address>0x2000f3f0</run_address>
         <size>0x18</size>
         <input_file_ref idref="fl-1d"/>
      </object_component>
      <object_component id="oc-6ad">
         <name>.const:g_pulPendRegs</name>
         <load_address>0x2000f408</load_address>
         <run_address>0x2000f408</run_address>
         <size>0x18</size>
         <input_file_ref idref="fl-1d"/>
      </object_component>
      <object_component id="oc-295">
         <name>.const:GPIOCC32XX_config</name>
         <load_address>0x2000f420</load_address>
         <run_address>0x2000f420</run_address>
         <size>0x14</size>
         <input_file_ref idref="fl-3"/>
      </object_component>
      <object_component id="oc-2d8">
         <name>.const:gpioBaseAddresses</name>
         <load_address>0x2000f434</load_address>
         <run_address>0x2000f434</run_address>
         <size>0x14</size>
         <input_file_ref idref="fl-f"/>
      </object_component>
      <object_component id="oc-2c0">
         <name>.const:powerResources</name>
         <load_address>0x2000f448</load_address>
         <run_address>0x2000f448</run_address>
         <size>0x14</size>
         <input_file_ref idref="fl-f"/>
      </object_component>
      <object_component id="oc-549">
         <name>.const:timerCC32XXHWAttrs</name>
         <load_address>0x2000f45c</load_address>
         <run_address>0x2000f45c</run_address>
         <size>0x10</size>
         <input_file_ref idref="fl-3"/>
      </object_component>
      <object_component id="oc-3e4">
         <name>.const:defaultParams</name>
         <load_address>0x2000f46c</load_address>
         <run_address>0x2000f46c</run_address>
         <size>0xc</size>
         <input_file_ref idref="fl-e"/>
      </object_component>
      <object_component id="oc-40f">
         <name>.const:defaultParams</name>
         <load_address>0x2000f478</load_address>
         <run_address>0x2000f478</run_address>
         <size>0xc</size>
         <input_file_ref idref="fl-12"/>
      </object_component>
      <object_component id="oc-412">
         <name>.const:Timer_config</name>
         <load_address>0x2000f484</load_address>
         <run_address>0x2000f484</run_address>
         <size>0x8</size>
         <input_file_ref idref="fl-3"/>
      </object_component>
      <object_component id="oc-2c6">
         <name>.const:outPinTypes</name>
         <load_address>0x2000f48c</load_address>
         <run_address>0x2000f48c</run_address>
         <size>0x8</size>
         <input_file_ref idref="fl-f"/>
      </object_component>
      <object_component id="oc-2d5">
         <name>.const:.string:interruptType</name>
         <load_address>0x2000f494</load_address>
         <run_address>0x2000f494</run_address>
         <size>0x6</size>
         <input_file_ref idref="fl-f"/>
      </object_component>
      <object_component id="oc-2c9">
         <name>.const:inPinTypes</name>
         <load_address>0x2000f49a</load_address>
         <run_address>0x2000f49a</run_address>
         <size>0x6</size>
         <input_file_ref idref="fl-f"/>
      </object_component>
      <object_component id="oc-2c3">
         <name>.const:outPinStrengths</name>
         <load_address>0x2000f4a0</load_address>
         <run_address>0x2000f4a0</run_address>
         <size>0x6</size>
         <input_file_ref idref="fl-f"/>
      </object_component>
      <object_component id="oc-40c">
         <name>.const</name>
         <load_address>0x2000f4a6</load_address>
         <run_address>0x2000f4a6</run_address>
         <size>0x6</size>
         <input_file_ref idref="fl-3"/>
      </object_component>
      <object_component id="oc-2cc">
         <name>.const:.string:portInterruptIds</name>
         <load_address>0x2000f4ac</load_address>
         <run_address>0x2000f4ac</run_address>
         <size>0x4</size>
         <input_file_ref idref="fl-f"/>
      </object_component>
      <object_component id="oc-6e3">
         <name>.cinit..data.load</name>
         <load_address>0x2000f6c0</load_address>
         <run_address>0x2000f6c0</run_address>
         <size>0xdf</size>
      </object_component>
      <object_component id="oc-6e1">
         <name>__TI_handler_table</name>
         <load_address>0x2000f7a0</load_address>
         <run_address>0x2000f7a0</run_address>
         <size>0xc</size>
      </object_component>
      <object_component id="oc-6e4">
         <name>.cinit..bss.load</name>
         <load_address>0x2000f7b0</load_address>
         <run_address>0x2000f7b0</run_address>
         <size>0x8</size>
      </object_component>
      <object_component id="oc-6e2">
         <name>__TI_cinit_table</name>
         <load_address>0x2000f7b8</load_address>
         <run_address>0x2000f7b8</run_address>
         <size>0x10</size>
      </object_component>
      <object_component id="oc-575">
         <name>.data:SOS</name>
         <load_address>0x2000f164</load_address>
         <run_address>0x2000f164</run_address>
         <size>0x11</size>
         <input_file_ref idref="fl-2"/>
      </object_component>
      <object_component id="oc-578">
         <name>.data:OK</name>
         <load_address>0x2000f198</load_address>
         <run_address>0x2000f198</run_address>
         <size>0xb</size>
         <input_file_ref idref="fl-2"/>
      </object_component>
      <object_component id="oc-571">
         <name>.data</name>
         <load_address>0x2000f1c8</load_address>
         <run_address>0x2000f1c8</run_address>
         <size>0x8</size>
         <input_file_ref idref="fl-2"/>
      </object_component>
      <object_component id="oc-3a3">
         <name>.data:gpioPinConfigs</name>
         <load_address>0x2000f188</load_address>
         <run_address>0x2000f188</run_address>
         <size>0x10</size>
         <input_file_ref idref="fl-3"/>
      </object_component>
      <object_component id="oc-3a6">
         <name>.data:gpioCallbackFunctions</name>
         <load_address>0x2000f178</load_address>
         <run_address>0x2000f178</run_address>
         <size>0x10</size>
         <input_file_ref idref="fl-3"/>
      </object_component>
      <object_component id="oc-346">
         <name>.data:parkInfo</name>
         <load_address>0x2000f06c</load_address>
         <run_address>0x2000f06c</run_address>
         <size>0xf8</size>
         <input_file_ref idref="fl-3"/>
      </object_component>
      <object_component id="oc-292">
         <name>.data</name>
         <load_address>0x2000f1a4</load_address>
         <run_address>0x2000f1a4</run_address>
         <size>0x9</size>
         <input_file_ref idref="fl-f"/>
      </object_component>
      <object_component id="oc-25f">
         <name>.data:PowerCC32XX_module</name>
         <load_address>0x2000ef00</load_address>
         <run_address>0x2000ef00</run_address>
         <size>0x16c</size>
         <input_file_ref idref="fl-10"/>
      </object_component>
      <object_component id="oc-389">
         <name>.data</name>
         <load_address>0x2000f175</load_address>
         <run_address>0x2000f175</run_address>
         <size>0x3</size>
         <input_file_ref idref="fl-15"/>
      </object_component>
      <object_component id="oc-4a1">
         <name>.data:SemaphoreP_defaultParams</name>
         <load_address>0x2000f1c0</load_address>
         <run_address>0x2000f1c0</run_address>
         <size>0x8</size>
         <input_file_ref idref="fl-15"/>
      </object_component>
      <object_component id="oc-494">
         <name>.data</name>
         <load_address>0x2000f1d8</load_address>
         <run_address>0x2000f1d8</run_address>
         <size>0x5</size>
         <input_file_ref idref="fl-16"/>
      </object_component>
      <object_component id="oc-4ea">
         <name>.data:HwiP_dispatchTable</name>
         <load_address>0x2000ebf4</load_address>
         <run_address>0x2000ebf4</run_address>
         <size>0x30c</size>
         <input_file_ref idref="fl-17"/>
      </object_component>
      <object_component id="oc-4f3">
         <name>.data</name>
         <load_address>0x2000f1d0</load_address>
         <run_address>0x2000f1d0</run_address>
         <size>0x8</size>
         <input_file_ref idref="fl-17"/>
      </object_component>
      <object_component id="oc-5e4">
         <name>.data:$O1$$</name>
         <load_address>0x2000f1b8</load_address>
         <run_address>0x2000f1b8</run_address>
         <size>0x8</size>
         <input_file_ref idref="fl-de"/>
      </object_component>
      <object_component id="oc-1ff">
         <name>.data:$O1$$</name>
         <load_address>0x2000f1b0</load_address>
         <run_address>0x2000f1b0</run_address>
         <size>0x8</size>
         <input_file_ref idref="fl-e6"/>
      </object_component>
      <object_component id="oc-2a1">
         <name>.bss:gpioCallbackInfo</name>
         <uninitialized>true</uninitialized>
         <run_address>0x2000f660</run_address>
         <size>0x20</size>
         <input_file_ref idref="fl-f"/>
      </object_component>
      <object_component id="oc-298">
         <name>.bss:powerNotifyObj</name>
         <uninitialized>true</uninitialized>
         <run_address>0x2000f680</run_address>
         <size>0x14</size>
         <input_file_ref idref="fl-f"/>
      </object_component>
      <object_component id="oc-291">
         <name>.bss</name>
         <uninitialized>true</uninitialized>
         <run_address>0x2000f694</run_address>
         <size>0x4</size>
         <input_file_ref idref="fl-f"/>
      </object_component>
      <object_component id="oc-4ff">
         <name>.bss:timerState</name>
         <uninitialized>true</uninitialized>
         <run_address>0x2000f6bc</run_address>
         <size>0x4</size>
         <input_file_ref idref="fl-12"/>
      </object_component>
      <object_component id="oc-646">
         <name>.bss</name>
         <uninitialized>true</uninitialized>
         <run_address>0x2000f6b8</run_address>
         <size>0x4</size>
         <input_file_ref idref="fl-16"/>
      </object_component>
      <object_component id="oc-57e">
         <name>.bss</name>
         <uninitialized>true</uninitialized>
         <run_address>0x2000f6a8</run_address>
         <size>0xd</size>
         <input_file_ref idref="fl-1a"/>
      </object_component>
      <object_component id="oc-574">
         <name>.common:MorseCode_Cycle</name>
         <uninitialized>true</uninitialized>
         <run_address>0x2000f6b6</run_address>
         <size>0x1</size>
      </object_component>
      <object_component id="oc-2fe">
         <name>.common:Mode</name>
         <uninitialized>true</uninitialized>
         <run_address>0x2000f6b5</run_address>
         <size>0x1</size>
      </object_component>
      <object_component id="oc-548">
         <name>.common:timerCC32XXObjects</name>
         <uninitialized>true</uninitialized>
         <run_address>0x2000f5dc</run_address>
         <size>0x84</size>
      </object_component>
      <object_component id="oc-65b">
         <name>.common:PowerCC32XX_contextSave</name>
         <uninitialized>true</uninitialized>
         <run_address>0x2000f4b0</run_address>
         <size>0x12c</size>
      </object_component>
      <object_component id="oc-e1">
         <name>.common:ClockP_ctrl</name>
         <uninitialized>true</uninitialized>
         <run_address>0x2000f698</run_address>
         <size>0x10</size>
      </object_component>
      <object_component id="oc-2a">
         <name>.sysmem</name>
         <uninitialized>true</uninitialized>
         <run_address>0x20004040</run_address>
         <size>0x10</size>
         <input_file_ref idref="fl-de"/>
      </object_component>
      <object_component id="oc-6e7">
         <name>.sysmem</name>
         <uninitialized>true</uninitialized>
         <run_address>0x20004040</run_address>
         <size>0x0</size>
      </object_component>
      <object_component id="oc-2d">
         <name>.stack</name>
         <uninitialized>true</uninitialized>
         <run_address>0x20003000</run_address>
         <size>0x4</size>
         <input_file_ref idref="fl-df"/>
      </object_component>
      <object_component id="oc-6e6">
         <name>.stack</name>
         <uninitialized>true</uninitialized>
         <run_address>0x20003000</run_address>
         <size>0x0</size>
      </object_component>
      <object_component id="oc-27">
         <name>.resetVecs:retain</name>
         <load_address>0x20004000</load_address>
         <run_address>0x20004000</run_address>
         <size>0x40</size>
         <input_file_ref idref="fl-19"/>
      </object_component>
      <object_component id="oc-bb">
         <name>.ramVecs</name>
         <uninitialized>true</uninitialized>
         <run_address>0x20000000</run_address>
         <size>0x30c</size>
         <input_file_ref idref="fl-19"/>
      </object_component>
      <object_component id="oc-14d">
         <name>.debug_info</name>
         <load_address>0x0</load_address>
         <run_address>0x0</run_address>
         <size>0x3f9</size>
         <input_file_ref idref="fl-2"/>
      </object_component>
      <object_component id="oc-576">
         <name>.debug_info</name>
         <load_address>0x3f9</load_address>
         <run_address>0x3f9</run_address>
         <size>0xeb</size>
         <input_file_ref idref="fl-2"/>
      </object_component>
      <object_component id="oc-579">
         <name>.debug_info</name>
         <load_address>0x4e4</load_address>
         <run_address>0x4e4</run_address>
         <size>0xe9</size>
         <input_file_ref idref="fl-2"/>
      </object_component>
      <object_component id="oc-572">
         <name>.debug_info</name>
         <load_address>0x5cd</load_address>
         <run_address>0x5cd</run_address>
         <size>0x112</size>
         <input_file_ref idref="fl-2"/>
      </object_component>
      <object_component id="oc-1f5">
         <name>.debug_info</name>
         <load_address>0x6df</load_address>
         <run_address>0x6df</run_address>
         <size>0x162</size>
         <input_file_ref idref="fl-2"/>
      </object_component>
      <object_component id="oc-56c">
         <name>.debug_info</name>
         <load_address>0x841</load_address>
         <run_address>0x841</run_address>
         <size>0x239</size>
         <input_file_ref idref="fl-2"/>
      </object_component>
      <object_component id="oc-42b">
         <name>.debug_info</name>
         <load_address>0xa7a</load_address>
         <run_address>0xa7a</run_address>
         <size>0x199</size>
         <input_file_ref idref="fl-2"/>
      </object_component>
      <object_component id="oc-2f8">
         <name>.debug_info</name>
         <load_address>0xc13</load_address>
         <run_address>0xc13</run_address>
         <size>0x1ae</size>
         <input_file_ref idref="fl-2"/>
      </object_component>
      <object_component id="oc-1ef">
         <name>.debug_info</name>
         <load_address>0xdc1</load_address>
         <run_address>0xdc1</run_address>
         <size>0x1ab</size>
         <input_file_ref idref="fl-2"/>
      </object_component>
      <object_component id="oc-160">
         <name>.debug_info</name>
         <load_address>0xf6c</load_address>
         <run_address>0xf6c</run_address>
         <size>0x228</size>
         <input_file_ref idref="fl-2"/>
      </object_component>
      <object_component id="oc-1a7">
         <name>.debug_info</name>
         <load_address>0x1194</load_address>
         <run_address>0x1194</run_address>
         <size>0x2a7</size>
         <input_file_ref idref="fl-2"/>
      </object_component>
      <object_component id="oc-134">
         <name>.debug_info</name>
         <load_address>0x143b</load_address>
         <run_address>0x143b</run_address>
         <size>0x100</size>
         <input_file_ref idref="fl-2"/>
      </object_component>
      <object_component id="oc-222">
         <name>.debug_info</name>
         <load_address>0x153b</load_address>
         <run_address>0x153b</run_address>
         <size>0xf8</size>
         <input_file_ref idref="fl-2"/>
      </object_component>
      <object_component id="oc-e7">
         <name>.debug_info</name>
         <load_address>0x1633</load_address>
         <run_address>0x1633</run_address>
         <size>0x26b</size>
         <input_file_ref idref="fl-2"/>
      </object_component>
      <object_component id="oc-1ac">
         <name>.debug_info</name>
         <load_address>0x189e</load_address>
         <run_address>0x189e</run_address>
         <size>0xa1</size>
         <input_file_ref idref="fl-2"/>
      </object_component>
      <object_component id="oc-21d">
         <name>.debug_info</name>
         <load_address>0x193f</load_address>
         <run_address>0x193f</run_address>
         <size>0xb6</size>
         <input_file_ref idref="fl-2"/>
      </object_component>
      <object_component id="oc-1b1">
         <name>.debug_info</name>
         <load_address>0x19f5</load_address>
         <run_address>0x19f5</run_address>
         <size>0xa3</size>
         <input_file_ref idref="fl-2"/>
      </object_component>
      <object_component id="oc-108">
         <name>.debug_info</name>
         <load_address>0x1a98</load_address>
         <run_address>0x1a98</run_address>
         <size>0x8b</size>
         <input_file_ref idref="fl-2"/>
      </object_component>
      <object_component id="oc-1bb">
         <name>.debug_info</name>
         <load_address>0x1b23</load_address>
         <run_address>0x1b23</run_address>
         <size>0x3b</size>
         <input_file_ref idref="fl-2"/>
      </object_component>
      <object_component id="oc-148">
         <name>.debug_info</name>
         <load_address>0x1b5e</load_address>
         <run_address>0x1b5e</run_address>
         <size>0x2a4</size>
         <input_file_ref idref="fl-2"/>
      </object_component>
      <object_component id="oc-1b6">
         <name>.debug_info</name>
         <load_address>0x1e02</load_address>
         <run_address>0x1e02</run_address>
         <size>0xef</size>
         <input_file_ref idref="fl-2"/>
      </object_component>
      <object_component id="oc-12f">
         <name>.debug_info</name>
         <load_address>0x1ef1</load_address>
         <run_address>0x1ef1</run_address>
         <size>0xbb</size>
         <input_file_ref idref="fl-2"/>
      </object_component>
      <object_component id="oc-689">
         <name>.debug_info</name>
         <load_address>0x1fac</load_address>
         <run_address>0x1fac</run_address>
         <size>0x53</size>
         <input_file_ref idref="fl-2"/>
      </object_component>
      <object_component id="oc-34b">
         <name>.debug_info</name>
         <load_address>0x1fff</load_address>
         <run_address>0x1fff</run_address>
         <size>0x3d2</size>
         <input_file_ref idref="fl-3"/>
      </object_component>
      <object_component id="oc-3a4">
         <name>.debug_info</name>
         <load_address>0x23d1</load_address>
         <run_address>0x23d1</run_address>
         <size>0x109</size>
         <input_file_ref idref="fl-3"/>
      </object_component>
      <object_component id="oc-3a7">
         <name>.debug_info</name>
         <load_address>0x24da</load_address>
         <run_address>0x24da</run_address>
         <size>0x117</size>
         <input_file_ref idref="fl-3"/>
      </object_component>
      <object_component id="oc-40d">
         <name>.debug_info</name>
         <load_address>0x25f1</load_address>
         <run_address>0x25f1</run_address>
         <size>0x244</size>
         <input_file_ref idref="fl-3"/>
      </object_component>
      <object_component id="oc-296">
         <name>.debug_info</name>
         <load_address>0x2835</load_address>
         <run_address>0x2835</run_address>
         <size>0x10f</size>
         <input_file_ref idref="fl-3"/>
      </object_component>
      <object_component id="oc-263">
         <name>.debug_info</name>
         <load_address>0x2944</load_address>
         <run_address>0x2944</run_address>
         <size>0x111</size>
         <input_file_ref idref="fl-3"/>
      </object_component>
      <object_component id="oc-54a">
         <name>.debug_info</name>
         <load_address>0x2a55</load_address>
         <run_address>0x2a55</run_address>
         <size>0x111</size>
         <input_file_ref idref="fl-3"/>
      </object_component>
      <object_component id="oc-413">
         <name>.debug_info</name>
         <load_address>0x2b66</load_address>
         <run_address>0x2b66</run_address>
         <size>0x105</size>
         <input_file_ref idref="fl-3"/>
      </object_component>
      <object_component id="oc-347">
         <name>.debug_info</name>
         <load_address>0x2c6b</load_address>
         <run_address>0x2c6b</run_address>
         <size>0xfd</size>
         <input_file_ref idref="fl-3"/>
      </object_component>
      <object_component id="oc-1cf">
         <name>.debug_info</name>
         <load_address>0x2d68</load_address>
         <run_address>0x2d68</run_address>
         <size>0x155</size>
         <input_file_ref idref="fl-3"/>
      </object_component>
      <object_component id="oc-154">
         <name>.debug_info</name>
         <load_address>0x2ebd</load_address>
         <run_address>0x2ebd</run_address>
         <size>0x18b</size>
         <input_file_ref idref="fl-3"/>
      </object_component>
      <object_component id="oc-49c">
         <name>.debug_info</name>
         <load_address>0x3048</load_address>
         <run_address>0x3048</run_address>
         <size>0x198</size>
         <input_file_ref idref="fl-3"/>
      </object_component>
      <object_component id="oc-335">
         <name>.debug_info</name>
         <load_address>0x31e0</load_address>
         <run_address>0x31e0</run_address>
         <size>0x878</size>
         <input_file_ref idref="fl-3"/>
      </object_component>
      <object_component id="oc-3de">
         <name>.debug_info</name>
         <load_address>0x3a58</load_address>
         <run_address>0x3a58</run_address>
         <size>0x9a</size>
         <input_file_ref idref="fl-3"/>
      </object_component>
      <object_component id="oc-444">
         <name>.debug_info</name>
         <load_address>0x3af2</load_address>
         <run_address>0x3af2</run_address>
         <size>0x62</size>
         <input_file_ref idref="fl-3"/>
      </object_component>
      <object_component id="oc-aa">
         <name>.debug_info</name>
         <load_address>0x3b54</load_address>
         <run_address>0x3b54</run_address>
         <size>0x2c</size>
         <input_file_ref idref="fl-3"/>
      </object_component>
      <object_component id="oc-11c">
         <name>.debug_info</name>
         <load_address>0x3b80</load_address>
         <run_address>0x3b80</run_address>
         <size>0x156</size>
         <input_file_ref idref="fl-4"/>
      </object_component>
      <object_component id="oc-36">
         <name>.debug_info</name>
         <load_address>0x3cd6</load_address>
         <run_address>0x3cd6</run_address>
         <size>0x84</size>
         <input_file_ref idref="fl-4"/>
      </object_component>
      <object_component id="oc-1a4">
         <name>.debug_info</name>
         <load_address>0x3d5a</load_address>
         <run_address>0x3d5a</run_address>
         <size>0x402</size>
         <input_file_ref idref="fl-e"/>
      </object_component>
      <object_component id="oc-3e5">
         <name>.debug_info</name>
         <load_address>0x415c</load_address>
         <run_address>0x415c</run_address>
         <size>0xde</size>
         <input_file_ref idref="fl-e"/>
      </object_component>
      <object_component id="oc-506">
         <name>.debug_info</name>
         <load_address>0x423a</load_address>
         <run_address>0x423a</run_address>
         <size>0x1ba</size>
         <input_file_ref idref="fl-e"/>
      </object_component>
      <object_component id="oc-2f2">
         <name>.debug_info</name>
         <load_address>0x43f4</load_address>
         <run_address>0x43f4</run_address>
         <size>0x1c7</size>
         <input_file_ref idref="fl-e"/>
      </object_component>
      <object_component id="oc-2e0">
         <name>.debug_info</name>
         <load_address>0x45bb</load_address>
         <run_address>0x45bb</run_address>
         <size>0xff</size>
         <input_file_ref idref="fl-e"/>
      </object_component>
      <object_component id="oc-2e6">
         <name>.debug_info</name>
         <load_address>0x46ba</load_address>
         <run_address>0x46ba</run_address>
         <size>0x122</size>
         <input_file_ref idref="fl-e"/>
      </object_component>
      <object_component id="oc-13e">
         <name>.debug_info</name>
         <load_address>0x47dc</load_address>
         <run_address>0x47dc</run_address>
         <size>0x137</size>
         <input_file_ref idref="fl-e"/>
      </object_component>
      <object_component id="oc-139">
         <name>.debug_info</name>
         <load_address>0x4913</load_address>
         <run_address>0x4913</run_address>
[...]
      </symbol>
      <symbol id="sm-400">
         <name>PowerCC32XX_module</name>
         <value>0x2000ef00</value>
         <object_component_ref idref="oc-25f"/>
      </symbol>
      <symbol id="sm-401">
         <name>Power_getTransitionLatency</name>
         <value>0x2000e969</value>
         <object_component_ref idref="oc-466"/>
      </symbol>
      <symbol id="sm-402">
         <name>Power_setDependency</name>
         <value>0x2000d749</value>
         <object_component_ref idref="oc-2ab"/>
      </symbol>
      <symbol id="sm-413">
         <name>PowerCC32XX_enterLPDS</name>
         <value>0x2000e0a9</value>
         <object_component_ref idref="oc-5ab"/>
      </symbol>
      <symbol id="sm-414">
         <name>PowerCC32XX_resumeLPDS</name>
         <value>0x2000dbf1</value>
         <object_component_ref idref="oc-65d"/>
      </symbol>
      <symbol id="sm-4b5">
         <name>Timer_open</name>
         <value>0x2000ca6d</value>
         <object_component_ref idref="oc-2eb"/>
      </symbol>
      <symbol id="sm-4b6">
         <name>TimerCC32XX_freeTimerResource</name>
         <value>0x2000e559</value>
         <object_component_ref idref="oc-523"/>
      </symbol>
      <symbol id="sm-4b7">
         <name>TimerSupport_timerDisable</name>
         <value>0x2000e7bd</value>
         <object_component_ref idref="oc-5ff"/>
      </symbol>
      <symbol id="sm-4b8">
         <name>Timer_close</name>
         <value>0x2000e27d</value>
         <object_component_ref idref="oc-3fa"/>
      </symbol>
      <symbol id="sm-4b9">
         <name>TimerSupport_timerEnable</name>
         <value>0x2000e23d</value>
         <object_component_ref idref="oc-423"/>
      </symbol>
      <symbol id="sm-4ba">
         <name>TimerCC32XX_allocateTimerResource</name>
         <value>0x2000dd35</value>
         <object_component_ref idref="oc-3e8"/>
      </symbol>
      <symbol id="sm-4d2">
         <name>List_remove</name>
         <value>0x2000e773</value>
         <object_component_ref idref="oc-606"/>
      </symbol>
      <symbol id="sm-4d3">
         <name>List_put</name>
         <value>0x2000e74d</value>
         <object_component_ref idref="oc-38d"/>
      </symbol>
      <symbol id="sm-55e">
         <name>SemaphoreP_defaultParams</name>
         <value>0x2000f1c0</value>
         <object_component_ref idref="oc-4a1"/>
      </symbol>
      <symbol id="sm-55f">
         <name>SemaphoreP_construct</name>
         <value>0x2000dce5</value>
         <object_component_ref idref="oc-4a5"/>
      </symbol>
      <symbol id="sm-560">
         <name>SemaphoreP_create</name>
         <value>0x2000ea0d</value>
         <object_component_ref idref="oc-353"/>
      </symbol>
      <symbol id="sm-561">
         <name>SemaphoreP_destruct</name>
         <value>0x2000e36f</value>
         <object_component_ref idref="oc-51d"/>
      </symbol>
      <symbol id="sm-562">
         <name>SemaphoreP_post</name>
         <value>0x2000e0ed</value>
         <object_component_ref idref="oc-28b"/>
      </symbol>
      <symbol id="sm-563">
         <name>SemaphoreP_pend</name>
         <value>0x2000d11d</value>
         <object_component_ref idref="oc-27f"/>
      </symbol>
      <symbol id="sm-564">
         <name>SemaphoreP_delete</name>
         <value>0x2000ebe3</value>
         <object_component_ref idref="oc-279"/>
      </symbol>
      <symbol id="sm-565">
         <name>SemaphoreP_createBinary</name>
         <value>0x2000e931</value>
         <object_component_ref idref="oc-267"/>
      </symbol>
      <symbol id="sm-566">
         <name>SemaphoreP_constructBinary</name>
         <value>0x2000e865</value>
         <object_component_ref idref="oc-3ee"/>
      </symbol>
      <symbol id="sm-567">
         <name>SemaphoreP_Params_init</name>
         <value>0x2000eb41</value>
         <object_component_ref idref="oc-34d"/>
      </symbol>
      <symbol id="sm-568">
         <name>clkFxn</name>
         <value>0x2000e967</value>
         <object_component_ref idref="oc-383"/>
      </symbol>
      <symbol id="sm-623">
         <name>ClockP_ctrl</name>
         <value>0x2000f698</value>
      </symbol>
      <symbol id="sm-624">
         <name>ClockP_doTick</name>
         <value>0x2000dc95</value>
         <object_component_ref idref="oc-79"/>
      </symbol>
      <symbol id="sm-625">
         <name>ClockP_startup</name>
         <value>0x2000e4f1</value>
         <object_component_ref idref="oc-58a"/>
      </symbol>
      <symbol id="sm-626">
         <name>ClockP_stop</name>
         <value>0x2000e021</value>
         <object_component_ref idref="oc-4cd"/>
      </symbol>
      <symbol id="sm-627">
         <name>ClockP_getTicksUntilInterrupt</name>
         <value>0x2000e4bd</value>
         <object_component_ref idref="oc-460"/>
      </symbol>
      <symbol id="sm-628">
         <name>ClockP_setTicks</name>
         <value>0x2000eb01</value>
         <object_component_ref idref="oc-488"/>
      </symbol>
      <symbol id="sm-629">
         <name>ClockP_tickPeriod</name>
         <value>0x2000f1d8</value>
         <object_component_ref idref="oc-494"/>
      </symbol>
      <symbol id="sm-62a">
         <name>ClockP_getSystemTicks</name>
         <value>0x2000eaf1</value>
         <object_component_ref idref="oc-46c"/>
      </symbol>
      <symbol id="sm-62b">
         <name>ClockP_destruct</name>
         <value>0x2000e2bd</value>
         <object_component_ref idref="oc-37d"/>
      </symbol>
      <symbol id="sm-62c">
         <name>ClockP_start</name>
         <value>0x2000e5f5</value>
         <object_component_ref idref="oc-36b"/>
      </symbol>
      <symbol id="sm-62d">
         <name>ClockP_sysTickHandler</name>
         <value>0x2000dc95</value>
         <object_component_ref idref="oc-79"/>
      </symbol>
      <symbol id="sm-62e">
         <name>ClockP_isActive</name>
         <value>0x2000ebbd</value>
         <object_component_ref idref="oc-377"/>
      </symbol>
      <symbol id="sm-62f">
         <name>ClockP_getCpuFreq</name>
         <value>0x2000eae1</value>
         <object_component_ref idref="oc-3f4"/>
      </symbol>
      <symbol id="sm-630">
         <name>ClockP_add</name>
         <value>0x2000eacf</value>
         <object_component_ref idref="oc-365"/>
      </symbol>
      <symbol id="sm-6b9">
         <name>HwiP_delete</name>
         <value>0x2000eb11</value>
         <object_component_ref idref="oc-517"/>
      </symbol>
      <symbol id="sm-6ba">
         <name>HwiP_construct</name>
         <value>0x2000d419</value>
         <object_component_ref idref="oc-3bf"/>
      </symbol>
      <symbol id="sm-6bb">
         <name>HwiP_inISR</name>
         <value>0x2000ea39</value>
         <object_component_ref idref="oc-394"/>
      </symbol>
      <symbol id="sm-6bc">
         <name>HwiP_dispatch</name>
         <value>0x2000e799</value>
         <object_component_ref idref="oc-4ed"/>
      </symbol>
      <symbol id="sm-6bd">
         <name>HwiP_destruct</name>
         <value>0x2000e805</value>
         <object_component_ref idref="oc-60e"/>
      </symbol>
      <symbol id="sm-6be">
         <name>HwiP_clearInterrupt</name>
         <value>0x2000eb61</value>
         <object_component_ref idref="oc-511"/>
      </symbol>
      <symbol id="sm-6bf">
         <name>HwiP_swiPIntNum</name>
         <value>0x2000f1d4</value>
         <object_component_ref idref="oc-4f3"/>
      </symbol>
      <symbol id="sm-6c0">
         <name>HwiP_Params_init</name>
         <value>0x2000ea89</value>
         <object_component_ref idref="oc-2b1"/>
      </symbol>
      <symbol id="sm-6c1">
         <name>HwiP_disable</name>
         <value>0x2000eb6f</value>
         <object_component_ref idref="oc-26d"/>
      </symbol>
      <symbol id="sm-6c2">
         <name>HwiP_key</name>
         <value>0x2000f1d0</value>
         <object_component_ref idref="oc-4f3"/>
      </symbol>
      <symbol id="sm-6c3">
         <name>HwiP_create</name>
         <value>0x2000e655</value>
         <object_component_ref idref="oc-2b7"/>
      </symbol>
      <symbol id="sm-6c4">
         <name>HwiP_post</name>
         <value>0x2000ebdf</value>
         <object_component_ref idref="oc-5d1"/>
      </symbol>
      <symbol id="sm-6c5">
         <name>HwiP_enable</name>
         <value>0x2000eb7d</value>
         <object_component_ref idref="oc-159"/>
      </symbol>
      <symbol id="sm-6c6">
         <name>HwiP_restore</name>
         <value>0x2000eb21</value>
         <object_component_ref idref="oc-273"/>
      </symbol>
      <symbol id="sm-6f6">
         <name>PowerCC32XX_initPolicy</name>
         <value>0x2000e01f</value>
         <object_component_ref idref="oc-33a"/>
      </symbol>
      <symbol id="sm-6f7">
         <name>PowerCC32XX_sleepPolicy</name>
         <value>0x2000c651</value>
         <object_component_ref idref="oc-340"/>
      </symbol>
      <symbol id="sm-74c">
         <name>resetISR</name>
         <value>0x2000e94d</value>
         <object_component_ref idref="oc-21"/>
      </symbol>
      <symbol id="sm-74d">
         <name>resetVectorAddr</name>
         <value>0x2000e960</value>
         <object_component_ref idref="oc-21"/>
      </symbol>
      <symbol id="sm-74e">
         <name>initVectors</name>
         <value>0x2000e3e1</value>
         <object_component_ref idref="oc-59"/>
      </symbol>
      <symbol id="sm-74f">
         <name>resetVectors</name>
         <value>0x20004000</value>
         <object_component_ref idref="oc-27"/>
      </symbol>
      <symbol id="sm-77f">
         <name>SwiP_disable</name>
         <value>0x2000e8dd</value>
         <object_component_ref idref="oc-454"/>
      </symbol>
      <symbol id="sm-780">
         <name>SwiP_restore</name>
         <value>0x2000e131</value>
         <object_component_ref idref="oc-48e"/>
      </symbol>
      <symbol id="sm-78b">
         <name>CPUcpsid</name>
         <value>0x2000ea23</value>
         <object_component_ref idref="oc-a3"/>
      </symbol>
      <symbol id="sm-7d0">
         <name>IntVTableBaseSet</name>
         <value>0x2000ea4d</value>
         <object_component_ref idref="oc-af"/>
      </symbol>
      <symbol id="sm-7d1">
         <name>IntEnable</name>
         <value>0x2000cfcd</value>
         <object_component_ref idref="oc-b5"/>
      </symbol>
      <symbol id="sm-7d2">
         <name>IntMasterDisable</name>
         <value>0x2000ebc7</value>
         <object_component_ref idref="oc-53"/>
      </symbol>
      <symbol id="sm-7d3">
         <name>IntPendSet</name>
         <value>0x2000d531</value>
         <object_component_ref idref="oc-680"/>
      </symbol>
      <symbol id="sm-80d">
         <name>PinModeGet</name>
         <value>0x2000e525</value>
         <object_component_ref idref="oc-24c"/>
      </symbol>
      <symbol id="sm-80e">
         <name>PinConfigSet</name>
         <value>0x2000d5b9</value>
         <object_component_ref idref="oc-2a5"/>
      </symbol>
      <symbol id="sm-80f">
         <name>PinModeSet</name>
         <value>0x2000e1fd</value>
         <object_component_ref idref="oc-252"/>
      </symbol>
      <symbol id="sm-810">
         <name>PinToPadGet</name>
         <value>0x2000e8c1</value>
         <object_component_ref idref="oc-64e"/>
      </symbol>
      <symbol id="sm-8d9">
         <name>PRCMLPDSRestoreInfoSet</name>
         <value>0x2000e065</value>
         <object_component_ref idref="oc-662"/>
      </symbol>
      <symbol id="sm-8da">
         <name>PRCMPeripheralReset</name>
         <value>0x2000daed</value>
         <object_component_ref idref="oc-240"/>
      </symbol>
      <symbol id="sm-8db">
         <name>PRCMLPDSEnter</name>
         <value>0x2000df01</value>
         <object_component_ref idref="oc-5c2"/>
      </symbol>
      <symbol id="sm-8dc">
         <name>PRCMPeripheralClkEnable</name>
         <value>0x2000df49</value>
         <object_component_ref idref="oc-23a"/>
      </symbol>
      <symbol id="sm-8dd">
         <name>PRCMLPDSEnterKeepDebugIf</name>
         <value>0x2000e371</value>
         <object_component_ref idref="oc-5c8"/>
      </symbol>
      <symbol id="sm-8de">
         <name>PRCMCC3200MCUInit</name>
         <value>0x2000c041</value>
         <object_component_ref idref="oc-1c2"/>
      </symbol>
      <symbol id="sm-8df">
         <name>PRCMHIBRegWrite</name>
         <value>0x2000e9f7</value>
         <object_component_ref idref="oc-22e"/>
      </symbol>
      <symbol id="sm-8e0">
         <name>PRCMSysResetCauseGet</name>
         <value>0x2000d97d</value>
         <object_component_ref idref="oc-227"/>
      </symbol>
      <symbol id="sm-8e1">
         <name>PRCMPeripheralClkDisable</name>
         <value>0x2000e6d5</value>
         <object_component_ref idref="oc-246"/>
      </symbol>
      <symbol id="sm-8e2">
         <name>PRCMHIBRegRead</name>
         <value>0x2000e9e1</value>
         <object_component_ref idref="oc-234"/>
      </symbol>
      <symbol id="sm-92a">
         <name>TimerLoadSet</name>
         <value>0x2000e67f</value>
         <object_component_ref idref="oc-537"/>
      </symbol>
      <symbol id="sm-92b">
         <name>TimerDisable</name>
         <value>0x2000e883</value>
         <object_component_ref idref="oc-52b"/>
      </symbol>
      <symbol id="sm-92c">
         <name>TimerEnable</name>
         <value>0x2000e8a1</value>
         <object_component_ref idref="oc-564"/>
      </symbol>
      <symbol id="sm-92d">
         <name>TimerIntDisable</name>
         <value>0x2000e999</value>
         <object_component_ref idref="oc-692"/>
      </symbol>
      <symbol id="sm-92e">
         <name>TimerPrescaleSet</name>
         <value>0x2000e6a9</value>
         <object_component_ref idref="oc-531"/>
      </symbol>
      <symbol id="sm-92f">
         <name>TimerControlStall</name>
         <value>0x2000e451</value>
         <object_component_ref idref="oc-53d"/>
      </symbol>
      <symbol id="sm-930">
         <name>TimerIntEnable</name>
         <value>0x2000e9b1</value>
         <object_component_ref idref="oc-558"/>
      </symbol>
      <symbol id="sm-931">
         <name>TimerIntClear</name>
         <value>0x2000ea9b</value>
         <object_component_ref idref="oc-54f"/>
      </symbol>
      <symbol id="sm-935">
         <name>UtilsDelay</name>
         <value>0x2000ebd9</value>
         <object_component_ref idref="oc-22d"/>
      </symbol>
      <symbol id="sm-945">
         <name>FlashDisable</name>
         <value>0x2000deb9</value>
         <object_component_ref idref="oc-678"/>
      </symbol>
      <symbol id="sm-94e">
         <name>__aeabi_lmul</name>
         <value>0x2000e9c9</value>
         <object_component_ref idref="oc-483"/>
      </symbol>
      <symbol id="sm-969">
         <name>memcpy</name>
         <value>0x2000d1bd</value>
         <object_component_ref idref="oc-3b"/>
      </symbol>
      <symbol id="sm-96a">
         <name>__aeabi_memcpy</name>
         <value>0x2000d1bd</value>
         <object_component_ref idref="oc-3b"/>
      </symbol>
      <symbol id="sm-96b">
         <name>__aeabi_memcpy8</name>
         <value>0x2000d1bd</value>
         <object_component_ref idref="oc-3b"/>
      </symbol>
      <symbol id="sm-96c">
         <name>__aeabi_memcpy4</name>
         <value>0x2000d1bd</value>
         <object_component_ref idref="oc-3b"/>
      </symbol>
      <symbol id="sm-979">
         <name>__aeabi_uldivmod</name>
         <value>0x2000d2f1</value>
         <object_component_ref idref="oc-478"/>
      </symbol>
      <symbol id="sm-98d">
         <name>__TI_zero_init_nomemset</name>
         <value>0x2000e8f9</value>
         <object_component_ref idref="oc-47"/>
      </symbol>
      <symbol id="sm-9a4">
         <name>__TI_decompress_none</name>
         <value>0x2000eb8b</value>
         <object_component_ref idref="oc-1a"/>
      </symbol>
      <symbol id="sm-9c7">
         <name>__TI_decompress_lzss</name>
         <value>0x2000d8b1</value>
         <object_component_ref idref="oc-14"/>
      </symbol>
      <symbol id="sm-a50">
         <name>_sys_memory</name>
         <value>0x20004040</value>
         <object_component_ref idref="oc-2a"/>
      </symbol>
      <symbol id="sm-a51">
         <name>free</name>
         <value>0x2000cca5</value>
         <object_component_ref idref="oc-35e"/>
      </symbol>
      <symbol id="sm-a52">
         <name>memalign</name>
         <value>0x2000cba5</value>
         <object_component_ref idref="oc-4e3"/>
      </symbol>
      <symbol id="sm-a53">
         <name>malloc</name>
         <value>0x2000ebd1</value>
         <object_component_ref idref="oc-3b9"/>
      </symbol>
      <symbol id="sm-a54">
         <name>aligned_alloc</name>
         <value>0x2000cba5</value>
         <object_component_ref idref="oc-4e3"/>
      </symbol>
      <symbol id="sm-a66">
         <name>__stack</name>
         <value>0x20003000</value>
         <object_component_ref idref="oc-2d"/>
      </symbol>
      <symbol id="sm-a67">
         <name>_c_int00_noargs</name>
         <value>0x2000e7e1</value>
         <object_component_ref idref="oc-c5"/>
      </symbol>
      <symbol id="sm-a71">
         <name>__aeabi_idiv0</name>
         <value>0x2000ebf1</value>
         <object_component_ref idref="oc-593"/>
      </symbol>
      <symbol id="sm-a72">
         <name>__aeabi_ldiv0</name>
         <value>0x2000ebf1</value>
         <object_component_ref idref="oc-593"/>
      </symbol>
      <symbol id="sm-a9b">
         <name>__TI_auto_init_nobinit_nopinit</name>
         <value>0x2000e1b9</value>
         <object_component_ref idref="oc-172"/>
      </symbol>
      <symbol id="sm-aa5">
         <name>_system_pre_init</name>
         <value>0x2000ebe7</value>
         <object_component_ref idref="oc-114"/>
      </symbol>
      <symbol id="sm-ab1">
         <name>C$$EXIT</name>
         <value>0x2000ebeb</value>
         <object_component_ref idref="oc-166"/>
      </symbol>
      <symbol id="sm-ab2">
         <name>abort</name>
         <value>0x2000ebeb</value>
         <object_component_ref idref="oc-166"/>
      </symbol>
      <symbol id="sm-ac7">
         <name>_nop</name>
         <value>0x2000e8bf</value>
         <object_component_ref idref="oc-302"/>
      </symbol>
      <symbol id="sm-ac8">
         <name>_lock</name>
         <value>0x2000f1b0</value>
         <object_component_ref idref="oc-1ff"/>
      </symbol>
      <symbol id="sm-ac9">
         <name>_unlock</name>
         <value>0x2000f1b4</value>
         <object_component_ref idref="oc-1ff"/>
      </symbol>
      <symbol id="sm-acb">
         <name>__TI_static_base__</name>
         <value>0x2000f6c0</value>
      </symbol>
      <symbol id="sm-ace">
         <name>ITM_flush</name>
         <value>0x0</value>
      </symbol>
      <symbol id="sm-acf">
         <name>ITM_restore</name>
         <value>0x0</value>
      </symbol>
      <symbol id="sm-ad0">
         <name>__mpu_init</name>
         <value>0x0</value>
      </symbol>
      <symbol id="sm-ad1">
         <name>_system_post_cinit</name>
         <value>0x0</value>
      </symbol>
      <symbol id="sm-ad2">
         <name>NoRTOS_start</name>
         <value>0x2000eb7d</value>
      </symbol>
   </symbol_table>
   <title>Link successful</title>
</link_info>
