******************************************************************************
                  TI ARM Linker PC v20.2.5                     
******************************************************************************
>> Linked Thu Sep 30 08:14:37 2021

OUTPUT FILE NAME:   <gpiointerrupt_CC3220S_LAUNCHXL_nortos_ccs.out>
ENTRY POINT SYMBOL: "resetISR"  address: 2000e94d


MEMORY CONFIGURATION

         name            origin    length      used     unused   attr    fill
----------------------  --------  ---------  --------  --------  ----  --------
  SRAM2                 20000000   00004000  0000130c  00002cf4  RW X
  SRAM                  20004000   0003c000  0000b7c3  0003083d  RW X
  LOG_DATA              90000000   00040000  00000000  00040000  R   


SEGMENT ALLOCATION MAP

run origin  load origin   length   init length attrs members
----------  ----------- ---------- ----------- ----- -------
20003000    20003000    00001000   00000000    rw-
  20003000    20003000    00001000   00000000    rw- .stack
20004000    20004000    00000040   00000040    r--
  20004000    20004000    00000040   00000040    r-- .resetVecs
20004040    20004040    00008000   00000000    rw-
  20004040    20004040    00008000   00000000    rw- .sysmem
2000c040    2000c040    00002bb2   00002bb2    r-x
  2000c040    2000c040    00002bb2   00002bb2    r-x .text
2000ebf4    2000ebf4    000005e9   00000000    rw-
  2000ebf4    2000ebf4    000005e9   00000000    rw- .data
2000f1e0    2000f1e0    000002d0   000002d0    r--
  2000f1e0    2000f1e0    000002d0   000002d0    r-- .const
2000f4b0    2000f4b0    00000210   00000000    rw-
  2000f4b0    2000f4b0    00000210   00000000    rw- .bss
2000f6c0    2000f6c0    00000108   00000108    r--
  2000f6c0    2000f6c0    00000108   00000108    r-- .cinit


SECTION ALLOCATION MAP

 output                                  attributes/
section   page    origin      length       input sections
--------  ----  ----------  ----------   ----------------
.text      0    2000c040    00002bb2     
                  2000c040    0000042c     driverlib.a : prcm.obj (.text:PRCMCC3200MCUInit)
                  2000c46c    000001e4     drivers_cc32xx.a : GPIOCC32XX.oem4 (.text:GPIO_setConfig)
                  2000c650    0000019c     nortos_cc32xx.a : PowerCC32XX_nortos.oem4 (.text:PowerCC32XX_sleepPolicy)
                  2000c7ec    00000148     drivers_cc32xx.a : PowerCC32XX.oem4 (.text:parkPins)
                  2000c934    00000138                      : PowerCC32XX.oem4 (.text:Power_sleep)
                  2000ca6c    00000138                      : TimerCC32XX.oem4 (.text:Timer_open)
                  2000cba4    00000100     rtsv7M4_T_le_eabi.lib : memory.c.obj (.text:aligned_alloc)
                  2000cca4    000000e4                           : memory.c.obj (.text:free)
                  2000cd88    000000c4     drivers_cc32xx.a : GPIOCC32XX.oem4 (.text:GPIO_init)
                  2000ce4c    000000c0     gpiointerrupt.obj (.text:morseCodeMessage)
                  2000cf0c    000000c0     drivers_cc32xx.a : PowerCC32XX.oem4 (.text:restoreParkedPins)
                  2000cfcc    000000a8     driverlib.a : interrupt.obj (.text:IntEnable)
                  2000d074    000000a8     drivers_cc32xx.a : PowerCC32XX.oem4 (.text:PowerCC32XX_configureWakeup)
                  2000d11c    000000a0     nortos_cc32xx.a : SemaphoreP_nortos.oem4 (.text:SemaphoreP_pend)
                  2000d1bc    0000009c     rtsv7M4_T_le_eabi.lib : memcpy_t2.asm.obj (.text)
                  2000d258    00000098     drivers_cc32xx.a : GPIOCC32XX.oem4 (.text:powerNotifyFxn)
                  2000d2f0    00000096     rtsv7M4_T_le_eabi.lib : ull_div_t2.asm.obj (.text)
                  2000d386    00000002     ti_drivers_config.obj (.text:Board_initHook)
                  2000d388    00000090     drivers_cc32xx.a : PowerCC32XX.oem4 (.text:restoreNVICRegs)
                  2000d418    0000008c     nortos_cc32xx.a : HwiPCC32XX_nortos.oem4 (.text:HwiP_construct)
                  2000d4a4    0000008c     gpiointerrupt.obj (.text:MorseCode_Loop)
                  2000d530    00000088     driverlib.a : interrupt.obj (.text:IntPendSet)
                  2000d5b8    00000088                 : pin.obj (.text:PinConfigSet)
                  2000d640    00000084     drivers_cc32xx.a : PowerCC32XX.oem4 (.text:Power_init)
                  2000d6c4    00000084                      : PowerCC32XX.oem4 (.text:saveNVICRegs)
                  2000d748    00000080                      : PowerCC32XX.oem4 (.text:Power_setDependency)
                  2000d7c8    00000078                      : GPIOCC32XX.oem4 (.text:GPIO_hwiIntFxn)
                  2000d840    00000070     rtsv7M4_T_le_eabi.lib : memory.c.obj (.text:split)
                  2000d8b0    00000068                           : copy_decompress_lzss.c.obj (.text:decompress:lzss:__TI_decompress_lzss)
                  2000d918    00000064     drivers_cc32xx.a : PowerCC32XX.oem4 (.text:PowerCC32XX_setParkState)
                  2000d97c    00000060     driverlib.a : prcm.obj (.text:PRCMSysResetCauseGet)
                  2000d9dc    0000005c     drivers_cc32xx.a : GPIOCC32XX.oem4 (.text:GPIO_setCallback)
                  2000da38    0000005c     nortos_cc32xx.a : ClockPSysTick_nortos.oem4 (.text:sysTickInit)
                  2000da94    00000058     drivers_cc32xx.a : GPIOCC32XX.oem4 (.text:GPIO_write)
                  2000daec    00000058     driverlib.a : prcm.obj (.text:PRCMPeripheralReset)
                  2000db44    00000058     drivers_cc32xx.a : PowerCC32XX.oem4 (.text:Power_releaseDependency)
                  2000db9c    00000054     gpiointerrupt.obj (.text:mainThread)
                  2000dbf0    00000052     drivers_cc32xx.a : PowerCC32XX_asm.oem4 (.text:PowerCC32XX_resumeLPDS)
                  2000dc42    00000052                      : TimerCC32XX.oem4 (.text:initHw)
                  2000dc94    00000050     nortos_cc32xx.a : ClockPSysTick_nortos.oem4 (.text:ClockP_sysTickHandler)
                  2000dce4    00000050                     : SemaphoreP_nortos.oem4 (.text:SemaphoreP_construct)
                  2000dd34    00000050     drivers_cc32xx.a : TimerCC32XX.oem4 (.text:TimerCC32XX_allocateTimerResource)
                  2000dd84    00000050     gpiointerrupt.obj (.text:initTimer)
                  2000ddd4    0000004c     drivers_cc32xx.a : GPIOCC32XX.oem4 (.text:GPIO_enableInt)
                  2000de20    0000004c                      : PowerCC32XX.oem4 (.text:PowerCC32XX_parkPin)
                  2000de6c    0000004c                      : PowerCC32XX.oem4 (.text:restorePeriphClocks)
                  2000deb8    00000048     driverlib.a : flash.obj (.text:FlashDisable)
                  2000df00    00000048                 : prcm.obj (.text:PRCMLPDSEnter)
                  2000df48    00000048                 : prcm.obj (.text:PRCMPeripheralClkEnable)
                  2000df90    00000048     drivers_cc32xx.a : PowerCC32XX.oem4 (.text:Power_releaseConstraint)
                  2000dfd8    00000046                      : TimerCC32XX.oem4 (.text:getPrescaler)
                  2000e01e    00000002     nortos_cc32xx.a : PowerCC32XX_nortos.oem4 (.text:PowerCC32XX_initPolicy)
                  2000e020    00000044                     : ClockPSysTick_nortos.oem4 (.text:ClockP_stop)
                  2000e064    00000044     driverlib.a : prcm.obj (.text:PRCMLPDSRestoreInfoSet)
                  2000e0a8    00000044     drivers_cc32xx.a : PowerCC32XX_asm.oem4 (.text:PowerCC32XX_enterLPDS)
                  2000e0ec    00000044     nortos_cc32xx.a : SemaphoreP_nortos.oem4 (.text:SemaphoreP_post)
                  2000e130    00000044                     : SwiP_nortos.oem4 (.text:SwiP_restore)
                  2000e174    00000044     drivers_cc32xx.a : Timer.oem4 (.text:Timer_start)
                  2000e1b8    00000044     rtsv7M4_T_le_eabi.lib : autoinit.c.obj (.text:__TI_auto_init_nobinit_nopinit:__TI_auto_init_nobinit_nopinit)
                  2000e1fc    00000040     driverlib.a : pin.obj (.text:PinModeSet)
                  2000e23c    00000040     drivers_cc32xx.a : TimerCC32XX.oem4 (.text:TimerSupport_timerEnable)
                  2000e27c    00000040                      : TimerCC32XX.oem4 (.text:Timer_close)
                  2000e2bc    0000003c     nortos_cc32xx.a : ClockPSysTick_nortos.oem4 (.text:ClockP_destruct)
                  2000e2f8    0000003c     drivers_cc32xx.a : PowerCC32XX.oem4 (.text:Power_setConstraint)
                  2000e334    0000003a     nortos_cc32xx.a : PowerCC32XX_nortos.oem4 (.text:getCountsRTC)
                  2000e36e    00000002                     : SemaphoreP_nortos.oem4 (.text:SemaphoreP_destruct)
                  2000e370    00000038     driverlib.a : prcm.obj (.text:PRCMLPDSEnterKeepDebugIf)
                  2000e3a8    00000038     nortos_cc32xx.a : ClockPSysTick_nortos.oem4 (.text:addToList)
                  2000e3e0    00000038                     : startup_cc32xx_ccs.oem4 (.text:initVectors)
                  2000e418    00000038     drivers_cc32xx.a : PowerCC32XX.oem4 (.text:notify)
                  2000e450    00000036     driverlib.a : timer.obj (.text:TimerControlStall)
                  2000e486    00000036     drivers_cc32xx.a : Timer.oem4 (.text:Timer_stop)
                  2000e4bc    00000034     nortos_cc32xx.a : ClockPSysTick_nortos.oem4 (.text:ClockP_getTicksUntilInterrupt)
                  2000e4f0    00000034                     : ClockPSysTick_nortos.oem4 (.text:ClockP_startup)
                  2000e524    00000034     driverlib.a : pin.obj (.text:PinModeGet)
                  2000e558    00000034     drivers_cc32xx.a : TimerCC32XX.oem4 (.text:TimerCC32XX_freeTimerResource)
                  2000e58c    00000034                      : TimerCC32XX.oem4 (.text:TimerCC32XX_hwiIntFunction)
                  2000e5c0    00000034                      : TimerCC32XX.oem4 (.text:getPowerMgrId)
                  2000e5f4    00000030     nortos_cc32xx.a : ClockPSysTick_nortos.oem4 (.text:ClockP_start)
                  2000e624    00000030     drivers_cc32xx.a : PowerCC32XX.oem4 (.text:PowerCC32XX_restoreParkedPin)
                  2000e654    0000002a     nortos_cc32xx.a : HwiPCC32XX_nortos.oem4 (.text:HwiP_create)
                  2000e67e    0000002a     driverlib.a : timer.obj (.text:TimerLoadSet)
                  2000e6a8    0000002a                 : timer.obj (.text:TimerPrescaleSet)
                  2000e6d2    00000002     drivers_cc32xx.a : Timer.oem4 (.text:Timer_init)
                  2000e6d4    00000028     driverlib.a : prcm.obj (.text:PRCMPeripheralClkDisable)
                  2000e6fc    00000028     drivers_cc32xx.a : PowerCC32XX.oem4 (.text:Power_registerNotify)
                  2000e724    00000028     rtsv7M4_T_le_eabi.lib : memory.c.obj (.text:free_list_insert)
                  2000e74c    00000026     drivers_cc32xx.a : List.oem4 (.text:List_put)
                  2000e772    00000026                      : List.oem4 (.text:List_remove)
                  2000e798    00000024     nortos_cc32xx.a : HwiPCC32XX_nortos.oem4 (.text:HwiP_dispatch)
                  2000e7bc    00000024     drivers_cc32xx.a : TimerCC32XX.oem4 (.text:TimerSupport_timerDisable)
                  2000e7e0    00000024     rtsv7M4_T_le_eabi.lib : boot_cortex_m.c.obj (.text:_c_int00_noargs:_c_int00_noargs)
                  2000e804    00000020     nortos_cc32xx.a : HwiPCC32XX_nortos.oem4 (.text:HwiP_destruct)
                  2000e824    00000020     drivers_cc32xx.a : PowerCC32XX.oem4 (.text:Power_unregisterNotify)
                  2000e844    00000020     gpiointerrupt.obj (.text:gpioButtonFxn)
                  2000e864    0000001e     nortos_cc32xx.a : SemaphoreP_nortos.oem4 (.text:SemaphoreP_constructBinary)
                  2000e882    0000001e     driverlib.a : timer.obj (.text:TimerDisable)
                  2000e8a0    0000001e                 : timer.obj (.text:TimerEnable)
                  2000e8be    00000002     rtsv7M4_T_le_eabi.lib : _lock.c.obj (.text:_nop)
                  2000e8c0    0000001c     driverlib.a : pin.obj (.text:PinToPadGet)
                  2000e8dc    0000001c     nortos_cc32xx.a : SwiP_nortos.oem4 (.text:SwiP_disable)
                  2000e8f8    0000001c     rtsv7M4_T_le_eabi.lib : copy_zero_init.c.obj (.text:decompress:ZI:__TI_zero_init_nomemset:__TI_zero_init_nomemset)
                  2000e914    0000001c                           : memory.c.obj (.text:free_list_remove)
                  2000e930    0000001a     nortos_cc32xx.a : SemaphoreP_nortos.oem4 (.text:SemaphoreP_createBinary)
                  2000e94a    00000002                     : startup_cc32xx_ccs.oem4 (.text:busFaultHandler)
                  2000e94c    0000001a                     : startup_cc32xx_ccs.oem4 (.text:resetISR)
                  2000e966    00000002                     : SemaphoreP_nortos.oem4 (.text:clkFxn)
                  2000e968    00000018     drivers_cc32xx.a : PowerCC32XX.oem4 (.text:Power_getTransitionLatency)
                  2000e980    00000018                      : PowerCC32XX.oem4 (.text:Power_idleFunc)
                  2000e998    00000018     driverlib.a : timer.obj (.text:TimerIntDisable)
                  2000e9b0    00000018                 : timer.obj (.text:TimerIntEnable)
                  2000e9c8    00000018     rtsv7M4_T_le_eabi.lib : ll_mul_t2.asm.obj (.text)
                  2000e9e0    00000016     driverlib.a : prcm.obj (.text:PRCMHIBRegRead)
                  2000e9f6    00000016                 : prcm.obj (.text:PRCMHIBRegWrite)
                  2000ea0c    00000016     nortos_cc32xx.a : SemaphoreP_nortos.oem4 (.text:SemaphoreP_create)
                  2000ea22    00000014     driverlib.a : cpu.obj (.text:CPUcpsid)
                  2000ea36    00000002     nortos_cc32xx.a : startup_cc32xx_ccs.oem4 (.text:defaultHandler)
                  2000ea38    00000014                     : HwiPCC32XX_nortos.oem4 (.text:HwiP_inISR)
                  2000ea4c    00000014     driverlib.a : interrupt.obj (.text:IntVTableBaseSet)
                  2000ea60    00000014     drivers_cc32xx.a : PowerCC32XX.oem4 (.text:Power_disablePolicy)
                  2000ea74    00000014                      : PowerCC32XX.oem4 (.text:Power_getDependencyCount)
                  2000ea88    00000012     nortos_cc32xx.a : HwiPCC32XX_nortos.oem4 (.text:HwiP_Params_init)
                  2000ea9a    00000012     driverlib.a : timer.obj (.text:TimerIntClear)
                  2000eaac    00000012     main_nortos.obj (.text:main)
                  2000eabe    00000010     ti_drivers_config.obj (.text:Board_init)
                  2000eace    00000010     nortos_cc32xx.a : ClockPSysTick_nortos.oem4 (.text:ClockP_add)
                  2000eade    00000002                     : startup_cc32xx_ccs.oem4 (.text:faultISR)
                  2000eae0    00000010                     : ClockPSysTick_nortos.oem4 (.text:ClockP_getCpuFreq)
                  2000eaf0    00000010                     : ClockPSysTick_nortos.oem4 (.text:ClockP_getSystemTicks)
                  2000eb00    00000010                     : ClockPSysTick_nortos.oem4 (.text:ClockP_setTicks)
                  2000eb10    00000010                     : HwiPCC32XX_nortos.oem4 (.text:HwiP_delete)
                  2000eb20    00000010                     : HwiPCC32XX_nortos.oem4 (.text:HwiP_restore)
                  2000eb30    00000010     drivers_cc32xx.a : PowerCC32XX.oem4 (.text:Power_enablePolicy)
                  2000eb40    00000010     nortos_cc32xx.a : SemaphoreP_nortos.oem4 (.text:SemaphoreP_Params_init)
                  2000eb50    00000010     drivers_cc32xx.a : Timer.oem4 (.text:Timer_Params_init)
                  2000eb60    0000000e     nortos_cc32xx.a : HwiPCC32XX_nortos.oem4 (.text:HwiP_clearInterrupt)
                  2000eb6e    0000000e                     : HwiPCC32XX_nortos.oem4 (.text:HwiP_disable)
                  2000eb7c    0000000e                     : HwiPCC32XX_nortos.oem4 (.text:HwiP_enable)
                  2000eb8a    0000000e     rtsv7M4_T_le_eabi.lib : copy_decompress_none.c.obj (.text:decompress:none:__TI_decompress_none)
                  2000eb98    0000000c     drivers_cc32xx.a : PowerCC32XX.oem4 (.text:Power_getConstraintMask)
                  2000eba4    0000000c                      : TimerCC32XX.oem4 (.text:postNotifyFxn)
                  2000ebb0    0000000c     gpiointerrupt.obj (.text:timerCallback)
                  2000ebbc    0000000a     nortos_cc32xx.a : ClockPSysTick_nortos.oem4 (.text:ClockP_isActive)
                  2000ebc6    0000000a     driverlib.a : interrupt.obj (.text:IntMasterDisable)
                  2000ebd0    00000008     rtsv7M4_T_le_eabi.lib : memory.c.obj (.text:malloc)
                  2000ebd8    00000006     driverlib.a : utils.obj (.text:UtilsDelay)
                  2000ebde    00000004     nortos_cc32xx.a : HwiPCC32XX_nortos.oem4 (.text:HwiP_post)
                  2000ebe2    00000004                     : SemaphoreP_nortos.oem4 (.text:SemaphoreP_delete)
                  2000ebe6    00000004     rtsv7M4_T_le_eabi.lib : pre_init.c.obj (.text:_system_pre_init)
                  2000ebea    00000004                           : exit.c.obj (.text:abort:abort)
                  2000ebee    00000002     nortos_cc32xx.a : startup_cc32xx_ccs.oem4 (.text:nmiISR)
                  2000ebf0    00000002     rtsv7M4_T_le_eabi.lib : div0.asm.obj (.text)

.const     0    2000f1e0    000002d0     
                  2000f1e0    00000100     driverlib.a : pin.obj (.const:g_ulPinToPadMap)
                  2000f2e0    000000a8                 : prcm.obj (.const:PRCM_PeriphRegsList)
                  2000f388    00000044     ti_drivers_config.obj (.const:PowerCC32XX_config)
                  2000f3cc    00000021     drivers_cc32xx.a : GPIOCC32XX.oem4 (.const:.string:pinTable)
                  2000f3ed    00000003     --HOLE-- [fill = 0]
                  2000f3f0    00000018     driverlib.a : interrupt.obj (.const:g_pulEnRegs)
                  2000f408    00000018                 : interrupt.obj (.const:g_pulPendRegs)
                  2000f420    00000014     ti_drivers_config.obj (.const:GPIOCC32XX_config)
                  2000f434    00000014     drivers_cc32xx.a : GPIOCC32XX.oem4 (.const:gpioBaseAddresses)
                  2000f448    00000014                      : GPIOCC32XX.oem4 (.const:powerResources)
                  2000f45c    00000010     ti_drivers_config.obj (.const:timerCC32XXHWAttrs)
                  2000f46c    0000000c     drivers_cc32xx.a : Timer.oem4 (.const:defaultParams)
                  2000f478    0000000c                      : TimerCC32XX.oem4 (.const:defaultParams)
                  2000f484    00000008     ti_drivers_config.obj (.const:Timer_config)
                  2000f48c    00000008     drivers_cc32xx.a : GPIOCC32XX.oem4 (.const:outPinTypes)
                  2000f494    00000006                      : GPIOCC32XX.oem4 (.const:.string:interruptType)
                  2000f49a    00000006                      : GPIOCC32XX.oem4 (.const:inPinTypes)
                  2000f4a0    00000006                      : GPIOCC32XX.oem4 (.const:outPinStrengths)
                  2000f4a6    00000006     ti_drivers_config.obj (.const)
                  2000f4ac    00000004     drivers_cc32xx.a : GPIOCC32XX.oem4 (.const:.string:portInterruptIds)

.cinit     0    2000f6c0    00000108     
                  2000f6c0    000000df     (.cinit..data.load) [load image, compression = lzss]
                  2000f79f    00000001     --HOLE-- [fill = 0]
                  2000f7a0    0000000c     (__TI_handler_table)
                  2000f7ac    00000004     --HOLE-- [fill = 0]
                  2000f7b0    00000008     (.cinit..bss.load) [load image, compression = zero_init]
                  2000f7b8    00000010     (__TI_cinit_table)

.init_array 
*          0    20004000    00000000     UNINITIALIZED

.ramVecs   0    20000000    0000030c     NOLOAD SECTION
                  20000000    0000030c     nortos_cc32xx.a : startup_cc32xx_ccs.oem4 (.ramVecs)

.stack     0    20003000    00001000     UNINITIALIZED
                  20003000    00000004     rtsv7M4_T_le_eabi.lib : boot_cortex_m.c.obj (.stack)
                  20003004    00000ffc     --HOLE--

.resetVecs 
*          0    20004000    00000040     
                  20004000    00000040     nortos_cc32xx.a : startup_cc32xx_ccs.oem4 (.resetVecs:retain)

.sysmem    0    20004040    00008000     UNINITIALIZED
                  20004040    00000010     rtsv7M4_T_le_eabi.lib : memory.c.obj (.sysmem)
                  20004050    00007ff0     --HOLE--

.data      0    2000ebf4    000005e9     UNINITIALIZED
                  2000ebf4    0000030c     nortos_cc32xx.a : HwiPCC32XX_nortos.oem4 (.data:HwiP_dispatchTable)
                  2000ef00    0000016c     drivers_cc32xx.a : PowerCC32XX.oem4 (.data:PowerCC32XX_module)
                  2000f06c    000000f8     ti_drivers_config.obj (.data:parkInfo)
                  2000f164    00000011     gpiointerrupt.obj (.data:SOS)
                  2000f175    00000003     nortos_cc32xx.a : SemaphoreP_nortos.oem4 (.data)
                  2000f178    00000010     ti_drivers_config.obj (.data:gpioCallbackFunctions)
                  2000f188    00000010     ti_drivers_config.obj (.data:gpioPinConfigs)
                  2000f198    0000000b     gpiointerrupt.obj (.data:OK)
                  2000f1a3    00000001     --HOLE--
                  2000f1a4    00000009     drivers_cc32xx.a : GPIOCC32XX.oem4 (.data)
                  2000f1ad    00000003     --HOLE--
                  2000f1b0    00000008     rtsv7M4_T_le_eabi.lib : _lock.c.obj (.data:$O1$$)
                  2000f1b8    00000008                           : memory.c.obj (.data:$O1$$)
                  2000f1c0    00000008     nortos_cc32xx.a : SemaphoreP_nortos.oem4 (.data:SemaphoreP_defaultParams)
                  2000f1c8    00000008     gpiointerrupt.obj (.data)
                  2000f1d0    00000008     nortos_cc32xx.a : HwiPCC32XX_nortos.oem4 (.data)
                  2000f1d8    00000005                     : ClockPSysTick_nortos.oem4 (.data)

.bss       0    2000f4b0    00000210     UNINITIALIZED
                  2000f4b0    0000012c     (.common:PowerCC32XX_contextSave)
                  2000f5dc    00000084     (.common:timerCC32XXObjects)
                  2000f660    00000020     drivers_cc32xx.a : GPIOCC32XX.oem4 (.bss:gpioCallbackInfo)
                  2000f680    00000014                      : GPIOCC32XX.oem4 (.bss:powerNotifyObj)
                  2000f694    00000004                      : GPIOCC32XX.oem4 (.bss)
                  2000f698    00000010     (.common:ClockP_ctrl)
                  2000f6a8    0000000d     nortos_cc32xx.a : SwiP_nortos.oem4 (.bss)
                  2000f6b5    00000001     (.common:Mode)
                  2000f6b6    00000001     (.common:MorseCode_Cycle)
                  2000f6b7    00000001     --HOLE--
                  2000f6b8    00000004                     : ClockPSysTick_nortos.oem4 (.bss)
                  2000f6bc    00000004     drivers_cc32xx.a : TimerCC32XX.oem4 (.bss:timerState)

.log_data 
*          0    90000000    00000000     COPY SECTION

__llvm_prf_cnts 
*          0    20004000    00000000     UNINITIALIZED

MODULE SUMMARY

       Module                       code    ro data   rw data
       ------                       ----    -------   -------
    .\
       gpiointerrupt.obj            540     0         38     
       main_nortos.obj              18      0         0      
    +--+----------------------------+-------+---------+---------+
       Total:                       558     0         38     
                                                             
    .\syscfg\
       ti_drivers_config.obj        18      118       412    
    +--+----------------------------+-------+---------+---------+
       Total:                       18      118       412    
                                                             
    C:/ti/simplelink_cc32xx_sdk_5_20_00_06/kernel/nortos/lib/ccs/m4/nortos_cc32xx.a
       HwiPCC32XX_nortos.oem4       366     0         788    
       startup_cc32xx_ccs.oem4      90      64        780    
       ClockPSysTick_nortos.oem4    582     0         25     
       PowerCC32XX_nortos.oem4      472     0         0      
       SemaphoreP_nortos.oem4       410     0         11     
       SwiP_nortos.oem4             96      0         13     
    +--+----------------------------+-------+---------+---------+
       Total:                       2016    64        1617   
                                                             
    C:/ti/simplelink_cc32xx_sdk_5_20_00_06/source/ti/devices/cc32xx/driverlib/ccs/Release/driverlib.a
       prcm.obj                     1604    168       0      
       pin.obj                      280     256       0      
       interrupt.obj                334     48        0      
       timer.obj                    264     0         0      
       flash.obj                    72      0         0      
       cpu.obj                      20      0         0      
       utils.obj                    6       0         0      
    +--+----------------------------+-------+---------+---------+
       Total:                       2580    472       0      
                                                             
    C:/ti/simplelink_cc32xx_sdk_5_20_00_06/source/ti/drivers/lib/ccs/m4/drivers_cc32xx.a
       PowerCC32XX.oem4             2300    0         664    
       GPIOCC32XX.oem4              1208    103       65     
       TimerCC32XX.oem4             876     12        4      
       Timer.oem4                   140     12        0      
       PowerCC32XX_asm.oem4         150     0         0      
       List.oem4                    76      0         0      
    +--+----------------------------+-------+---------+---------+
       Total:                       4750    127       733    
                                                             
    C:\ti\ccs1040\ccs\tools\compiler\ti-cgt-arm_20.2.5.LTS\lib\rtsv7M4_T_le_eabi.lib
       memory.c.obj                 672     0         8      
       memcpy_t2.asm.obj            156     0         0      
       ull_div_t2.asm.obj           150     0         0      
       copy_decompress_lzss.c.obj   104     0         0      
       autoinit.c.obj               68      0         0      
       boot_cortex_m.c.obj          36      0         0      
       copy_zero_init.c.obj         28      0         0      
       ll_mul_t2.asm.obj            24      0         0      
       copy_decompress_none.c.obj   14      0         0      
       _lock.c.obj                  2       0         8      
       exit.c.obj                   4       0         0      
       pre_init.c.obj               4       0         0      
       div0.asm.obj                 2       0         0      
    +--+----------------------------+-------+---------+---------+
       Total:                       1264    0         16     
                                                             
       Heap:                        0       0         32768  
       Stack:                       0       0         4096   
       Linker Generated:            0       259       0      
    +--+----------------------------+-------+---------+---------+
       Grand Total:                 11186   1040      39680  


LINKER GENERATED COPY TABLES

__TI_cinit_table @ 2000f7b8 records: 2, size/record: 8, table size: 16
	.data: load addr=2000f6c0, load size=000000df bytes, run addr=2000ebf4, run size=000005e9 bytes, compression=lzss
	.bss: load addr=2000f7b0, load size=00000008 bytes, run addr=2000f4b0, run size=00000210 bytes, compression=zero_init


LINKER GENERATED HANDLER TABLE

__TI_handler_table @ 2000f7a0 records: 3, size/record: 4, table size: 12
	index: 0, handler: __TI_decompress_lzss
	index: 1, handler: __TI_decompress_none
	index: 2, handler: __TI_zero_init


GLOBAL SYMBOLS: SORTED ALPHABETICALLY BY Name 

address   name                             
-------   ----                             
2000eabf  Board_init                       
2000d387  Board_initHook                   
2000ebeb  C$$EXIT                          
2000f4a6  CONFIG_GPIO_BUTTON_0_CONST       
2000f4a7  CONFIG_GPIO_BUTTON_1_CONST       
2000f4a8  CONFIG_GPIO_LED_0_CONST          
2000f4a9  CONFIG_GPIO_LED_1_CONST          
2000f4aa  CONFIG_TIMER_0_CONST             
2000ea23  CPUcpsid                         
2000eacf  ClockP_add                       
2000f698  ClockP_ctrl                      
2000e2bd  ClockP_destruct                  
2000dc95  ClockP_doTick                    
2000eae1  ClockP_getCpuFreq                
2000eaf1  ClockP_getSystemTicks            
2000e4bd  ClockP_getTicksUntilInterrupt    
2000ebbd  ClockP_isActive                  
2000eb01  ClockP_setTicks                  
2000e5f5  ClockP_start                     
2000e4f1  ClockP_startup                   
2000e021  ClockP_stop                      
2000dc95  ClockP_sysTickHandler            
2000f1d8  ClockP_tickPeriod                
2000deb9  FlashDisable                     
2000f420  GPIOCC32XX_config                
2000ddd5  GPIO_enableInt                   
2000d7c9  GPIO_hwiIntFxn                   
2000cd89  GPIO_init                        
2000d9dd  GPIO_setCallback                 
2000c46d  GPIO_setConfig                   
2000da95  GPIO_write                       
2000ea89  HwiP_Params_init                 
2000eb61  HwiP_clearInterrupt              
2000d419  HwiP_construct                   
2000e655  HwiP_create                      
2000eb11  HwiP_delete                      
2000e805  HwiP_destruct                    
2000eb6f  HwiP_disable                     
2000e799  HwiP_dispatch                    
2000eb7d  HwiP_enable                      
2000ea39  HwiP_inISR                       
2000f1d0  HwiP_key                         
2000ebdf  HwiP_post                        
2000eb21  HwiP_restore                     
2000f1d4  HwiP_swiPIntNum                  
UNDEFED   ITM_flush                        
UNDEFED   ITM_restore                      
2000cfcd  IntEnable                        
2000ebc7  IntMasterDisable                 
2000d531  IntPendSet                       
2000ea4d  IntVTableBaseSet                 
2000e74d  List_put                         
2000e773  List_remove                      
2000f6b5  Mode                             
2000f1c8  MorseCodeLoop                    
2000f6b6  MorseCode_Cycle                  
2000d4a5  MorseCode_Loop                   
2000eb7d  NoRTOS_start                     
2000f198  OK                               
2000c041  PRCMCC3200MCUInit                
2000e9e1  PRCMHIBRegRead                   
2000e9f7  PRCMHIBRegWrite                  
2000df01  PRCMLPDSEnter                    
2000e371  PRCMLPDSEnterKeepDebugIf         
2000e065  PRCMLPDSRestoreInfoSet           
2000e6d5  PRCMPeripheralClkDisable         
2000df49  PRCMPeripheralClkEnable          
2000daed  PRCMPeripheralReset              
2000d97d  PRCMSysResetCauseGet             
2000d5b9  PinConfigSet                     
2000e525  PinModeGet                       
2000e1fd  PinModeSet                       
2000e8c1  PinToPadGet                      
2000f388  PowerCC32XX_config               
2000d075  PowerCC32XX_configureWakeup      
2000f4b0  PowerCC32XX_contextSave          
2000e0a9  PowerCC32XX_enterLPDS            
2000e01f  PowerCC32XX_initPolicy           
2000ef00  PowerCC32XX_module               
2000de21  PowerCC32XX_parkPin              
2000e625  PowerCC32XX_restoreParkedPin     
2000dbf1  PowerCC32XX_resumeLPDS           
2000d919  PowerCC32XX_setParkState         
2000c651  PowerCC32XX_sleepPolicy          
2000ea61  Power_disablePolicy              
2000eb31  Power_enablePolicy               
2000eb99  Power_getConstraintMask          
2000ea75  Power_getDependencyCount         
2000e969  Power_getTransitionLatency       
2000e981  Power_idleFunc                   
2000d641  Power_init                       
2000e6fd  Power_registerNotify             
2000df91  Power_releaseConstraint          
2000db45  Power_releaseDependency          
2000e2f9  Power_setConstraint              
2000d749  Power_setDependency              
2000c935  Power_sleep                      
2000e825  Power_unregisterNotify           
2000f164  SOS                              
2000eb41  SemaphoreP_Params_init           
2000dce5  SemaphoreP_construct             
2000e865  SemaphoreP_constructBinary       
2000ea0d  SemaphoreP_create                
2000e931  SemaphoreP_createBinary          
2000f1c0  SemaphoreP_defaultParams         
2000ebe3  SemaphoreP_delete                
2000e36f  SemaphoreP_destruct              
2000d11d  SemaphoreP_pend                  
2000e0ed  SemaphoreP_post                  
2000e8dd  SwiP_disable                     
2000e131  SwiP_restore                     
2000dd35  TimerCC32XX_allocateTimerResource
2000e559  TimerCC32XX_freeTimerResource    
2000e451  TimerControlStall                
2000e883  TimerDisable                     
2000e8a1  TimerEnable                      
2000ea9b  TimerIntClear                    
2000e999  TimerIntDisable                  
2000e9b1  TimerIntEnable                   
2000e67f  TimerLoadSet                     
2000e6a9  TimerPrescaleSet                 
2000e7bd  TimerSupport_timerDisable        
2000e23d  TimerSupport_timerEnable         
2000eb51  Timer_Params_init                
2000e27d  Timer_close                      
2000f484  Timer_config                     
2000f4ab  Timer_count                      
2000e6d3  Timer_init                       
2000ca6d  Timer_open                       
2000e175  Timer_start                      
2000e487  Timer_stop                       
2000ebd9  UtilsDelay                       
20004000  __STACK_END                      
00001000  __STACK_SIZE                     
00008000  __SYSMEM_SIZE                    
2000f7b8  __TI_CINIT_Base                  
2000f7c8  __TI_CINIT_Limit                 
2000f7a0  __TI_Handler_Table_Base          
2000f7ac  __TI_Handler_Table_Limit         
2000e1b9  __TI_auto_init_nobinit_nopinit   
2000d8b1  __TI_decompress_lzss             
2000eb8b  __TI_decompress_none             
ffffffff  __TI_pprof_out_hndl              
ffffffff  __TI_prof_data_size              
ffffffff  __TI_prof_data_start             
2000f6c0  __TI_static_base__               
2000e8f9  __TI_zero_init_nomemset          
2000ebf1  __aeabi_idiv0                    
2000ebf1  __aeabi_ldiv0                    
2000e9c9  __aeabi_lmul                     
2000d1bd  __aeabi_memcpy                   
2000d1bd  __aeabi_memcpy4                  
2000d1bd  __aeabi_memcpy8                  
2000d2f1  __aeabi_uldivmod                 
ffffffff  __binit__                        
ffffffff  __c_args__                       
UNDEFED   __mpu_init                       
20003000  __stack                          
20004000  __start___llvm_prf_cnts          
20004000  __stop___llvm_prf_cnts           
2000e7e1  _c_int00_noargs                  
2000f1b0  _lock                            
2000e8bf  _nop                             
20004040  _sys_memory                      
UNDEFED   _system_post_cinit               
2000ebe7  _system_pre_init                 
2000f1b4  _unlock                          
2000ebeb  abort                            
2000cba5  aligned_alloc                    
ffffffff  binit                            
2000e967  clkFxn                           
2000cca5  free                             
2000e845  gpioButtonFxn                    
2000f178  gpioCallbackFunctions            
2000f188  gpioPinConfigs                   
2000f1cc  i                                
2000f49a  inPinTypes                       
2000dd85  initTimer                        
2000e3e1  initVectors                      
2000eaad  main                             
2000db9d  mainThread                       
2000ebd1  malloc                           
2000cba5  memalign                         
2000d1bd  memcpy                           
2000ce4d  morseCodeMessage                 
2000f4a0  outPinStrengths                  
2000f48c  outPinTypes                      
2000f06c  parkInfo                         
2000e94d  resetISR                         
2000e960  resetVectorAddr                  
20004000  resetVectors                     
2000f45c  timerCC32XXHWAttrs               
2000f5dc  timerCC32XXObjects               
2000ebb1  timerCallback                    


GLOBAL SYMBOLS: SORTED BY Symbol Address 

address   name                             
-------   ----                             
00001000  __STACK_SIZE                     
00008000  __SYSMEM_SIZE                    
20003000  __stack                          
20004000  __STACK_END                      
20004000  __start___llvm_prf_cnts          
20004000  __stop___llvm_prf_cnts           
20004000  resetVectors                     
20004040  _sys_memory                      
2000c041  PRCMCC3200MCUInit                
2000c46d  GPIO_setConfig                   
2000c651  PowerCC32XX_sleepPolicy          
2000c935  Power_sleep                      
2000ca6d  Timer_open                       
2000cba5  aligned_alloc                    
2000cba5  memalign                         
2000cca5  free                             
2000cd89  GPIO_init                        
2000ce4d  morseCodeMessage                 
2000cfcd  IntEnable                        
2000d075  PowerCC32XX_configureWakeup      
2000d11d  SemaphoreP_pend                  
2000d1bd  __aeabi_memcpy                   
2000d1bd  __aeabi_memcpy4                  
2000d1bd  __aeabi_memcpy8                  
2000d1bd  memcpy                           
2000d2f1  __aeabi_uldivmod                 
2000d387  Board_initHook                   
2000d419  HwiP_construct                   
2000d4a5  MorseCode_Loop                   
2000d531  IntPendSet                       
2000d5b9  PinConfigSet                     
2000d641  Power_init                       
2000d749  Power_setDependency              
2000d7c9  GPIO_hwiIntFxn                   
2000d8b1  __TI_decompress_lzss             
2000d919  PowerCC32XX_setParkState         
2000d97d  PRCMSysResetCauseGet             
2000d9dd  GPIO_setCallback                 
2000da95  GPIO_write                       
2000daed  PRCMPeripheralReset              
2000db45  Power_releaseDependency          
2000db9d  mainThread                       
2000dbf1  PowerCC32XX_resumeLPDS           
2000dc95  ClockP_doTick                    
2000dc95  ClockP_sysTickHandler            
2000dce5  SemaphoreP_construct             
2000dd35  TimerCC32XX_allocateTimerResource
2000dd85  initTimer                        
2000ddd5  GPIO_enableInt                   
2000de21  PowerCC32XX_parkPin              
2000deb9  FlashDisable                     
2000df01  PRCMLPDSEnter                    
2000df49  PRCMPeripheralClkEnable          
2000df91  Power_releaseConstraint          
2000e01f  PowerCC32XX_initPolicy           
2000e021  ClockP_stop                      
2000e065  PRCMLPDSRestoreInfoSet           
2000e0a9  PowerCC32XX_enterLPDS            
2000e0ed  SemaphoreP_post                  
2000e131  SwiP_restore                     
2000e175  Timer_start                      
2000e1b9  __TI_auto_init_nobinit_nopinit   
2000e1fd  PinModeSet                       
2000e23d  TimerSupport_timerEnable         
2000e27d  Timer_close                      
2000e2bd  ClockP_destruct                  
2000e2f9  Power_setConstraint              
2000e36f  SemaphoreP_destruct              
2000e371  PRCMLPDSEnterKeepDebugIf         
2000e3e1  initVectors                      
2000e451  TimerControlStall                
2000e487  Timer_stop                       
2000e4bd  ClockP_getTicksUntilInterrupt    
2000e4f1  ClockP_startup                   
2000e525  PinModeGet                       
2000e559  TimerCC32XX_freeTimerResource    
2000e5f5  ClockP_start                     
2000e625  PowerCC32XX_restoreParkedPin     
2000e655  HwiP_create                      
2000e67f  TimerLoadSet                     
2000e6a9  TimerPrescaleSet                 
2000e6d3  Timer_init                       
2000e6d5  PRCMPeripheralClkDisable         
2000e6fd  Power_registerNotify             
2000e74d  List_put                         
2000e773  List_remove                      
2000e799  HwiP_dispatch                    
2000e7bd  TimerSupport_timerDisable        
2000e7e1  _c_int00_noargs                  
2000e805  HwiP_destruct                    
2000e825  Power_unregisterNotify           
2000e845  gpioButtonFxn                    
2000e865  SemaphoreP_constructBinary       
2000e883  TimerDisable                     
2000e8a1  TimerEnable                      
2000e8bf  _nop                             
2000e8c1  PinToPadGet                      
2000e8dd  SwiP_disable                     
2000e8f9  __TI_zero_init_nomemset          
2000e931  SemaphoreP_createBinary          
2000e94d  resetISR                         
2000e960  resetVectorAddr                  
2000e967  clkFxn                           
2000e969  Power_getTransitionLatency       
2000e981  Power_idleFunc                   
2000e999  TimerIntDisable                  
2000e9b1  TimerIntEnable                   
2000e9c9  __aeabi_lmul                     
2000e9e1  PRCMHIBRegRead                   
2000e9f7  PRCMHIBRegWrite                  
2000ea0d  SemaphoreP_create                
2000ea23  CPUcpsid                         
2000ea39  HwiP_inISR                       
2000ea4d  IntVTableBaseSet                 
2000ea61  Power_disablePolicy              
2000ea75  Power_getDependencyCount         
2000ea89  HwiP_Params_init                 
2000ea9b  TimerIntClear                    
2000eaad  main                             
2000eabf  Board_init                       
2000eacf  ClockP_add                       
2000eae1  ClockP_getCpuFreq                
2000eaf1  ClockP_getSystemTicks            
2000eb01  ClockP_setTicks                  
2000eb11  HwiP_delete                      
2000eb21  HwiP_restore                     
2000eb31  Power_enablePolicy               
2000eb41  SemaphoreP_Params_init           
2000eb51  Timer_Params_init                
2000eb61  HwiP_clearInterrupt              
2000eb6f  HwiP_disable                     
2000eb7d  HwiP_enable                      
2000eb7d  NoRTOS_start                     
2000eb8b  __TI_decompress_none             
2000eb99  Power_getConstraintMask          
2000ebb1  timerCallback                    
2000ebbd  ClockP_isActive                  
2000ebc7  IntMasterDisable                 
2000ebd1  malloc                           
2000ebd9  UtilsDelay                       
2000ebdf  HwiP_post                        
2000ebe3  SemaphoreP_delete                
2000ebe7  _system_pre_init                 
2000ebeb  C$$EXIT                          
2000ebeb  abort                            
2000ebf1  __aeabi_idiv0                    
2000ebf1  __aeabi_ldiv0                    
2000ef00  PowerCC32XX_module               
2000f06c  parkInfo                         
2000f164  SOS                              
2000f178  gpioCallbackFunctions            
2000f188  gpioPinConfigs                   
2000f198  OK                               
2000f1b0  _lock                            
2000f1b4  _unlock                          
2000f1c0  SemaphoreP_defaultParams         
2000f1c8  MorseCodeLoop                    
2000f1cc  i                                
2000f1d0  HwiP_key                         
2000f1d4  HwiP_swiPIntNum                  
2000f1d8  ClockP_tickPeriod                
2000f388  PowerCC32XX_config               
2000f420  GPIOCC32XX_config                
2000f45c  timerCC32XXHWAttrs               
2000f484  Timer_config                     
2000f48c  outPinTypes                      
2000f49a  inPinTypes                       
2000f4a0  outPinStrengths                  
2000f4a6  CONFIG_GPIO_BUTTON_0_CONST       
2000f4a7  CONFIG_GPIO_BUTTON_1_CONST       
2000f4a8  CONFIG_GPIO_LED_0_CONST          
2000f4a9  CONFIG_GPIO_LED_1_CONST          
2000f4aa  CONFIG_TIMER_0_CONST             
2000f4ab  Timer_count                      
2000f4b0  PowerCC32XX_contextSave          
2000f5dc  timerCC32XXObjects               
2000f698  ClockP_ctrl                      
2000f6b5  Mode                             
2000f6b6  MorseCode_Cycle                  
2000f6c0  __TI_static_base__               
2000f7a0  __TI_Handler_Table_Base          
2000f7ac  __TI_Handler_Table_Limit         
2000f7b8  __TI_CINIT_Base                  
2000f7c8  __TI_CINIT_Limit                 
ffffffff  __TI_pprof_out_hndl              
ffffffff  __TI_prof_data_size              
ffffffff  __TI_prof_data_start             
ffffffff  __binit__                        
ffffffff  __c_args__                       
ffffffff  binit                            
UNDEFED   ITM_flush                        
UNDEFED   ITM_restore                      
UNDEFED   __mpu_init                       
UNDEFED   _system_post_cinit               

[194 symbols]
