<?xml version="1.0" encoding="ISO-8859-1" ?>
<link_info>
   <banner>TI ARM Linker PC v20.2.5.LTS</banner>
   <copyright>Copyright (c) 1996-2018 Texas Instruments Incorporated</copyright>
   <link_time>0x61683af2</link_time>
   <link_errors>0x1</link_errors>
   <output_file>gpiointerrupt_CC3220S_LAUNCHXL_nortos_ccs.out</output_file>
   <entry_point>
      <name>resetISR</name>
      <address>0x200120ad</address>
   </entry_point>
   <input_file_list>
      <input_file id="fl-2">
         <path>.\</path>
         <kind>object</kind>
         <file>gpiointerrupt.obj</file>
         <name>gpiointerrupt.obj</name>
      </input_file>
      <input_file id="fl-3">
         <path>.\syscfg\</path>
         <kind>object</kind>
         <file>ti_drivers_config.obj</file>
         <name>ti_drivers_config.obj</name>
      </input_file>
      <input_file id="fl-4">
         <path>.\</path>
         <kind>object</kind>
         <file>main_nortos.obj</file>
         <name>main_nortos.obj</name>
      </input_file>
      <input_file id="fl-d">
         <kind>object</kind>
         <file>&lt;internal&gt;</file>
         <name>&lt;internal&gt;</name>
      </input_file>
      <input_file id="fl-e">
         <path>C:\ti\simplelink_cc32xx_sdk_5_20_00_06\source\ti\drivers\lib\ccs\m4\</path>
         <kind>archive</kind>
         <file>drivers_cc32xx.a</file>
         <name>I2C.oem4</name>
      </input_file>
      <input_file id="fl-f">
         <path>C:\ti\simplelink_cc32xx_sdk_5_20_00_06\source\ti\drivers\lib\ccs\m4\</path>
         <kind>archive</kind>
         <file>drivers_cc32xx.a</file>
         <name>Timer.oem4</name>
      </input_file>
      <input_file id="fl-10">
         <path>C:\ti\simplelink_cc32xx_sdk_5_20_00_06\source\ti\drivers\lib\ccs\m4\</path>
         <kind>archive</kind>
         <file>drivers_cc32xx.a</file>
         <name>UART.oem4</name>
      </input_file>
      <input_file id="fl-11">
         <path>C:\ti\simplelink_cc32xx_sdk_5_20_00_06\source\ti\drivers\lib\ccs\m4\</path>
         <kind>archive</kind>
         <file>drivers_cc32xx.a</file>
         <name>GPIOCC32XX.oem4</name>
      </input_file>
      <input_file id="fl-12">
         <path>C:\ti\simplelink_cc32xx_sdk_5_20_00_06\source\ti\drivers\lib\ccs\m4\</path>
         <kind>archive</kind>
         <file>drivers_cc32xx.a</file>
         <name>I2CCC32XX.oem4</name>
      </input_file>
      <input_file id="fl-13">
         <path>C:\ti\simplelink_cc32xx_sdk_5_20_00_06\source\ti\drivers\lib\ccs\m4\</path>
         <kind>archive</kind>
         <file>drivers_cc32xx.a</file>
         <name>PowerCC32XX.oem4</name>
      </input_file>
      <input_file id="fl-14">
         <path>C:\ti\simplelink_cc32xx_sdk_5_20_00_06\source\ti\drivers\lib\ccs\m4\</path>
         <kind>archive</kind>
         <file>drivers_cc32xx.a</file>
         <name>PowerCC32XX_asm.oem4</name>
      </input_file>
      <input_file id="fl-15">
         <path>C:\ti\simplelink_cc32xx_sdk_5_20_00_06\source\ti\drivers\lib\ccs\m4\</path>
         <kind>archive</kind>
         <file>drivers_cc32xx.a</file>
         <name>TimerCC32XX.oem4</name>
      </input_file>
      <input_file id="fl-16">
         <path>C:\ti\simplelink_cc32xx_sdk_5_20_00_06\source\ti\drivers\lib\ccs\m4\</path>
         <kind>archive</kind>
         <file>drivers_cc32xx.a</file>
         <name>UARTCC32XX.oem4</name>
      </input_file>
      <input_file id="fl-17">
         <path>C:\ti\simplelink_cc32xx_sdk_5_20_00_06\source\ti\drivers\lib\ccs\m4\</path>
         <kind>archive</kind>
         <file>drivers_cc32xx.a</file>
         <name>List.oem4</name>
      </input_file>
      <input_file id="fl-18">
         <path>C:\ti\simplelink_cc32xx_sdk_5_20_00_06\source\ti\drivers\lib\ccs\m4\</path>
         <kind>archive</kind>
         <file>drivers_cc32xx.a</file>
         <name>RingBuf.oem4</name>
      </input_file>
      <input_file id="fl-19">
         <path>C:\ti\simplelink_cc32xx_sdk_5_20_00_06\kernel\nortos\lib\ccs\m4\</path>
         <kind>archive</kind>
         <file>nortos_cc32xx.a</file>
         <name>NoRTOS.oem4</name>
      </input_file>
      <input_file id="fl-1a">
         <path>C:\ti\simplelink_cc32xx_sdk_5_20_00_06\kernel\nortos\lib\ccs\m4\</path>
         <kind>archive</kind>
         <file>nortos_cc32xx.a</file>
         <name>SemaphoreP_nortos.oem4</name>
      </input_file>
      <input_file id="fl-1b">
         <path>C:\ti\simplelink_cc32xx_sdk_5_20_00_06\kernel\nortos\lib\ccs\m4\</path>
         <kind>archive</kind>
         <file>nortos_cc32xx.a</file>
         <name>ClockPSysTick_nortos.oem4</name>
      </input_file>
      <input_file id="fl-1c">
         <path>C:\ti\simplelink_cc32xx_sdk_5_20_00_06\kernel\nortos\lib\ccs\m4\</path>
         <kind>archive</kind>
         <file>nortos_cc32xx.a</file>
         <name>HwiPCC32XX_nortos.oem4</name>
      </input_file>
      <input_file id="fl-1d">
         <path>C:\ti\simplelink_cc32xx_sdk_5_20_00_06\kernel\nortos\lib\ccs\m4\</path>
         <kind>archive</kind>
         <file>nortos_cc32xx.a</file>
         <name>PowerCC32XX_nortos.oem4</name>
      </input_file>
      <input_file id="fl-1e">
         <path>C:\ti\simplelink_cc32xx_sdk_5_20_00_06\kernel\nortos\lib\ccs\m4\</path>
         <kind>archive</kind>
         <file>nortos_cc32xx.a</file>
         <name>startup_cc32xx_ccs.oem4</name>
      </input_file>
      <input_file id="fl-1f">
         <path>C:\ti\simplelink_cc32xx_sdk_5_20_00_06\kernel\nortos\lib\ccs\m4\</path>
         <kind>archive</kind>
         <file>nortos_cc32xx.a</file>
         <name>SwiP_nortos.oem4</name>
      </input_file>
      <input_file id="fl-20">
         <path>C:\ti\simplelink_cc32xx_sdk_5_20_00_06\kernel\nortos\lib\ccs\m4\</path>
         <kind>archive</kind>
         <file>nortos_cc32xx.a</file>
         <name>QueueP_nortos.oem4</name>
      </input_file>
      <input_file id="fl-21">
         <path>C:\ti\simplelink_cc32xx_sdk_5_20_00_06\source\ti\devices\cc32xx\driverlib\ccs\Release\</path>
         <kind>archive</kind>
         <file>driverlib.a</file>
         <name>cpu.obj</name>
      </input_file>
      <input_file id="fl-22">
         <path>C:\ti\simplelink_cc32xx_sdk_5_20_00_06\source\ti\devices\cc32xx\driverlib\ccs\Release\</path>
         <kind>archive</kind>
         <file>driverlib.a</file>
         <name>i2c.obj</name>
      </input_file>
      <input_file id="fl-23">
         <path>C:\ti\simplelink_cc32xx_sdk_5_20_00_06\source\ti\devices\cc32xx\driverlib\ccs\Release\</path>
         <kind>archive</kind>
         <file>driverlib.a</file>
         <name>interrupt.obj</name>
      </input_file>
      <input_file id="fl-24">
         <path>C:\ti\simplelink_cc32xx_sdk_5_20_00_06\source\ti\devices\cc32xx\driverlib\ccs\Release\</path>
         <kind>archive</kind>
         <file>driverlib.a</file>
         <name>pin.obj</name>
      </input_file>
      <input_file id="fl-25">
         <path>C:\ti\simplelink_cc32xx_sdk_5_20_00_06\source\ti\devices\cc32xx\driverlib\ccs\Release\</path>
         <kind>archive</kind>
         <file>driverlib.a</file>
         <name>prcm.obj</name>
      </input_file>
      <input_file id="fl-26">
         <path>C:\ti\simplelink_cc32xx_sdk_5_20_00_06\source\ti\devices\cc32xx\driverlib\ccs\Release\</path>
         <kind>archive</kind>
         <file>driverlib.a</file>
         <name>timer.obj</name>
      </input_file>
      <input_file id="fl-27">
         <path>C:\ti\simplelink_cc32xx_sdk_5_20_00_06\source\ti\devices\cc32xx\driverlib\ccs\Release\</path>
         <kind>archive</kind>
         <file>driverlib.a</file>
         <name>uart.obj</name>
      </input_file>
      <input_file id="fl-28">
         <path>C:\ti\simplelink_cc32xx_sdk_5_20_00_06\source\ti\devices\cc32xx\driverlib\ccs\Release\</path>
         <kind>archive</kind>
         <file>driverlib.a</file>
         <name>utils.obj</name>
      </input_file>
      <input_file id="fl-29">
         <path>C:\ti\simplelink_cc32xx_sdk_5_20_00_06\source\ti\devices\cc32xx\driverlib\ccs\Release\</path>
         <kind>archive</kind>
         <file>driverlib.a</file>
         <name>flash.obj</name>
      </input_file>
      <input_file id="fl-df">
         <path>C:\ti\ccs1040\ccs\tools\compiler\ti-cgt-arm_20.2.5.LTS\lib\</path>
         <kind>archive</kind>
         <file>rtsv7M4_T_le_eabi.lib</file>
         <name>snprintf.c.obj</name>
      </input_file>
      <input_file id="fl-e0">
         <path>C:\ti\ccs1040\ccs\tools\compiler\ti-cgt-arm_20.2.5.LTS\lib\</path>
         <kind>archive</kind>
         <file>rtsv7M4_T_le_eabi.lib</file>
         <name>fs_mul_t2.asm.obj</name>
      </input_file>
      <input_file id="fl-e1">
         <path>C:\ti\ccs1040\ccs\tools\compiler\ti-cgt-arm_20.2.5.LTS\lib\</path>
         <kind>archive</kind>
         <file>rtsv7M4_T_le_eabi.lib</file>
         <name>fs_toi_t2.asm.obj</name>
      </input_file>
      <input_file id="fl-e2">
         <path>C:\ti\ccs1040\ccs\tools\compiler\ti-cgt-arm_20.2.5.LTS\lib\</path>
         <kind>archive</kind>
         <file>rtsv7M4_T_le_eabi.lib</file>
         <name>i_tofs_t2.asm.obj</name>
      </input_file>
      <input_file id="fl-e3">
         <path>C:\ti\ccs1040\ccs\tools\compiler\ti-cgt-arm_20.2.5.LTS\lib\</path>
         <kind>archive</kind>
         <file>rtsv7M4_T_le_eabi.lib</file>
         <name>ll_mul_t2.asm.obj</name>
      </input_file>
      <input_file id="fl-e4">
         <path>C:\ti\ccs1040\ccs\tools\compiler\ti-cgt-arm_20.2.5.LTS\lib\</path>
         <kind>archive</kind>
         <file>rtsv7M4_T_le_eabi.lib</file>
         <name>memcpy_t2.asm.obj</name>
      </input_file>
      <input_file id="fl-e5">
         <path>C:\ti\ccs1040\ccs\tools\compiler\ti-cgt-arm_20.2.5.LTS\lib\</path>
         <kind>archive</kind>
         <file>rtsv7M4_T_le_eabi.lib</file>
         <name>ull_div_t2.asm.obj</name>
      </input_file>
      <input_file id="fl-e6">
         <path>C:\ti\ccs1040\ccs\tools\compiler\ti-cgt-arm_20.2.5.LTS\lib\</path>
         <kind>archive</kind>
         <file>rtsv7M4_T_le_eabi.lib</file>
         <name>copy_zero_init.c.obj</name>
      </input_file>
      <input_file id="fl-e7">
         <path>C:\ti\ccs1040\ccs\tools\compiler\ti-cgt-arm_20.2.5.LTS\lib\</path>
         <kind>archive</kind>
         <file>rtsv7M4_T_le_eabi.lib</file>
         <name>copy_decompress_none.c.obj</name>
      </input_file>
      <input_file id="fl-e8">
         <path>C:\ti\ccs1040\ccs\tools\compiler\ti-cgt-arm_20.2.5.LTS\lib\</path>
         <kind>archive</kind>
         <file>rtsv7M4_T_le_eabi.lib</file>
         <name>copy_decompress_lzss.c.obj</name>
      </input_file>
      <input_file id="fl-e9">
         <path>C:\ti\ccs1040\ccs\tools\compiler\ti-cgt-arm_20.2.5.LTS\lib\</path>
         <kind>archive</kind>
         <file>rtsv7M4_T_le_eabi.lib</file>
         <name>memory.c.obj</name>
      </input_file>
      <input_file id="fl-ea">
         <path>C:\ti\ccs1040\ccs\tools\compiler\ti-cgt-arm_20.2.5.LTS\lib\</path>
         <kind>archive</kind>
         <file>rtsv7M4_T_le_eabi.lib</file>
         <name>boot_cortex_m.c.obj</name>
      </input_file>
      <input_file id="fl-eb">
         <path>C:\ti\ccs1040\ccs\tools\compiler\ti-cgt-arm_20.2.5.LTS\lib\</path>
         <kind>archive</kind>
         <file>rtsv7M4_T_le_eabi.lib</file>
         <name>_printfi.c.obj</name>
      </input_file>
      <input_file id="fl-ec">
         <path>C:\ti\ccs1040\ccs\tools\compiler\ti-cgt-arm_20.2.5.LTS\lib\</path>
         <kind>archive</kind>
         <file>rtsv7M4_T_le_eabi.lib</file>
         <name>s_frexp.c.obj</name>
      </input_file>
      <input_file id="fl-ed">
         <path>C:\ti\ccs1040\ccs\tools\compiler\ti-cgt-arm_20.2.5.LTS\lib\</path>
         <kind>archive</kind>
         <file>rtsv7M4_T_le_eabi.lib</file>
         <name>s_scalbn.c.obj</name>
      </input_file>
      <input_file id="fl-ee">
         <path>C:\ti\ccs1040\ccs\tools\compiler\ti-cgt-arm_20.2.5.LTS\lib\</path>
         <kind>archive</kind>
         <file>rtsv7M4_T_le_eabi.lib</file>
         <name>wcslen.c.obj</name>
      </input_file>
      <input_file id="fl-ef">
         <path>C:\ti\ccs1040\ccs\tools\compiler\ti-cgt-arm_20.2.5.LTS\lib\</path>
         <kind>archive</kind>
         <file>rtsv7M4_T_le_eabi.lib</file>
         <name>div0.asm.obj</name>
      </input_file>
      <input_file id="fl-f0">
         <path>C:\ti\ccs1040\ccs\tools\compiler\ti-cgt-arm_20.2.5.LTS\lib\</path>
         <kind>archive</kind>
         <file>rtsv7M4_T_le_eabi.lib</file>
         <name>fd_add_t2.asm.obj</name>
      </input_file>
      <input_file id="fl-f1">
         <path>C:\ti\ccs1040\ccs\tools\compiler\ti-cgt-arm_20.2.5.LTS\lib\</path>
         <kind>archive</kind>
         <file>rtsv7M4_T_le_eabi.lib</file>
         <name>fd_cmp_t2.asm.obj</name>
      </input_file>
      <input_file id="fl-f2">
         <path>C:\ti\ccs1040\ccs\tools\compiler\ti-cgt-arm_20.2.5.LTS\lib\</path>
         <kind>archive</kind>
         <file>rtsv7M4_T_le_eabi.lib</file>
         <name>fd_div_t2.asm.obj</name>
      </input_file>
      <input_file id="fl-f3">
         <path>C:\ti\ccs1040\ccs\tools\compiler\ti-cgt-arm_20.2.5.LTS\lib\</path>
         <kind>archive</kind>
         <file>rtsv7M4_T_le_eabi.lib</file>
         <name>fd_mul_t2.asm.obj</name>
      </input_file>
      <input_file id="fl-f4">
         <path>C:\ti\ccs1040\ccs\tools\compiler\ti-cgt-arm_20.2.5.LTS\lib\</path>
         <kind>archive</kind>
         <file>rtsv7M4_T_le_eabi.lib</file>
         <name>fd_toi_t2.asm.obj</name>
      </input_file>
      <input_file id="fl-f5">
         <path>C:\ti\ccs1040\ccs\tools\compiler\ti-cgt-arm_20.2.5.LTS\lib\</path>
         <kind>archive</kind>
         <file>rtsv7M4_T_le_eabi.lib</file>
         <name>i_tofd_t2.asm.obj</name>
      </input_file>
      <input_file id="fl-f6">
         <path>C:\ti\ccs1040\ccs\tools\compiler\ti-cgt-arm_20.2.5.LTS\lib\</path>
         <kind>archive</kind>
         <file>rtsv7M4_T_le_eabi.lib</file>
         <name>memset_t2.asm.obj</name>
      </input_file>
      <input_file id="fl-f7">
         <path>C:\ti\ccs1040\ccs\tools\compiler\ti-cgt-arm_20.2.5.LTS\lib\</path>
         <kind>archive</kind>
         <file>rtsv7M4_T_le_eabi.lib</file>
         <name>autoinit.c.obj</name>
      </input_file>
      <input_file id="fl-f8">
         <path>C:\ti\ccs1040\ccs\tools\compiler\ti-cgt-arm_20.2.5.LTS\lib\</path>
         <kind>archive</kind>
         <file>rtsv7M4_T_le_eabi.lib</file>
         <name>pre_init.c.obj</name>
      </input_file>
      <input_file id="fl-f9">
         <path>C:\ti\ccs1040\ccs\tools\compiler\ti-cgt-arm_20.2.5.LTS\lib\</path>
         <kind>archive</kind>
         <file>rtsv7M4_T_le_eabi.lib</file>
         <name>cpy_tbl.c.obj</name>
      </input_file>
      <input_file id="fl-fa">
         <path>C:\ti\ccs1040\ccs\tools\compiler\ti-cgt-arm_20.2.5.LTS\lib\</path>
         <kind>archive</kind>
         <file>rtsv7M4_T_le_eabi.lib</file>
         <name>exit.c.obj</name>
      </input_file>
      <input_file id="fl-fb">
         <path>C:\ti\ccs1040\ccs\tools\compiler\ti-cgt-arm_20.2.5.LTS\lib\</path>
         <kind>archive</kind>
         <file>rtsv7M4_T_le_eabi.lib</file>
         <name>_lock.c.obj</name>
      </input_file>
      <input_file id="fl-fc">
         <path>C:\ti\ccs1040\ccs\tools\compiler\ti-cgt-arm_20.2.5.LTS\lib\</path>
         <kind>archive</kind>
         <file>rtsv7M4_T_le_eabi.lib</file>
         <name>_ltoa.c.obj</name>
      </input_file>
      <input_file id="fl-fd">
         <path>C:\ti\ccs1040\ccs\tools\compiler\ti-cgt-arm_20.2.5.LTS\lib\</path>
         <kind>archive</kind>
         <file>rtsv7M4_T_le_eabi.lib</file>
         <name>args_main.c.obj</name>
      </input_file>
      <input_file id="fl-fe">
         <path>C:\ti\ccs1040\ccs\tools\compiler\ti-cgt-arm_20.2.5.LTS\lib\</path>
         <kind>archive</kind>
         <file>rtsv7M4_T_le_eabi.lib</file>
         <name>atoi.c.obj</name>
      </input_file>
      <input_file id="fl-ff">
         <path>C:\ti\ccs1040\ccs\tools\compiler\ti-cgt-arm_20.2.5.LTS\lib\</path>
         <kind>archive</kind>
         <file>rtsv7M4_T_le_eabi.lib</file>
         <name>ctype.c.obj</name>
      </input_file>
      <input_file id="fl-100">
         <path>C:\ti\ccs1040\ccs\tools\compiler\ti-cgt-arm_20.2.5.LTS\lib\</path>
         <kind>archive</kind>
         <file>rtsv7M4_T_le_eabi.lib</file>
         <name>memccpy.c.obj</name>
      </input_file>
      <input_file id="fl-101">
         <path>C:\ti\ccs1040\ccs\tools\compiler\ti-cgt-arm_20.2.5.LTS\lib\</path>
         <kind>archive</kind>
         <file>rtsv7M4_T_le_eabi.lib</file>
         <name>strchr.c.obj</name>
      </input_file>
      <input_file id="fl-102">
         <path>C:\ti\ccs1040\ccs\tools\compiler\ti-cgt-arm_20.2.5.LTS\lib\</path>
         <kind>archive</kind>
         <file>rtsv7M4_T_le_eabi.lib</file>
         <name>strlen.c.obj</name>
      </input_file>
      <input_file id="fl-103">
         <path>C:\ti\ccs1040\ccs\tools\compiler\ti-cgt-arm_20.2.5.LTS\lib\</path>
         <kind>archive</kind>
         <file>rtsv7M4_T_le_eabi.lib</file>
         <name>errno.c.obj</name>
      </input_file>
      <input_file id="fl-104">
         <path>C:\ti\ccs1040\ccs\tools\compiler\ti-cgt-arm_20.2.5.LTS\lib\</path>
         <kind>archive</kind>
         <file>rtsv7M4_T_le_eabi.lib</file>
         <name>s_copysign.c.obj</name>
      </input_file>
   </input_file_list>
   <object_component_list>
      <object_component id="oc-3bd">
         <name>.text:__TI_printfi</name>
         <load_address>0x2000c040</load_address>
         <run_address>0x2000c040</run_address>
         <size>0xa4e</size>
         <input_file_ref idref="fl-eb"/>
      </object_component>
      <object_component id="oc-1df">
         <name>.text:Board_initHook</name>
         <load_address>0x2000ca8e</load_address>
         <run_address>0x2000ca8e</run_address>
         <size>0x2</size>
         <input_file_ref idref="fl-3"/>
      </object_component>
      <object_component id="oc-1d3">
         <name>.text:PRCMCC3200MCUInit</name>
         <load_address>0x2000ca90</load_address>
         <run_address>0x2000ca90</run_address>
         <size>0x42c</size>
         <input_file_ref idref="fl-25"/>
      </object_component>
      <object_component id="oc-8c1">
         <name>.text:UARTCC32XX_open</name>
         <load_address>0x2000cebc</load_address>
         <run_address>0x2000cebc</run_address>
         <size>0x288</size>
         <input_file_ref idref="fl-16"/>
      </object_component>
      <object_component id="oc-573">
         <name>.text:_pconv_a</name>
         <load_address>0x2000d144</load_address>
         <run_address>0x2000d144</run_address>
         <size>0x268</size>
         <input_file_ref idref="fl-eb"/>
      </object_component>
      <object_component id="oc-1ed">
         <name>.text:initI2C</name>
         <load_address>0x2000d3ac</load_address>
         <run_address>0x2000d3ac</run_address>
         <size>0x250</size>
         <input_file_ref idref="fl-2"/>
      </object_component>
      <object_component id="oc-1ff">
         <name>.text:GPIO_setConfig</name>
         <load_address>0x2000d5fc</load_address>
         <run_address>0x2000d5fc</run_address>
         <size>0x1e4</size>
         <input_file_ref idref="fl-11"/>
      </object_component>
      <object_component id="oc-561">
         <name>.text:_pconv_g</name>
         <load_address>0x2000d7e0</load_address>
         <run_address>0x2000d7e0</run_address>
         <size>0x1cc</size>
         <input_file_ref idref="fl-eb"/>
      </object_component>
      <object_component id="oc-772">
         <name>.text</name>
         <load_address>0x2000d9ac</load_address>
         <run_address>0x2000d9ac</run_address>
         <size>0x1b6</size>
         <input_file_ref idref="fl-f0"/>
      </object_component>
      <object_component id="oc-31c">
         <name>.text:I2C_init</name>
         <load_address>0x2000db62</load_address>
         <run_address>0x2000db62</run_address>
         <size>0x2</size>
         <input_file_ref idref="fl-e"/>
      </object_component>
      <object_component id="oc-421">
         <name>.text:PowerCC32XX_sleepPolicy</name>
         <load_address>0x2000db64</load_address>
         <run_address>0x2000db64</run_address>
         <size>0x19c</size>
         <input_file_ref idref="fl-1d"/>
      </object_component>
      <object_component id="oc-15f">
         <name>.text:mainThread</name>
         <load_address>0x2000dd00</load_address>
         <run_address>0x2000dd00</run_address>
         <size>0x17c</size>
         <input_file_ref idref="fl-2"/>
      </object_component>
      <object_component id="oc-4c1">
         <name>.text:I2CCC32XX_hwiFxn</name>
         <load_address>0x2000de7c</load_address>
         <run_address>0x2000de7c</run_address>
         <size>0x148</size>
         <input_file_ref idref="fl-12"/>
      </object_component>
      <object_component id="oc-7e2">
         <name>.text:parkPins</name>
         <load_address>0x2000dfc4</load_address>
         <run_address>0x2000dfc4</run_address>
         <size>0x148</size>
         <input_file_ref idref="fl-13"/>
      </object_component>
      <object_component id="oc-56d">
         <name>.text:_pconv_e</name>
         <load_address>0x2000e10c</load_address>
         <run_address>0x2000e10c</run_address>
         <size>0x13c</size>
         <input_file_ref idref="fl-eb"/>
      </object_component>
      <object_component id="oc-5e9">
         <name>.text:Power_sleep</name>
         <load_address>0x2000e248</load_address>
         <run_address>0x2000e248</run_address>
         <size>0x138</size>
         <input_file_ref idref="fl-13"/>
      </object_component>
      <object_component id="oc-348">
         <name>.text:Timer_open</name>
         <load_address>0x2000e380</load_address>
         <run_address>0x2000e380</run_address>
         <size>0x138</size>
         <input_file_ref idref="fl-15"/>
      </object_component>
      <object_component id="oc-758">
         <name>.text</name>
         <load_address>0x2000e4b8</load_address>
         <run_address>0x2000e4b8</run_address>
         <size>0x136</size>
         <input_file_ref idref="fl-f2"/>
      </object_component>
      <object_component id="oc-4cf">
         <name>.text:I2C_transferTimeout</name>
         <load_address>0x2000e5ee</load_address>
         <run_address>0x2000e5ee</run_address>
         <size>0x122</size>
         <input_file_ref idref="fl-e"/>
      </object_component>
      <object_component id="oc-8af">
         <name>.text:UARTCC32XX_close</name>
         <load_address>0x2000e710</load_address>
         <run_address>0x2000e710</run_address>
         <size>0x120</size>
         <input_file_ref idref="fl-16"/>
      </object_component>
      <object_component id="oc-784">
         <name>.text:fcvt</name>
         <load_address>0x2000e830</load_address>
         <run_address>0x2000e830</run_address>
         <size>0x120</size>
         <input_file_ref idref="fl-eb"/>
      </object_component>
      <object_component id="oc-217">
         <name>.text:readTemp</name>
         <load_address>0x2000e950</load_address>
         <run_address>0x2000e950</run_address>
         <size>0x120</size>
         <input_file_ref idref="fl-2"/>
      </object_component>
      <object_component id="oc-743">
         <name>.text:aligned_alloc</name>
         <load_address>0x2000ea70</load_address>
         <run_address>0x2000ea70</run_address>
         <size>0x100</size>
         <input_file_ref idref="fl-e9"/>
      </object_component>
      <object_component id="oc-328">
         <name>.text:I2C_open</name>
         <load_address>0x2000eb70</load_address>
         <run_address>0x2000eb70</run_address>
         <size>0xfc</size>
         <input_file_ref idref="fl-12"/>
      </object_component>
      <object_component id="oc-753">
         <name>.text</name>
         <load_address>0x2000ec6c</load_address>
         <run_address>0x2000ec6c</run_address>
         <size>0xfc</size>
         <input_file_ref idref="fl-f3"/>
      </object_component>
      <object_component id="oc-8b5">
         <name>.text:UARTCC32XX_control</name>
         <load_address>0x2000ed68</load_address>
         <run_address>0x2000ed68</run_address>
         <size>0xf2</size>
         <input_file_ref idref="fl-16"/>
      </object_component>
      <object_component id="oc-41b">
         <name>.text:PowerCC32XX_initPolicy</name>
         <load_address>0x2000ee5a</load_address>
         <run_address>0x2000ee5a</run_address>
         <size>0x2</size>
         <input_file_ref idref="fl-1d"/>
      </object_component>
      <object_component id="oc-43d">
         <name>.text:free</name>
         <load_address>0x2000ee5c</load_address>
         <run_address>0x2000ee5c</run_address>
         <size>0xe4</size>
         <input_file_ref idref="fl-e9"/>
      </object_component>
      <object_component id="oc-798">
         <name>.text:scalbn</name>
         <load_address>0x2000ef40</load_address>
         <run_address>0x2000ef40</run_address>
         <size>0xd0</size>
         <input_file_ref idref="fl-ed"/>
      </object_component>
      <object_component id="oc-8d9">
         <name>.text:UARTCC32XX_write</name>
         <load_address>0x2000f010</load_address>
         <run_address>0x2000f010</run_address>
         <size>0xca</size>
         <input_file_ref idref="fl-16"/>
      </object_component>
      <object_component id="oc-6ea">
         <name>.text:SemaphoreP_destruct</name>
         <load_address>0x2000f0da</load_address>
         <run_address>0x2000f0da</run_address>
         <size>0x2</size>
         <input_file_ref idref="fl-1a"/>
      </object_component>
      <object_component id="oc-1e7">
         <name>.text:GPIO_init</name>
         <load_address>0x2000f0dc</load_address>
         <run_address>0x2000f0dc</run_address>
         <size>0xc4</size>
         <input_file_ref idref="fl-11"/>
      </object_component>
      <object_component id="oc-7ff">
         <name>.text:restoreParkedPins</name>
         <load_address>0x2000f1a0</load_address>
         <run_address>0x2000f1a0</run_address>
         <size>0xc0</size>
         <input_file_ref idref="fl-13"/>
      </object_component>
      <object_component id="oc-8cd">
         <name>.text:UARTCC32XX_readPolling</name>
         <load_address>0x2000f260</load_address>
         <run_address>0x2000f260</run_address>
         <size>0xba</size>
         <input_file_ref idref="fl-16"/>
      </object_component>
      <object_component id="oc-33c">
         <name>.text:Timer_init</name>
         <load_address>0x2000f31a</load_address>
         <run_address>0x2000f31a</run_address>
         <size>0x2</size>
         <input_file_ref idref="fl-f"/>
      </object_component>
      <object_component id="oc-9d6">
         <name>.text:initHw</name>
         <load_address>0x2000f31c</load_address>
         <run_address>0x2000f31c</run_address>
         <size>0xb8</size>
         <input_file_ref idref="fl-16"/>
      </object_component>
      <object_component id="oc-a6e">
         <name>.text:readTaskCallback</name>
         <load_address>0x2000f3d4</load_address>
         <run_address>0x2000f3d4</run_address>
         <size>0xb6</size>
         <input_file_ref idref="fl-16"/>
      </object_component>
      <object_component id="oc-695">
         <name>.text:I2CCC32XX_completeTransfer</name>
         <load_address>0x2000f48a</load_address>
         <run_address>0x2000f48a</run_address>
         <size>0xb2</size>
         <input_file_ref idref="fl-12"/>
      </object_component>
      <object_component id="oc-556">
         <name>.text:_ltostr</name>
         <load_address>0x2000f53c</load_address>
         <run_address>0x2000f53c</run_address>
         <size>0xb1</size>
         <input_file_ref idref="fl-eb"/>
      </object_component>
      <object_component id="oc-8bb">
         <name>.text:UARTCC32XX_init</name>
         <load_address>0x2000f5ee</load_address>
         <run_address>0x2000f5ee</run_address>
         <size>0x2</size>
         <input_file_ref idref="fl-16"/>
      </object_component>
      <object_component id="oc-21d">
         <name>.text:ButtonFunctions</name>
         <load_address>0x2000f5f0</load_address>
         <run_address>0x2000f5f0</run_address>
         <size>0xb0</size>
         <input_file_ref idref="fl-2"/>
      </object_component>
      <object_component id="oc-a5c">
         <name>.text:readTaskBlocking</name>
         <load_address>0x2000f6a0</load_address>
         <run_address>0x2000f6a0</run_address>
         <size>0xb0</size>
         <input_file_ref idref="fl-16"/>
      </object_component>
      <object_component id="oc-a62">
         <name>.text:readIsrTextBlocking</name>
         <load_address>0x2000f750</load_address>
         <run_address>0x2000f750</run_address>
         <size>0xae</size>
         <input_file_ref idref="fl-16"/>
      </object_component>
      <object_component id="oc-683">
         <name>.text:I2CCC32XX_primeWriteBurst</name>
         <load_address>0x2000f7fe</load_address>
         <run_address>0x2000f7fe</run_address>
         <size>0xa8</size>
         <input_file_ref idref="fl-12"/>
      </object_component>
      <object_component id="oc-3e8">
         <name>.text:_nop</name>
         <load_address>0x2000f8a6</load_address>
         <run_address>0x2000f8a6</run_address>
         <size>0x2</size>
         <input_file_ref idref="fl-fb"/>
      </object_component>
      <object_component id="oc-b5">
         <name>.text:IntEnable</name>
         <load_address>0x2000f8a8</load_address>
         <run_address>0x2000f8a8</run_address>
         <size>0xa8</size>
         <input_file_ref idref="fl-23"/>
      </object_component>
      <object_component id="oc-2d0">
         <name>.text:PowerCC32XX_configureWakeup</name>
         <load_address>0x2000f950</load_address>
         <run_address>0x2000f950</run_address>
         <size>0xa8</size>
         <input_file_ref idref="fl-13"/>
      </object_component>
      <object_component id="oc-a74">
         <name>.text:readIsrTextCallback</name>
         <load_address>0x2000f9f8</load_address>
         <run_address>0x2000f9f8</run_address>
         <size>0xa2</size>
         <input_file_ref idref="fl-16"/>
      </object_component>
      <object_component id="oc-a0d">
         <name>.text:writeData</name>
         <load_address>0x2000fa9a</load_address>
         <run_address>0x2000fa9a</run_address>
         <size>0xa2</size>
         <input_file_ref idref="fl-16"/>
      </object_component>
      <object_component id="oc-2f6">
         <name>.text:SemaphoreP_pend</name>
         <load_address>0x2000fb3c</load_address>
         <run_address>0x2000fb3c</run_address>
         <size>0xa0</size>
         <input_file_ref idref="fl-1a"/>
      </object_component>
      <object_component id="oc-4ac">
         <name>.text:I2CCC32XX_initHw</name>
         <load_address>0x2000fbdc</load_address>
         <run_address>0x2000fbdc</run_address>
         <size>0x9c</size>
         <input_file_ref idref="fl-12"/>
      </object_component>
      <object_component id="oc-3b">
         <name>.text</name>
         <load_address>0x2000fc78</load_address>
         <run_address>0x2000fc78</run_address>
         <size>0x9c</size>
         <input_file_ref idref="fl-e4"/>
      </object_component>
      <object_component id="oc-223">
         <name>.text:LED_Function</name>
         <load_address>0x2000fd14</load_address>
         <run_address>0x2000fd14</run_address>
         <size>0x98</size>
         <input_file_ref idref="fl-2"/>
      </object_component>
      <object_component id="oc-312">
         <name>.text:powerNotifyFxn</name>
         <load_address>0x2000fdac</load_address>
         <run_address>0x2000fdac</run_address>
         <size>0x98</size>
         <input_file_ref idref="fl-11"/>
      </object_component>
      <object_component id="oc-5e4">
         <name>.text</name>
         <load_address>0x2000fe44</load_address>
         <run_address>0x2000fe44</run_address>
         <size>0x96</size>
         <input_file_ref idref="fl-e5"/>
      </object_component>
      <object_component id="oc-73">
         <name>.text:busFaultHandler</name>
         <load_address>0x2000feda</load_address>
         <run_address>0x2000feda</run_address>
         <size>0x2</size>
         <input_file_ref idref="fl-1e"/>
      </object_component>
      <object_component id="oc-7f3">
         <name>.text:restoreNVICRegs</name>
         <load_address>0x2000fedc</load_address>
         <run_address>0x2000fedc</run_address>
         <size>0x90</size>
         <input_file_ref idref="fl-13"/>
      </object_component>
      <object_component id="oc-4a0">
         <name>.text:HwiP_construct</name>
         <load_address>0x2000ff6c</load_address>
         <run_address>0x2000ff6c</run_address>
         <size>0x8c</size>
         <input_file_ref idref="fl-1c"/>
      </object_component>
      <object_component id="oc-97c">
         <name>.text:IntPendSet</name>
         <load_address>0x2000fff8</load_address>
         <run_address>0x2000fff8</run_address>
         <size>0x88</size>
         <input_file_ref idref="fl-23"/>
      </object_component>
      <object_component id="oc-36e">
         <name>.text:PinConfigSet</name>
         <load_address>0x20010080</load_address>
         <run_address>0x20010080</run_address>
         <size>0x88</size>
         <input_file_ref idref="fl-24"/>
      </object_component>
      <object_component id="oc-55c">
         <name>.text:__aeabi_cdcmple</name>
         <load_address>0x20010108</load_address>
         <run_address>0x20010108</run_address>
         <size>0x86</size>
         <input_file_ref idref="fl-f1"/>
      </object_component>
      <object_component id="oc-75d">
         <name>.text:__aeabi_cdrcmple</name>
         <load_address>0x2001018e</load_address>
         <run_address>0x2001018e</run_address>
         <size>0x86</size>
         <input_file_ref idref="fl-f1"/>
      </object_component>
      <object_component id="oc-1d9">
         <name>.text:Power_init</name>
         <load_address>0x20010214</load_address>
         <run_address>0x20010214</run_address>
         <size>0x84</size>
         <input_file_ref idref="fl-13"/>
      </object_component>
      <object_component id="oc-7e8">
         <name>.text:saveNVICRegs</name>
         <load_address>0x20010298</load_address>
         <run_address>0x20010298</run_address>
         <size>0x84</size>
         <input_file_ref idref="fl-13"/>
      </object_component>
      <object_component id="oc-374">
         <name>.text:Power_setDependency</name>
         <load_address>0x2001031c</load_address>
         <run_address>0x2001031c</run_address>
         <size>0x80</size>
         <input_file_ref idref="fl-13"/>
      </object_component>
      <object_component id="oc-a56">
         <name>.text:readIsrBinaryBlocking</name>
         <load_address>0x2001039c</load_address>
         <run_address>0x2001039c</run_address>
         <size>0x7c</size>
         <input_file_ref idref="fl-16"/>
      </object_component>
      <object_component id="oc-67d">
         <name>.text:I2CCC32XX_primeReadBurst</name>
         <load_address>0x20010418</load_address>
         <run_address>0x20010418</run_address>
         <size>0x7a</size>
         <input_file_ref idref="fl-12"/>
      </object_component>
      <object_component id="oc-3ae">
         <name>.text</name>
         <load_address>0x20010492</load_address>
         <run_address>0x20010492</run_address>
         <size>0x7a</size>
         <input_file_ref idref="fl-e0"/>
      </object_component>
      <object_component id="oc-9d">
         <name>.text</name>
         <load_address>0x2001050c</load_address>
         <run_address>0x2001050c</run_address>
         <size>0x7a</size>
         <input_file_ref idref="fl-f6"/>
      </object_component>
      <object_component id="oc-462">
         <name>.text:clkFxn</name>
         <load_address>0x20010586</load_address>
         <run_address>0x20010586</run_address>
         <size>0x2</size>
         <input_file_ref idref="fl-1a"/>
      </object_component>
      <object_component id="oc-398">
         <name>.text:GPIO_hwiIntFxn</name>
         <load_address>0x20010588</load_address>
         <run_address>0x20010588</run_address>
         <size>0x78</size>
         <input_file_ref idref="fl-11"/>
      </object_component>
      <object_component id="oc-a68">
         <name>.text:readIsrBinaryCallback</name>
         <load_address>0x20010600</load_address>
         <run_address>0x20010600</run_address>
         <size>0x78</size>
         <input_file_ref idref="fl-16"/>
      </object_component>
      <object_component id="oc-9e5">
         <name>.text:UARTCC32XX_hwiIntFxn</name>
         <load_address>0x20010678</load_address>
         <run_address>0x20010678</run_address>
         <size>0x74</size>
         <input_file_ref idref="fl-16"/>
      </object_component>
      <object_component id="oc-8f3">
         <name>.text:split</name>
         <load_address>0x200106ec</load_address>
         <run_address>0x200106ec</run_address>
         <size>0x70</size>
         <input_file_ref idref="fl-e9"/>
      </object_component>
      <object_component id="oc-77d">
         <name>.text:_mcpy</name>
         <load_address>0x2001075c</load_address>
         <run_address>0x2001075c</run_address>
         <size>0x6e</size>
         <input_file_ref idref="fl-eb"/>
      </object_component>
      <object_component id="oc-6b0">
         <name>.text:I2CSupport_primeTransfer</name>
         <load_address>0x200107ca</load_address>
         <run_address>0x200107ca</run_address>
         <size>0x6a</size>
         <input_file_ref idref="fl-12"/>
      </object_component>
      <object_component id="oc-14">
         <name>.text:decompress:lzss:__TI_decompress_lzss</name>
         <load_address>0x20010834</load_address>
         <run_address>0x20010834</run_address>
         <size>0x68</size>
         <input_file_ref idref="fl-e8"/>
      </object_component>
      <object_component id="oc-8e5">
         <name>.text:UARTCC32XX_writeCancel</name>
         <load_address>0x2001089c</load_address>
         <run_address>0x2001089c</run_address>
         <size>0x66</size>
         <input_file_ref idref="fl-16"/>
      </object_component>
      <object_component id="oc-6d">
         <name>.text:defaultHandler</name>
         <load_address>0x20010902</load_address>
         <run_address>0x20010902</run_address>
         <size>0x2</size>
         <input_file_ref idref="fl-1e"/>
      </object_component>
      <object_component id="oc-48c">
         <name>.text:PowerCC32XX_setParkState</name>
         <load_address>0x20010904</load_address>
         <run_address>0x20010904</run_address>
         <size>0x64</size>
         <input_file_ref idref="fl-13"/>
      </object_component>
      <object_component id="oc-8df">
         <name>.text:UARTCC32XX_writePolling</name>
         <load_address>0x20010968</load_address>
         <run_address>0x20010968</run_address>
         <size>0x62</size>
         <input_file_ref idref="fl-16"/>
      </object_component>
      <object_component id="oc-67">
         <name>.text:faultISR</name>
         <load_address>0x200109ca</load_address>
         <run_address>0x200109ca</run_address>
         <size>0x2</size>
         <input_file_ref idref="fl-1e"/>
      </object_component>
      <object_component id="oc-29e">
         <name>.text:PRCMSysResetCauseGet</name>
         <load_address>0x200109cc</load_address>
         <run_address>0x200109cc</run_address>
         <size>0x60</size>
         <input_file_ref idref="fl-25"/>
      </object_component>
      <object_component id="oc-205">
         <name>.text:GPIO_setCallback</name>
         <load_address>0x20010a2c</load_address>
         <run_address>0x20010a2c</run_address>
         <size>0x5c</size>
         <input_file_ref idref="fl-11"/>
      </object_component>
      <object_component id="oc-792">
         <name>.text:frexp</name>
         <load_address>0x20010a88</load_address>
         <run_address>0x20010a88</run_address>
         <size>0x5c</size>
         <input_file_ref idref="fl-ec"/>
      </object_component>
      <object_component id="oc-93c">
         <name>.text:sysTickInit</name>
         <load_address>0x20010ae4</load_address>
         <run_address>0x20010ae4</run_address>
         <size>0x5c</size>
         <input_file_ref idref="fl-1b"/>
      </object_component>
      <object_component id="oc-211">
         <name>.text:GPIO_write</name>
         <load_address>0x20010b40</load_address>
         <run_address>0x20010b40</run_address>
         <size>0x58</size>
         <input_file_ref idref="fl-11"/>
      </object_component>
      <object_component id="oc-2b7">
         <name>.text:PRCMPeripheralReset</name>
         <load_address>0x20010b98</load_address>
         <run_address>0x20010b98</run_address>
         <size>0x58</size>
         <input_file_ref idref="fl-25"/>
      </object_component>
      <object_component id="oc-89e">
         <name>.text:Power_releaseDependency</name>
         <load_address>0x20010bf0</load_address>
         <run_address>0x20010bf0</run_address>
         <size>0x58</size>
         <input_file_ref idref="fl-13"/>
      </object_component>
      <object_component id="oc-567">
         <name>.text:_pconv_f</name>
         <load_address>0x20010c48</load_address>
         <run_address>0x20010c48</run_address>
         <size>0x56</size>
         <input_file_ref idref="fl-eb"/>
      </object_component>
      <object_component id="oc-767">
         <name>.text:__TI_ltoa</name>
         <load_address>0x20010c9e</load_address>
         <run_address>0x20010c9e</run_address>
         <size>0x54</size>
         <input_file_ref idref="fl-fc"/>
      </object_component>
      <object_component id="oc-61">
         <name>.text:nmiISR</name>
         <load_address>0x20010cf2</load_address>
         <run_address>0x20010cf2</run_address>
         <size>0x2</size>
         <input_file_ref idref="fl-1e"/>
      </object_component>
      <object_component id="oc-1f3">
         <name>.text:initTimer</name>
         <load_address>0x20010cf4</load_address>
         <run_address>0x20010cf4</run_address>
         <size>0x54</size>
         <input_file_ref idref="fl-2"/>
      </object_component>
      <object_component id="oc-aae">
         <name>.text:ringBufGet</name>
         <load_address>0x20010d48</load_address>
         <run_address>0x20010d48</run_address>
         <size>0x54</size>
         <input_file_ref idref="fl-16"/>
      </object_component>
      <object_component id="oc-959">
         <name>.text:PowerCC32XX_resumeLPDS</name>
         <load_address>0x20010d9c</load_address>
         <run_address>0x20010d9c</run_address>
         <size>0x52</size>
         <input_file_ref idref="fl-14"/>
      </object_component>
      <object_component id="oc-777">
         <name>.text:_ecpy</name>
         <load_address>0x20010dee</load_address>
         <run_address>0x20010dee</run_address>
         <size>0x52</size>
         <input_file_ref idref="fl-eb"/>
      </object_component>
      <object_component id="oc-4f7">
         <name>.text:initHw</name>
         <load_address>0x20010e40</load_address>
         <run_address>0x20010e40</run_address>
         <size>0x52</size>
         <input_file_ref idref="fl-15"/>
      </object_component>
      <object_component id="oc-7d6">
         <name>.text</name>
         <load_address>0x20010e92</load_address>
         <run_address>0x20010e92</run_address>
         <size>0x2</size>
         <input_file_ref idref="fl-ef"/>
      </object_component>
      <object_component id="oc-79">
         <name>.text:ClockP_sysTickHandler</name>
         <load_address>0x20010e94</load_address>
         <run_address>0x20010e94</run_address>
         <size>0x50</size>
         <input_file_ref idref="fl-1b"/>
      </object_component>
      <object_component id="oc-60a">
         <name>.text:SemaphoreP_construct</name>
         <load_address>0x20010ee4</load_address>
         <run_address>0x20010ee4</run_address>
         <size>0x50</size>
         <input_file_ref idref="fl-1a"/>
      </object_component>
      <object_component id="oc-4df">
         <name>.text:TimerCC32XX_allocateTimerResource</name>
         <load_address>0x20010f34</load_address>
         <run_address>0x20010f34</run_address>
         <size>0x50</size>
         <input_file_ref idref="fl-15"/>
      </object_component>
      <object_component id="oc-20b">
         <name>.text:GPIO_enableInt</name>
         <load_address>0x20010f84</load_address>
         <run_address>0x20010f84</run_address>
         <size>0x4c</size>
         <input_file_ref idref="fl-11"/>
      </object_component>
      <object_component id="oc-671">
         <name>.text:I2CCC32XX_readRecieveFifo</name>
         <load_address>0x20010fd0</load_address>
         <run_address>0x20010fd0</run_address>
         <size>0x4c</size>
         <input_file_ref idref="fl-12"/>
      </object_component>
      <object_component id="oc-950">
         <name>.text:PowerCC32XX_parkPin</name>
         <load_address>0x2001101c</load_address>
         <run_address>0x2001101c</run_address>
         <size>0x4c</size>
         <input_file_ref idref="fl-13"/>
      </object_component>
      <object_component id="oc-550">
         <name>.text:atoi</name>
         <load_address>0x20011068</load_address>
         <run_address>0x20011068</run_address>
         <size>0x4c</size>
         <input_file_ref idref="fl-fe"/>
      </object_component>
      <object_component id="oc-7f9">
         <name>.text:restorePeriphClocks</name>
         <load_address>0x200110b4</load_address>
         <run_address>0x200110b4</run_address>
         <size>0x4c</size>
         <input_file_ref idref="fl-13"/>
      </object_component>
      <object_component id="oc-229">
         <name>.text:snprintf</name>
         <load_address>0x20011100</load_address>
         <run_address>0x20011100</run_address>
         <size>0x4c</size>
         <input_file_ref idref="fl-df"/>
      </object_component>
      <object_component id="oc-974">
         <name>.text:FlashDisable</name>
         <load_address>0x2001114c</load_address>
         <run_address>0x2001114c</run_address>
         <size>0x48</size>
         <input_file_ref idref="fl-29"/>
      </object_component>
      <object_component id="oc-805">
         <name>.text:PRCMLPDSEnter</name>
         <load_address>0x20011194</load_address>
         <run_address>0x20011194</run_address>
         <size>0x48</size>
         <input_file_ref idref="fl-25"/>
      </object_component>
      <object_component id="oc-2b1">
         <name>.text:PRCMPeripheralClkEnable</name>
         <load_address>0x200111dc</load_address>
         <run_address>0x200111dc</run_address>
         <size>0x48</size>
         <input_file_ref idref="fl-25"/>
      </object_component>
      <object_component id="oc-85c">
         <name>.text:Power_releaseConstraint</name>
         <load_address>0x20011224</load_address>
         <run_address>0x20011224</run_address>
         <size>0x48</size>
         <input_file_ref idref="fl-13"/>
      </object_component>
      <object_component id="oc-762">
         <name>.text</name>
         <load_address>0x2001126c</load_address>
         <run_address>0x2001126c</run_address>
         <size>0x48</size>
         <input_file_ref idref="fl-f4"/>
      </object_component>
      <object_component id="oc-a9b">
         <name>.text:RingBuf_put</name>
         <load_address>0x200112b4</load_address>
         <run_address>0x200112b4</run_address>
         <size>0x46</size>
         <input_file_ref idref="fl-18"/>
      </object_component>
      <object_component id="oc-4f1">
         <name>.text:getPrescaler</name>
         <load_address>0x200112fa</load_address>
         <run_address>0x200112fa</run_address>
         <size>0x46</size>
         <input_file_ref idref="fl-15"/>
      </object_component>
      <object_component id="oc-632">
         <name>.text:ClockP_stop</name>
         <load_address>0x20011340</load_address>
         <run_address>0x20011340</run_address>
         <size>0x44</size>
         <input_file_ref idref="fl-1b"/>
      </object_component>
      <object_component id="oc-95e">
         <name>.text:PRCMLPDSRestoreInfoSet</name>
         <load_address>0x20011384</load_address>
         <run_address>0x20011384</run_address>
         <size>0x44</size>
         <input_file_ref idref="fl-25"/>
      </object_component>
      <object_component id="oc-7ee">
         <name>.text:PowerCC32XX_enterLPDS</name>
         <load_address>0x200113c8</load_address>
         <run_address>0x200113c8</run_address>
         <size>0x44</size>
         <input_file_ref idref="fl-14"/>
      </object_component>
      <object_component id="oc-302">
         <name>.text:SemaphoreP_post</name>
         <load_address>0x2001140c</load_address>
         <run_address>0x2001140c</run_address>
         <size>0x44</size>
         <input_file_ref idref="fl-1a"/>
      </object_component>
      <object_component id="oc-5fa">
         <name>.text:SwiP_restore</name>
         <load_address>0x20011450</load_address>
         <run_address>0x20011450</run_address>
         <size>0x44</size>
         <input_file_ref idref="fl-1f"/>
      </object_component>
      <object_component id="oc-34e">
         <name>.text:Timer_start</name>
         <load_address>0x20011494</load_address>
         <run_address>0x20011494</run_address>
         <size>0x44</size>
         <input_file_ref idref="fl-f"/>
      </object_component>
      <object_component id="oc-35b">
         <name>.text:UART_init</name>
         <load_address>0x200114d8</load_address>
         <run_address>0x200114d8</run_address>
         <size>0x44</size>
         <input_file_ref idref="fl-10"/>
      </object_component>
      <object_component id="oc-172">
         <name>.text:__TI_auto_init_nobinit_nopinit:__TI_auto_init_nobinit_nopinit</name>
         <load_address>0x2001151c</load_address>
         <run_address>0x2001151c</run_address>
         <size>0x44</size>
         <input_file_ref idref="fl-f7"/>
      </object_component>
      <object_component id="oc-1f9">
         <name>.text:initUART</name>
         <load_address>0x20011560</load_address>
         <run_address>0x20011560</run_address>
         <size>0x44</size>
         <input_file_ref idref="fl-2"/>
      </object_component>
      <object_component id="oc-a45">
         <name>.text:ClockP_construct</name>
         <load_address>0x200115a4</load_address>
         <run_address>0x200115a4</run_address>
         <size>0x40</size>
         <input_file_ref idref="fl-1b"/>
      </object_component>
      <object_component id="oc-2c9">
         <name>.text:PinModeSet</name>
         <load_address>0x200115e4</load_address>
         <run_address>0x200115e4</run_address>
         <size>0x40</size>
         <input_file_ref idref="fl-24"/>
      </object_component>
      <object_component id="oc-9ff">
         <name>.text:RingBuf_get</name>
         <load_address>0x20011624</load_address>
         <run_address>0x20011624</run_address>
         <size>0x40</size>
         <input_file_ref idref="fl-18"/>
      </object_component>
      <object_component id="oc-511">
         <name>.text:TimerSupport_timerEnable</name>
         <load_address>0x20011664</load_address>
         <run_address>0x20011664</run_address>
         <size>0x40</size>
         <input_file_ref idref="fl-15"/>
      </object_component>
      <object_component id="oc-4eb">
         <name>.text:Timer_close</name>
         <load_address>0x200116a4</load_address>
         <run_address>0x200116a4</run_address>
         <size>0x40</size>
         <input_file_ref idref="fl-15"/>
      </object_component>
      <object_component id="oc-8c7">
         <name>.text:UARTCC32XX_read</name>
         <load_address>0x200116e4</load_address>
         <run_address>0x200116e4</run_address>
         <size>0x40</size>
         <input_file_ref idref="fl-16"/>
      </object_component>
      <object_component id="oc-367">
         <name>.text:UART_open</name>
         <load_address>0x20011724</load_address>
         <run_address>0x20011724</run_address>
         <size>0x40</size>
         <input_file_ref idref="fl-10"/>
      </object_component>
      <object_component id="oc-78a">
         <name>.text:_fcpy</name>
         <load_address>0x20011764</load_address>
         <run_address>0x20011764</run_address>
         <size>0x3e</size>
         <input_file_ref idref="fl-eb"/>
      </object_component>
      <object_component id="oc-45c">
         <name>.text:ClockP_destruct</name>
         <load_address>0x200117a4</load_address>
         <run_address>0x200117a4</run_address>
         <size>0x3c</size>
         <input_file_ref idref="fl-1b"/>
      </object_component>
      <object_component id="oc-729">
         <name>.text:Power_setConstraint</name>
         <load_address>0x200117e0</load_address>
         <run_address>0x200117e0</run_address>
         <size>0x3c</size>
         <input_file_ref idref="fl-13"/>
      </object_component>
      <object_component id="oc-5de">
         <name>.text:getCountsRTC</name>
         <load_address>0x2001181c</load_address>
         <run_address>0x2001181c</run_address>
         <size>0x3a</size>
         <input_file_ref idref="fl-1d"/>
      </object_component>
      <object_component id="oc-80b">
         <name>.text:PRCMLPDSEnterKeepDebugIf</name>
         <load_address>0x20011858</load_address>
         <run_address>0x20011858</run_address>
         <size>0x38</size>
         <input_file_ref idref="fl-25"/>
      </object_component>
      <object_component id="oc-db">
         <name>.text:addToList</name>
         <load_address>0x20011890</load_address>
         <run_address>0x20011890</run_address>
         <size>0x38</size>
         <input_file_ref idref="fl-1b"/>
      </object_component>
      <object_component id="oc-59">
         <name>.text:initVectors</name>
         <load_address>0x200118c8</load_address>
         <run_address>0x200118c8</run_address>
         <size>0x38</size>
         <input_file_ref idref="fl-1e"/>
      </object_component>
      <object_component id="oc-7dc">
         <name>.text:notify</name>
         <load_address>0x20011900</load_address>
         <run_address>0x20011900</run_address>
         <size>0x38</size>
         <input_file_ref idref="fl-13"/>
      </object_component>
      <object_component id="oc-3b3">
         <name>.text</name>
         <load_address>0x20011938</load_address>
         <run_address>0x20011938</run_address>
         <size>0x38</size>
         <input_file_ref idref="fl-e1"/>
      </object_component>
      <object_component id="oc-3a9">
         <name>.text</name>
         <load_address>0x20011970</load_address>
         <run_address>0x20011970</run_address>
         <size>0x38</size>
         <input_file_ref idref="fl-e2"/>
      </object_component>
      <object_component id="oc-70a">
         <name>.text:TimerControlStall</name>
         <load_address>0x200119a8</load_address>
         <run_address>0x200119a8</run_address>
         <size>0x36</size>
         <input_file_ref idref="fl-26"/>
      </object_component>
      <object_component id="oc-6d8">
         <name>.text:Timer_stop</name>
         <load_address>0x200119de</load_address>
         <run_address>0x200119de</run_address>
         <size>0x36</size>
         <input_file_ref idref="fl-f"/>
      </object_component>
      <object_component id="oc-8d3">
         <name>.text:UARTCC32XX_readCancel</name>
         <load_address>0x20011a14</load_address>
         <run_address>0x20011a14</run_address>
         <size>0x36</size>
         <input_file_ref idref="fl-16"/>
      </object_component>
      <object_component id="oc-5cc">
         <name>.text:ClockP_getTicksUntilInterrupt</name>
         <load_address>0x20011a4c</load_address>
         <run_address>0x20011a4c</run_address>
         <size>0x34</size>
         <input_file_ref idref="fl-1b"/>
      </object_component>
      <object_component id="oc-7cd">
         <name>.text:ClockP_startup</name>
         <load_address>0x20011a80</load_address>
         <run_address>0x20011a80</run_address>
         <size>0x34</size>
         <input_file_ref idref="fl-1b"/>
      </object_component>
      <object_component id="oc-2c3">
         <name>.text:PinModeGet</name>
         <load_address>0x20011ab4</load_address>
         <run_address>0x20011ab4</run_address>
         <size>0x34</size>
         <input_file_ref idref="fl-24"/>
      </object_component>
      <object_component id="oc-9a3">
         <name>.text:PowerCC32XX_restoreParkState</name>
         <load_address>0x20011ae8</load_address>
         <run_address>0x20011ae8</run_address>
         <size>0x34</size>
         <input_file_ref idref="fl-13"/>
      </object_component>
      <object_component id="oc-6f0">
         <name>.text:TimerCC32XX_freeTimerResource</name>
         <load_address>0x20011b1c</load_address>
         <run_address>0x20011b1c</run_address>
         <size>0x34</size>
         <input_file_ref idref="fl-15"/>
      </object_component>
      <object_component id="oc-509">
         <name>.text:TimerCC32XX_hwiIntFunction</name>
         <load_address>0x20011b50</load_address>
         <run_address>0x20011b50</run_address>
         <size>0x34</size>
         <input_file_ref idref="fl-15"/>
      </object_component>
      <object_component id="oc-6cd">
         <name>.text:getPowerMgrId</name>
         <load_address>0x20011b84</load_address>
         <run_address>0x20011b84</run_address>
         <size>0x34</size>
         <input_file_ref idref="fl-15"/>
      </object_component>
      <object_component id="oc-44a">
         <name>.text:ClockP_start</name>
         <load_address>0x20011bb8</load_address>
         <run_address>0x20011bb8</run_address>
         <size>0x30</size>
         <input_file_ref idref="fl-1b"/>
      </object_component>
      <object_component id="oc-96d">
         <name>.text:PowerCC32XX_restoreParkedPin</name>
         <load_address>0x20011be8</load_address>
         <run_address>0x20011be8</run_address>
         <size>0x30</size>
         <input_file_ref idref="fl-13"/>
      </object_component>
      <object_component id="oc-3c3">
         <name>.text:_outs</name>
         <load_address>0x20011c18</load_address>
         <run_address>0x20011c18</run_address>
         <size>0x30</size>
         <input_file_ref idref="fl-df"/>
      </object_component>
      <object_component id="oc-76d">
         <name>.text</name>
         <load_address>0x20011c48</load_address>
         <run_address>0x20011c48</run_address>
         <size>0x2e</size>
         <input_file_ref idref="fl-f5"/>
      </object_component>
      <object_component id="oc-9c4">
         <name>.text:PowerCC32XX_getParkState</name>
         <load_address>0x20011c78</load_address>
         <run_address>0x20011c78</run_address>
         <size>0x2c</size>
         <input_file_ref idref="fl-13"/>
      </object_component>
      <object_component id="oc-380">
         <name>.text:HwiP_create</name>
         <load_address>0x20011ca4</load_address>
         <run_address>0x20011ca4</run_address>
         <size>0x2a</size>
         <input_file_ref idref="fl-1c"/>
      </object_component>
      <object_component id="oc-704">
         <name>.text:TimerLoadSet</name>
         <load_address>0x20011cce</load_address>
         <run_address>0x20011cce</run_address>
         <size>0x2a</size>
         <input_file_ref idref="fl-26"/>
      </object_component>
      <object_component id="oc-6fe">
         <name>.text:TimerPrescaleSet</name>
         <load_address>0x20011cf8</load_address>
         <run_address>0x20011cf8</run_address>
         <size>0x2a</size>
         <input_file_ref idref="fl-26"/>
      </object_component>
      <object_component id="oc-689">
         <name>.text:I2CFIFODataPutNonBlocking</name>
         <load_address>0x20011d22</load_address>
         <run_address>0x20011d22</run_address>
         <size>0x28</size>
         <input_file_ref idref="fl-22"/>
      </object_component>
      <object_component id="oc-2bd">
         <name>.text:PRCMPeripheralClkDisable</name>
         <load_address>0x20011d4c</load_address>
         <run_address>0x20011d4c</run_address>
         <size>0x28</size>
         <input_file_ref idref="fl-25"/>
      </object_component>
      <object_component id="oc-2fc">
         <name>.text:Power_registerNotify</name>
         <load_address>0x20011d74</load_address>
         <run_address>0x20011d74</run_address>
         <size>0x28</size>
         <input_file_ref idref="fl-13"/>
      </object_component>
      <object_component id="oc-62a">
         <name>.text:free_list_insert</name>
         <load_address>0x20011d9c</load_address>
         <run_address>0x20011d9c</run_address>
         <size>0x28</size>
         <input_file_ref idref="fl-e9"/>
      </object_component>
      <object_component id="oc-838">
         <name>.text:I2CFIFODataGetNonBlocking</name>
         <load_address>0x20011dc4</load_address>
         <run_address>0x20011dc4</run_address>
         <size>0x26</size>
         <input_file_ref idref="fl-22"/>
      </object_component>
      <object_component id="oc-6bc">
         <name>.text:I2C_cancel</name>
         <load_address>0x20011dea</load_address>
         <run_address>0x20011dea</run_address>
         <size>0x26</size>
         <input_file_ref idref="fl-e"/>
      </object_component>
      <object_component id="oc-46c">
         <name>.text:List_put</name>
         <load_address>0x20011e10</load_address>
         <run_address>0x20011e10</run_address>
         <size>0x26</size>
         <input_file_ref idref="fl-17"/>
      </object_component>
      <object_component id="oc-88f">
         <name>.text:List_remove</name>
         <load_address>0x20011e36</load_address>
         <run_address>0x20011e36</run_address>
         <size>0x26</size>
         <input_file_ref idref="fl-17"/>
      </object_component>
      <object_component id="oc-64e">
         <name>.text:HwiP_dispatch</name>
         <load_address>0x20011e5c</load_address>
         <run_address>0x20011e5c</run_address>
         <size>0x24</size>
         <input_file_ref idref="fl-1c"/>
      </object_component>
      <object_component id="oc-9be">
         <name>.text:PowerCC32XX_reset</name>
         <load_address>0x20011e80</load_address>
         <run_address>0x20011e80</run_address>
         <size>0x24</size>
         <input_file_ref idref="fl-13"/>
      </object_component>
      <object_component id="oc-888">
         <name>.text:TimerSupport_timerDisable</name>
         <load_address>0x20011ea4</load_address>
         <run_address>0x20011ea4</run_address>
         <size>0x24</size>
         <input_file_ref idref="fl-15"/>
      </object_component>
      <object_component id="oc-c5">
         <name>.text:_c_int00_noargs:_c_int00_noargs</name>
         <load_address>0x20011ec8</load_address>
         <run_address>0x20011ec8</run_address>
         <size>0x24</size>
         <input_file_ref idref="fl-ea"/>
      </object_component>
      <object_component id="oc-840">
         <name>.text:I2CMasterSlaveAddrSet</name>
         <load_address>0x20011eec</load_address>
         <run_address>0x20011eec</run_address>
         <size>0x22</size>
         <input_file_ref idref="fl-22"/>
      </object_component>
      <object_component id="oc-896">
         <name>.text:HwiP_destruct</name>
         <load_address>0x20011f0e</load_address>
         <run_address>0x20011f0e</run_address>
         <size>0x20</size>
         <input_file_ref idref="fl-1c"/>
      </object_component>
      <object_component id="oc-6de">
         <name>.text:Power_unregisterNotify</name>
         <load_address>0x20011f30</load_address>
         <run_address>0x20011f30</run_address>
         <size>0x20</size>
         <input_file_ref idref="fl-13"/>
      </object_component>
      <object_component id="oc-9aa">
         <name>.text:RingBuf_peek</name>
         <load_address>0x20011f50</load_address>
         <run_address>0x20011f50</run_address>
         <size>0x20</size>
         <input_file_ref idref="fl-18"/>
      </object_component>
      <object_component id="oc-9b8">
         <name>.text:getPowerMgrId</name>
         <load_address>0x20011f70</load_address>
         <run_address>0x20011f70</run_address>
         <size>0x20</size>
         <input_file_ref idref="fl-16"/>
      </object_component>
      <object_component id="oc-665">
         <name>.text:I2CMasterIntStatusEx</name>
         <load_address>0x20011f90</load_address>
         <run_address>0x20011f90</run_address>
         <size>0x1e</size>
         <input_file_ref idref="fl-22"/>
      </object_component>
      <object_component id="oc-4a6">
         <name>.text:SemaphoreP_constructBinary</name>
         <load_address>0x20011fae</load_address>
         <run_address>0x20011fae</run_address>
         <size>0x1e</size>
         <input_file_ref idref="fl-1a"/>
      </object_component>
      <object_component id="oc-6f8">
         <name>.text:TimerDisable</name>
         <load_address>0x20011fcc</load_address>
         <run_address>0x20011fcc</run_address>
         <size>0x1e</size>
         <input_file_ref idref="fl-26"/>
      </object_component>
      <object_component id="oc-72f">
         <name>.text:TimerEnable</name>
         <load_address>0x20011fea</load_address>
         <run_address>0x20011fea</run_address>
         <size>0x1e</size>
         <input_file_ref idref="fl-26"/>
      </object_component>
      <object_component id="oc-94a">
         <name>.text:PinToPadGet</name>
         <load_address>0x20012008</load_address>
         <run_address>0x20012008</run_address>
         <size>0x1c</size>
         <input_file_ref idref="fl-24"/>
      </object_component>
      <object_component id="oc-5c0">
         <name>.text:SwiP_disable</name>
         <load_address>0x20012024</load_address>
         <run_address>0x20012024</run_address>
         <size>0x1c</size>
         <input_file_ref idref="fl-1f"/>
      </object_component>
      <object_component id="oc-624">
         <name>.text:free_list_remove</name>
         <load_address>0x20012040</load_address>
         <run_address>0x20012040</run_address>
         <size>0x1c</size>
         <input_file_ref idref="fl-e9"/>
      </object_component>
      <object_component id="oc-579">
         <name>.text:memccpy</name>
         <load_address>0x2001205c</load_address>
         <run_address>0x2001205c</run_address>
         <size>0x1c</size>
         <input_file_ref idref="fl-100"/>
      </object_component>
      <object_component id="oc-9d0">
         <name>.text:ClockP_create</name>
         <load_address>0x20012078</load_address>
         <run_address>0x20012078</run_address>
         <size>0x1a</size>
         <input_file_ref idref="fl-1b"/>
      </object_component>
      <object_component id="oc-2de">
         <name>.text:SemaphoreP_createBinary</name>
         <load_address>0x20012092</load_address>
         <run_address>0x20012092</run_address>
         <size>0x1a</size>
         <input_file_ref idref="fl-1a"/>
      </object_component>
      <object_component id="oc-21">
         <name>.text:resetISR</name>
         <load_address>0x200120ac</load_address>
         <run_address>0x200120ac</run_address>
         <size>0x1a</size>
         <input_file_ref idref="fl-1e"/>
      </object_component>
      <object_component id="oc-871">
         <name>.text:I2CMasterBusBusy</name>
         <load_address>0x200120c6</load_address>
         <run_address>0x200120c6</run_address>
         <size>0x18</size>
         <input_file_ref idref="fl-22"/>
      </object_component>
      <object_component id="oc-677">
         <name>.text:I2CMasterIntDisableEx</name>
         <load_address>0x200120de</load_address>
         <run_address>0x200120de</run_address>
         <size>0x18</size>
         <input_file_ref idref="fl-22"/>
      </object_component>
      <object_component id="oc-852">
         <name>.text:I2CMasterIntEnableEx</name>
         <load_address>0x200120f6</load_address>
         <run_address>0x200120f6</run_address>
         <size>0x18</size>
         <input_file_ref idref="fl-22"/>
      </object_component>
      <object_component id="oc-86b">
         <name>.text:I2CRxFIFOFlush</name>
         <load_address>0x2001210e</load_address>
         <run_address>0x2001210e</run_address>
         <size>0x18</size>
         <input_file_ref idref="fl-22"/>
      </object_component>
      <object_component id="oc-865">
         <name>.text:I2CTxFIFOFlush</name>
         <load_address>0x20012126</load_address>
         <run_address>0x20012126</run_address>
         <size>0x18</size>
         <input_file_ref idref="fl-22"/>
      </object_component>
      <object_component id="oc-5d2">
         <name>.text:Power_getTransitionLatency</name>
         <load_address>0x20012140</load_address>
         <run_address>0x20012140</run_address>
         <size>0x18</size>
         <input_file_ref idref="fl-13"/>
      </object_component>
      <object_component id="oc-81e">
         <name>.text:Power_idleFunc</name>
         <load_address>0x20012158</load_address>
         <run_address>0x20012158</run_address>
         <size>0x18</size>
         <input_file_ref idref="fl-13"/>
      </object_component>
      <object_component id="oc-993">
         <name>.text:TimerIntDisable</name>
         <load_address>0x20012170</load_address>
         <run_address>0x20012170</run_address>
         <size>0x18</size>
         <input_file_ref idref="fl-26"/>
      </object_component>
      <object_component id="oc-723">
         <name>.text:TimerIntEnable</name>
         <load_address>0x20012188</load_address>
         <run_address>0x20012188</run_address>
         <size>0x18</size>
         <input_file_ref idref="fl-26"/>
      </object_component>
      <object_component id="oc-a07">
         <name>.text:UARTBusy</name>
         <load_address>0x200121a0</load_address>
         <run_address>0x200121a0</run_address>
         <size>0x18</size>
         <input_file_ref idref="fl-27"/>
      </object_component>
      <object_component id="oc-a89">
         <name>.text:UARTIntEnable</name>
         <load_address>0x200121b8</load_address>
         <run_address>0x200121b8</run_address>
         <size>0x18</size>
         <input_file_ref idref="fl-27"/>
      </object_component>
      <object_component id="oc-361">
         <name>.text:UART_Params_init</name>
         <load_address>0x200121d0</load_address>
         <run_address>0x200121d0</run_address>
         <size>0x18</size>
         <input_file_ref idref="fl-10"/>
      </object_component>
      <object_component id="oc-3c9">
         <name>.text:_outc</name>
         <load_address>0x200121e8</load_address>
         <run_address>0x200121e8</run_address>
         <size>0x18</size>
         <input_file_ref idref="fl-df"/>
      </object_component>
      <object_component id="oc-236">
         <name>.text:gpioButtonFxn0</name>
         <load_address>0x20012200</load_address>
         <run_address>0x20012200</run_address>
         <size>0x18</size>
         <input_file_ref idref="fl-2"/>
      </object_component>
      <object_component id="oc-23c">
         <name>.text:gpioButtonFxn1</name>
         <load_address>0x20012218</load_address>
         <run_address>0x20012218</run_address>
         <size>0x18</size>
         <input_file_ref idref="fl-2"/>
      </object_component>
      <object_component id="oc-5ef">
         <name>.text</name>
         <load_address>0x20012230</load_address>
         <run_address>0x20012230</run_address>
         <size>0x18</size>
         <input_file_ref idref="fl-e3"/>
      </object_component>
      <object_component id="oc-354">
         <name>.text:timerCallback</name>
         <load_address>0x20012248</load_address>
         <run_address>0x20012248</run_address>
         <size>0x18</size>
         <input_file_ref idref="fl-2"/>
      </object_component>
      <object_component id="oc-84c">
         <name>.text:I2CMasterBurstLengthSet</name>
         <load_address>0x20012260</load_address>
         <run_address>0x20012260</run_address>
         <size>0x16</size>
         <input_file_ref idref="fl-22"/>
      </object_component>
      <object_component id="oc-2ab">
         <name>.text:PRCMHIBRegRead</name>
         <load_address>0x20012276</load_address>
         <run_address>0x20012276</run_address>
         <size>0x16</size>
         <input_file_ref idref="fl-25"/>
      </object_component>
      <object_component id="oc-2a5">
         <name>.text:PRCMHIBRegWrite</name>
         <load_address>0x2001228c</load_address>
         <run_address>0x2001228c</run_address>
         <size>0x16</size>
         <input_file_ref idref="fl-25"/>
      </object_component>
      <object_component id="oc-432">
         <name>.text:SemaphoreP_create</name>
         <load_address>0x200122a2</load_address>
         <run_address>0x200122a2</run_address>
         <size>0x16</size>
         <input_file_ref idref="fl-1a"/>
      </object_component>
      <object_component id="oc-79e">
         <name>.text:strchr</name>
         <load_address>0x200122b8</load_address>
         <run_address>0x200122b8</run_address>
         <size>0x16</size>
         <input_file_ref idref="fl-101"/>
      </object_component>
      <object_component id="oc-a3">
         <name>.text:CPUcpsid</name>
         <load_address>0x200122ce</load_address>
         <run_address>0x200122ce</run_address>
         <size>0x14</size>
         <input_file_ref idref="fl-21"/>
      </object_component>
      <object_component id="oc-473">
         <name>.text:HwiP_inISR</name>
         <load_address>0x200122e4</load_address>
         <run_address>0x200122e4</run_address>
         <size>0x14</size>
         <input_file_ref idref="fl-1c"/>
      </object_component>
      <object_component id="oc-879">
         <name>.text:I2CSupport_masterFinish</name>
         <load_address>0x200122f8</load_address>
         <run_address>0x200122f8</run_address>
         <size>0x14</size>
         <input_file_ref idref="fl-12"/>
      </object_component>
      <object_component id="oc-32e">
         <name>.text:I2C_transfer</name>
         <load_address>0x2001230c</load_address>
         <run_address>0x2001230c</run_address>
         <size>0x14</size>
         <input_file_ref idref="fl-e"/>
      </object_component>
      <object_component id="oc-af">
         <name>.text:IntVTableBaseSet</name>
         <load_address>0x20012320</load_address>
         <run_address>0x20012320</run_address>
         <size>0x14</size>
         <input_file_ref idref="fl-23"/>
      </object_component>
      <object_component id="oc-479">
         <name>.text:Power_disablePolicy</name>
         <load_address>0x20012334</load_address>
         <run_address>0x20012334</run_address>
         <size>0x14</size>
         <input_file_ref idref="fl-13"/>
      </object_component>
      <object_component id="oc-966">
         <name>.text:Power_getDependencyCount</name>
         <load_address>0x20012348</load_address>
         <run_address>0x20012348</run_address>
         <size>0x14</size>
         <input_file_ref idref="fl-13"/>
      </object_component>
      <object_component id="oc-a83">
         <name>.text:releasePowerConstraint</name>
         <load_address>0x2001235c</load_address>
         <run_address>0x2001235c</run_address>
         <size>0x14</size>
         <input_file_ref idref="fl-16"/>
      </object_component>
      <object_component id="oc-54a">
         <name>.text:strlen</name>
         <load_address>0x20012370</load_address>
         <run_address>0x20012370</run_address>
         <size>0x14</size>
         <input_file_ref idref="fl-102"/>
      </object_component>
      <object_component id="oc-37a">
         <name>.text:HwiP_Params_init</name>
         <load_address>0x20012384</load_address>
         <run_address>0x20012384</run_address>
         <size>0x12</size>
         <input_file_ref idref="fl-1c"/>
      </object_component>
      <object_component id="oc-66b">
         <name>.text:I2CMasterIntClearEx</name>
         <load_address>0x20012396</load_address>
         <run_address>0x20012396</run_address>
         <size>0x12</size>
         <input_file_ref idref="fl-22"/>
      </object_component>
      <object_component id="oc-9b2">
         <name>.text:RingBuf_construct</name>
         <load_address>0x200123a8</load_address>
         <run_address>0x200123a8</run_address>
         <size>0x12</size>
         <input_file_ref idref="fl-18"/>
      </object_component>
      <object_component id="oc-71a">
         <name>.text:TimerIntClear</name>
         <load_address>0x200123ba</load_address>
         <run_address>0x200123ba</run_address>
         <size>0x12</size>
         <input_file_ref idref="fl-26"/>
      </object_component>
      <object_component id="oc-11a">
         <name>.text:main</name>
         <load_address>0x200123cc</load_address>
         <run_address>0x200123cc</run_address>
         <size>0x12</size>
         <input_file_ref idref="fl-4"/>
      </object_component>
      <object_component id="oc-57f">
         <name>.text:wcslen</name>
         <load_address>0x200123de</load_address>
         <run_address>0x200123de</run_address>
         <size>0x12</size>
         <input_file_ref idref="fl-ee"/>
      </object_component>
      <object_component id="oc-153">
         <name>.text:Board_init</name>
         <load_address>0x200123f0</load_address>
         <run_address>0x200123f0</run_address>
         <size>0x10</size>
         <input_file_ref idref="fl-3"/>
      </object_component>
[...]
      </symbol>
      <symbol id="sm-b39">
         <name>PowerCC32XX_initPolicy</name>
         <value>0x2000ee5b</value>
         <object_component_ref idref="oc-41b"/>
      </symbol>
      <symbol id="sm-b3a">
         <name>PowerCC32XX_sleepPolicy</name>
         <value>0x2000db65</value>
         <object_component_ref idref="oc-421"/>
      </symbol>
      <symbol id="sm-b8f">
         <name>resetISR</name>
         <value>0x200120ad</value>
         <object_component_ref idref="oc-21"/>
      </symbol>
      <symbol id="sm-b90">
         <name>resetVectorAddr</name>
         <value>0x200120c0</value>
         <object_component_ref idref="oc-21"/>
      </symbol>
      <symbol id="sm-b91">
         <name>initVectors</name>
         <value>0x200118c9</value>
         <object_component_ref idref="oc-59"/>
      </symbol>
      <symbol id="sm-b92">
         <name>resetVectors</name>
         <value>0x20004000</value>
         <object_component_ref idref="oc-27"/>
      </symbol>
      <symbol id="sm-bc2">
         <name>SwiP_disable</name>
         <value>0x20012025</value>
         <object_component_ref idref="oc-5c0"/>
      </symbol>
      <symbol id="sm-bc3">
         <name>SwiP_restore</name>
         <value>0x20011451</value>
         <object_component_ref idref="oc-5fa"/>
      </symbol>
      <symbol id="sm-bce">
         <name>CPUcpsid</name>
         <value>0x200122cf</value>
         <object_component_ref idref="oc-a3"/>
      </symbol>
      <symbol id="sm-c3b">
         <name>I2CRxFIFOFlush</name>
         <value>0x2001210f</value>
         <object_component_ref idref="oc-86b"/>
      </symbol>
      <symbol id="sm-c3c">
         <name>I2CTxFIFOFlush</name>
         <value>0x20012127</value>
         <object_component_ref idref="oc-865"/>
      </symbol>
      <symbol id="sm-c3d">
         <name>I2CFIFODataPutNonBlocking</name>
         <value>0x20011d23</value>
         <object_component_ref idref="oc-689"/>
      </symbol>
      <symbol id="sm-c3e">
         <name>I2CMasterBusBusy</name>
         <value>0x200120c7</value>
         <object_component_ref idref="oc-871"/>
      </symbol>
      <symbol id="sm-c3f">
         <name>I2CMasterIntDisableEx</name>
         <value>0x200120df</value>
         <object_component_ref idref="oc-677"/>
      </symbol>
      <symbol id="sm-c40">
         <name>I2CMasterBurstLengthSet</name>
         <value>0x20012261</value>
         <object_component_ref idref="oc-84c"/>
      </symbol>
      <symbol id="sm-c41">
         <name>I2CMasterIntClearEx</name>
         <value>0x20012397</value>
         <object_component_ref idref="oc-66b"/>
      </symbol>
      <symbol id="sm-c42">
         <name>I2CMasterSlaveAddrSet</name>
         <value>0x20011eed</value>
         <object_component_ref idref="oc-840"/>
      </symbol>
      <symbol id="sm-c43">
         <name>I2CMasterIntEnableEx</name>
         <value>0x200120f7</value>
         <object_component_ref idref="oc-852"/>
      </symbol>
      <symbol id="sm-c44">
         <name>I2CFIFOStatus</name>
         <value>0x20012471</value>
         <object_component_ref idref="oc-68f"/>
      </symbol>
      <symbol id="sm-c45">
         <name>I2CMasterIntStatusEx</name>
         <value>0x20011f91</value>
         <object_component_ref idref="oc-665"/>
      </symbol>
      <symbol id="sm-c46">
         <name>I2CFIFODataGetNonBlocking</name>
         <value>0x20011dc5</value>
         <object_component_ref idref="oc-838"/>
      </symbol>
      <symbol id="sm-c8b">
         <name>IntVTableBaseSet</name>
         <value>0x20012321</value>
         <object_component_ref idref="oc-af"/>
      </symbol>
      <symbol id="sm-c8c">
         <name>IntEnable</name>
         <value>0x2000f8a9</value>
         <object_component_ref idref="oc-b5"/>
      </symbol>
      <symbol id="sm-c8d">
         <name>IntMasterDisable</name>
         <value>0x2001259d</value>
         <object_component_ref idref="oc-53"/>
      </symbol>
      <symbol id="sm-c8e">
         <name>IntPendSet</name>
         <value>0x2000fff9</value>
         <object_component_ref idref="oc-97c"/>
      </symbol>
      <symbol id="sm-cc8">
         <name>PinModeGet</name>
         <value>0x20011ab5</value>
         <object_component_ref idref="oc-2c3"/>
      </symbol>
      <symbol id="sm-cc9">
         <name>PinConfigSet</name>
         <value>0x20010081</value>
         <object_component_ref idref="oc-36e"/>
      </symbol>
      <symbol id="sm-cca">
         <name>PinModeSet</name>
         <value>0x200115e5</value>
         <object_component_ref idref="oc-2c9"/>
      </symbol>
      <symbol id="sm-ccb">
         <name>PinToPadGet</name>
         <value>0x20012009</value>
         <object_component_ref idref="oc-94a"/>
      </symbol>
      <symbol id="sm-d94">
         <name>PRCMLPDSRestoreInfoSet</name>
         <value>0x20011385</value>
         <object_component_ref idref="oc-95e"/>
      </symbol>
      <symbol id="sm-d95">
         <name>PRCMPeripheralReset</name>
         <value>0x20010b99</value>
         <object_component_ref idref="oc-2b7"/>
      </symbol>
      <symbol id="sm-d96">
         <name>PRCMLPDSEnter</name>
         <value>0x20011195</value>
         <object_component_ref idref="oc-805"/>
      </symbol>
      <symbol id="sm-d97">
         <name>PRCMPeripheralClkEnable</name>
         <value>0x200111dd</value>
         <object_component_ref idref="oc-2b1"/>
      </symbol>
      <symbol id="sm-d98">
         <name>PRCMLPDSEnterKeepDebugIf</name>
         <value>0x20011859</value>
         <object_component_ref idref="oc-80b"/>
      </symbol>
      <symbol id="sm-d99">
         <name>PRCMCC3200MCUInit</name>
         <value>0x2000ca91</value>
         <object_component_ref idref="oc-1d3"/>
      </symbol>
      <symbol id="sm-d9a">
         <name>PRCMHIBRegWrite</name>
         <value>0x2001228d</value>
         <object_component_ref idref="oc-2a5"/>
      </symbol>
      <symbol id="sm-d9b">
         <name>PRCMSysResetCauseGet</name>
         <value>0x200109cd</value>
         <object_component_ref idref="oc-29e"/>
      </symbol>
      <symbol id="sm-d9c">
         <name>PRCMPeripheralClkDisable</name>
         <value>0x20011d4d</value>
         <object_component_ref idref="oc-2bd"/>
      </symbol>
      <symbol id="sm-d9d">
         <name>PRCMHIBRegRead</name>
         <value>0x20012277</value>
         <object_component_ref idref="oc-2ab"/>
      </symbol>
      <symbol id="sm-de5">
         <name>TimerLoadSet</name>
         <value>0x20011ccf</value>
         <object_component_ref idref="oc-704"/>
      </symbol>
      <symbol id="sm-de6">
         <name>TimerDisable</name>
         <value>0x20011fcd</value>
         <object_component_ref idref="oc-6f8"/>
      </symbol>
      <symbol id="sm-de7">
         <name>TimerEnable</name>
         <value>0x20011feb</value>
         <object_component_ref idref="oc-72f"/>
      </symbol>
      <symbol id="sm-de8">
         <name>TimerIntDisable</name>
         <value>0x20012171</value>
         <object_component_ref idref="oc-993"/>
      </symbol>
      <symbol id="sm-de9">
         <name>TimerPrescaleSet</name>
         <value>0x20011cf9</value>
         <object_component_ref idref="oc-6fe"/>
      </symbol>
      <symbol id="sm-dea">
         <name>TimerControlStall</name>
         <value>0x200119a9</value>
         <object_component_ref idref="oc-70a"/>
      </symbol>
      <symbol id="sm-deb">
         <name>TimerIntEnable</name>
         <value>0x20012189</value>
         <object_component_ref idref="oc-723"/>
      </symbol>
      <symbol id="sm-dec">
         <name>TimerIntClear</name>
         <value>0x200123bb</value>
         <object_component_ref idref="oc-71a"/>
      </symbol>
      <symbol id="sm-e00">
         <name>UARTBusy</name>
         <value>0x200121a1</value>
         <object_component_ref idref="oc-a07"/>
      </symbol>
      <symbol id="sm-e01">
         <name>UARTIntEnable</name>
         <value>0x200121b9</value>
         <object_component_ref idref="oc-a89"/>
      </symbol>
      <symbol id="sm-e05">
         <name>UtilsDelay</name>
         <value>0x200125e5</value>
         <object_component_ref idref="oc-2a4"/>
      </symbol>
      <symbol id="sm-e15">
         <name>FlashDisable</name>
         <value>0x2001114d</value>
         <object_component_ref idref="oc-974"/>
      </symbol>
      <symbol id="sm-e44">
         <name>snprintf</name>
         <value>0x20011101</value>
         <object_component_ref idref="oc-229"/>
      </symbol>
      <symbol id="sm-e4e">
         <name>__aeabi_fmul</name>
         <value>0x20010493</value>
         <object_component_ref idref="oc-3ae"/>
      </symbol>
      <symbol id="sm-e58">
         <name>__aeabi_f2iz</name>
         <value>0x20011939</value>
         <object_component_ref idref="oc-3b3"/>
      </symbol>
      <symbol id="sm-e63">
         <name>__aeabi_i2f</name>
         <value>0x20011971</value>
         <object_component_ref idref="oc-3a9"/>
      </symbol>
      <symbol id="sm-e6c">
         <name>__aeabi_lmul</name>
         <value>0x20012231</value>
         <object_component_ref idref="oc-5ef"/>
      </symbol>
      <symbol id="sm-e87">
         <name>memcpy</name>
         <value>0x2000fc79</value>
         <object_component_ref idref="oc-3b"/>
      </symbol>
      <symbol id="sm-e88">
         <name>__aeabi_memcpy</name>
         <value>0x2000fc79</value>
         <object_component_ref idref="oc-3b"/>
      </symbol>
      <symbol id="sm-e89">
         <name>__aeabi_memcpy8</name>
         <value>0x2000fc79</value>
         <object_component_ref idref="oc-3b"/>
      </symbol>
      <symbol id="sm-e8a">
         <name>__aeabi_memcpy4</name>
         <value>0x2000fc79</value>
         <object_component_ref idref="oc-3b"/>
      </symbol>
      <symbol id="sm-e97">
         <name>__aeabi_uldivmod</name>
         <value>0x2000fe45</value>
         <object_component_ref idref="oc-5e4"/>
      </symbol>
      <symbol id="sm-ea9">
         <name>__TI_zero_init</name>
         <value>0x20012565</value>
         <object_component_ref idref="oc-4d"/>
      </symbol>
      <symbol id="sm-ec0">
         <name>__TI_decompress_none</name>
         <value>0x20012533</value>
         <object_component_ref idref="oc-1a"/>
      </symbol>
      <symbol id="sm-ee3">
         <name>__TI_decompress_lzss</name>
         <value>0x20010835</value>
         <object_component_ref idref="oc-14"/>
      </symbol>
      <symbol id="sm-f6c">
         <name>_sys_memory</name>
         <value>0x20004040</value>
         <object_component_ref idref="oc-2a"/>
      </symbol>
      <symbol id="sm-f6d">
         <name>free</name>
         <value>0x2000ee5d</value>
         <object_component_ref idref="oc-43d"/>
      </symbol>
      <symbol id="sm-f6e">
         <name>memalign</name>
         <value>0x2000ea71</value>
         <object_component_ref idref="oc-743"/>
      </symbol>
      <symbol id="sm-f6f">
         <name>malloc</name>
         <value>0x200125c1</value>
         <object_component_ref idref="oc-528"/>
      </symbol>
      <symbol id="sm-f70">
         <name>aligned_alloc</name>
         <value>0x2000ea71</value>
         <object_component_ref idref="oc-743"/>
      </symbol>
      <symbol id="sm-f82">
         <name>__stack</name>
         <value>0x20003000</value>
         <object_component_ref idref="oc-2d"/>
      </symbol>
      <symbol id="sm-f83">
         <name>_c_int00_noargs</name>
         <value>0x20011ec9</value>
         <object_component_ref idref="oc-c5"/>
      </symbol>
      <symbol id="sm-10e8">
         <name>__TI_printfi</name>
         <value>0x2000c041</value>
         <object_component_ref idref="oc-3bd"/>
      </symbol>
      <symbol id="sm-1108">
         <name>frexpl</name>
         <value>0x20010a89</value>
         <object_component_ref idref="oc-792"/>
      </symbol>
      <symbol id="sm-1109">
         <name>frexp</name>
         <value>0x20010a89</value>
         <object_component_ref idref="oc-792"/>
      </symbol>
      <symbol id="sm-1127">
         <name>scalbn</name>
         <value>0x2000ef41</value>
         <object_component_ref idref="oc-798"/>
      </symbol>
      <symbol id="sm-1128">
         <name>scalbnl</name>
         <value>0x2000ef41</value>
         <object_component_ref idref="oc-798"/>
      </symbol>
      <symbol id="sm-1129">
         <name>ldexpl</name>
         <value>0x2000ef41</value>
         <object_component_ref idref="oc-798"/>
      </symbol>
      <symbol id="sm-112a">
         <name>ldexp</name>
         <value>0x2000ef41</value>
         <object_component_ref idref="oc-798"/>
      </symbol>
      <symbol id="sm-1143">
         <name>wcslen</name>
         <value>0x200123df</value>
         <object_component_ref idref="oc-57f"/>
      </symbol>
      <symbol id="sm-114d">
         <name>__aeabi_idiv0</name>
         <value>0x20010e93</value>
         <object_component_ref idref="oc-7d6"/>
      </symbol>
      <symbol id="sm-114e">
         <name>__aeabi_ldiv0</name>
         <value>0x20010e93</value>
         <object_component_ref idref="oc-7d6"/>
      </symbol>
      <symbol id="sm-1165">
         <name>__aeabi_dsub</name>
         <value>0x2000d9ad</value>
         <object_component_ref idref="oc-772"/>
      </symbol>
      <symbol id="sm-1166">
         <name>__aeabi_dadd</name>
         <value>0x2000d9b7</value>
         <object_component_ref idref="oc-772"/>
      </symbol>
      <symbol id="sm-1188">
         <name>__aeabi_cdcmpeq</name>
         <value>0x20010109</value>
         <object_component_ref idref="oc-55c"/>
      </symbol>
      <symbol id="sm-1189">
         <name>__aeabi_cdcmple</name>
         <value>0x20010109</value>
         <object_component_ref idref="oc-55c"/>
      </symbol>
      <symbol id="sm-118a">
         <name>__aeabi_cdrcmple</name>
         <value>0x2001018f</value>
         <object_component_ref idref="oc-75d"/>
      </symbol>
      <symbol id="sm-119e">
         <name>__aeabi_ddiv</name>
         <value>0x2000e4b9</value>
         <object_component_ref idref="oc-758"/>
      </symbol>
      <symbol id="sm-11a9">
         <name>__aeabi_dmul</name>
         <value>0x2000ec6d</value>
         <object_component_ref idref="oc-753"/>
      </symbol>
      <symbol id="sm-11b3">
         <name>__aeabi_d2iz</name>
         <value>0x2001126d</value>
         <object_component_ref idref="oc-762"/>
      </symbol>
      <symbol id="sm-11bd">
         <name>__aeabi_i2d</name>
         <value>0x20011c49</value>
         <object_component_ref idref="oc-76d"/>
      </symbol>
      <symbol id="sm-11cc">
         <name>__aeabi_memset</name>
         <value>0x2001050f</value>
         <object_component_ref idref="oc-9d"/>
      </symbol>
      <symbol id="sm-11cd">
         <name>memset</name>
         <value>0x20010515</value>
         <object_component_ref idref="oc-9d"/>
      </symbol>
      <symbol id="sm-11ce">
         <name>__aeabi_memset8</name>
         <value>0x2001050f</value>
         <object_component_ref idref="oc-9d"/>
      </symbol>
      <symbol id="sm-11cf">
         <name>__aeabi_memset4</name>
         <value>0x2001050f</value>
         <object_component_ref idref="oc-9d"/>
      </symbol>
      <symbol id="sm-11d0">
         <name>__aeabi_memclr8</name>
         <value>0x2001050d</value>
         <object_component_ref idref="oc-9d"/>
      </symbol>
      <symbol id="sm-11d1">
         <name>__aeabi_memclr4</name>
         <value>0x2001050d</value>
         <object_component_ref idref="oc-9d"/>
      </symbol>
      <symbol id="sm-11d2">
         <name>__aeabi_memclr</name>
         <value>0x2001050d</value>
         <object_component_ref idref="oc-9d"/>
      </symbol>
      <symbol id="sm-11fa">
         <name>__TI_auto_init_nobinit_nopinit</name>
         <value>0x2001151d</value>
         <object_component_ref idref="oc-172"/>
      </symbol>
      <symbol id="sm-1204">
         <name>_system_pre_init</name>
         <value>0x200125f7</value>
         <object_component_ref idref="oc-114"/>
      </symbol>
      <symbol id="sm-1210">
         <name>C$$EXIT</name>
         <value>0x200125fb</value>
         <object_component_ref idref="oc-166"/>
      </symbol>
      <symbol id="sm-1211">
         <name>abort</name>
         <value>0x200125fb</value>
         <object_component_ref idref="oc-166"/>
      </symbol>
      <symbol id="sm-1226">
         <name>_nop</name>
         <value>0x2000f8a7</value>
         <object_component_ref idref="oc-3e8"/>
      </symbol>
      <symbol id="sm-1227">
         <name>_lock</name>
         <value>0x20012b94</value>
         <object_component_ref idref="oc-251"/>
      </symbol>
      <symbol id="sm-1228">
         <name>_unlock</name>
         <value>0x20012b98</value>
         <object_component_ref idref="oc-251"/>
      </symbol>
      <symbol id="sm-1237">
         <name>__TI_ltoa</name>
         <value>0x20010c9f</value>
         <object_component_ref idref="oc-767"/>
      </symbol>
      <symbol id="sm-124e">
         <name>atoi</name>
         <value>0x20011069</value>
         <object_component_ref idref="oc-550"/>
      </symbol>
      <symbol id="sm-1259">
         <name>_ctypes_</name>
         <value>0x20012bc0</value>
         <object_component_ref idref="oc-74c"/>
      </symbol>
      <symbol id="sm-1269">
         <name>memccpy</name>
         <value>0x2001205d</value>
         <object_component_ref idref="oc-579"/>
      </symbol>
      <symbol id="sm-1279">
         <name>strchr</name>
         <value>0x200122b9</value>
         <object_component_ref idref="oc-79e"/>
      </symbol>
      <symbol id="sm-1287">
         <name>strlen</name>
         <value>0x20012371</value>
         <object_component_ref idref="oc-54a"/>
      </symbol>
      <symbol id="sm-129d">
         <name>__aeabi_errno_addr</name>
         <value>0x200125b9</value>
         <object_component_ref idref="oc-585"/>
      </symbol>
      <symbol id="sm-129e">
         <name>errno</name>
         <value>0x20012bbc</value>
         <object_component_ref idref="oc-7ae"/>
      </symbol>
      <symbol id="sm-12a8">
         <name>copysign</name>
         <value>0x20012559</value>
         <object_component_ref idref="oc-914"/>
      </symbol>
      <symbol id="sm-12a9">
         <name>copysignl</name>
         <value>0x20012559</value>
         <object_component_ref idref="oc-914"/>
      </symbol>
      <symbol id="sm-12aa">
         <name>__TI_static_base__</name>
         <value>0x200134f8</value>
      </symbol>
      <symbol id="sm-12ad">
         <name>SetTimer</name>
         <value>0x0</value>
      </symbol>
      <symbol id="sm-12ae">
         <name>ITM_flush</name>
         <value>0x0</value>
      </symbol>
      <symbol id="sm-12af">
         <name>ITM_restore</name>
         <value>0x0</value>
      </symbol>
      <symbol id="sm-12b0">
         <name>__mpu_init</name>
         <value>0x0</value>
      </symbol>
      <symbol id="sm-12b1">
         <name>_system_post_cinit</name>
         <value>0x0</value>
      </symbol>
      <symbol id="sm-12b2">
         <name>NoRTOS_start</name>
         <value>0x200124fb</value>
      </symbol>
   </symbol_table>
   <title>Link errors: red sections failed placement</title>
</link_info>
